01-04 21:26:09.475: D/WifiStateMachine(937): 112: scan result = SSID: mtaas-atl14-cl3-50, BSSID: e0:ac:f1:c4:89:70, capabilities: [WPA2-PSK-CCMP][ESS], level: -85, frequency: 5240, timestamp: 18052888485, distance: ?(cm), distanceSd: ?(cm)
01-04 21:26:09.475: D/WifiStateMachine(937): 113: scan result = SSID: dops-mt19-50, BSSID: e0:ac:f1:c4:89:71, capabilities: [WPA2-PSK-CCMP][ESS], level: -85, frequency: 5240, timestamp: 18052888475, distance: ?(cm), distanceSd: ?(cm)
01-04 21:26:09.475: D/WifiStateMachine(937): add 114 to mScanResults
01-04 21:26:09.635: V/ScoreHelper(937): Only print Top 10 in ApScanList
01-04 21:26:09.635: V/ScoreHelper(937):  + ScoreResult:  92, AP:                     dops-mt24-50 [e0:ac:f1:c4:a8:90], Rssi: 15 [-47], Tx: 13, Freq:  4 [5200], Disconn: 50, Last Used: 10
01-04 21:26:09.635: V/ScoreHelper(937):  + ScoreResult:  92, AP:                     dops-mt24-50 [e0:ac:f1:c4:8d:d0], Rssi: 15 [-21], Tx: 13, Freq:  4 [5785], Disconn: 50, Last Used: 10
01-04 21:26:09.635: V/ScoreHelper(937):  + ScoreResult:  92, AP:                     dops-mt24-50 [e0:ac:f1:c4:ab:70], Rssi: 15 [-48], Tx: 13, Freq:  4 [5180], Disconn: 50, Last Used: 10
01-04 21:26:09.635: V/ScoreHelper(937):  + ScoreResult:  86, AP:                          dops-24 [e0:ac:f1:c4:ab:60], Rssi: 15 [-48], Tx: 13, Freq:  8 [2437], Disconn: 50, Last Used:  0
01-04 21:26:09.635: V/ScoreHelper(937):  + ScoreResult:  85, AP:                          dops-24 [e0:ac:f1:c4:a6:80], Rssi: 15 [-45], Tx: 13, Freq:  7 [2427], Disconn: 50, Last Used:  0
01-04 21:26:09.635: V/ScoreHelper(937):  + ScoreResult:  85, AP:                          dops-24 [e0:ac:f1:c4:e7:c0], Rssi: 15 [-59], Tx: 13, Freq:  7 [2432], Disconn: 50, Last Used:  0
01-04 21:26:09.635: V/ScoreHelper(937):  + ScoreResult:  85, AP:                          dops-24 [e0:ac:f1:c4:e2:80], Rssi: 15 [-62], Tx: 13, Freq:  7 [2457], Disconn: 50, Last Used:  0
01-04 21:26:09.635: V/ScoreHelper(937):  + ScoreResult:  85, AP:                          dops-24 [e0:ac:f1:c4:d5:20], Rssi: 15 [-52], Tx: 13, Freq:  7 [2452], Disconn: 50, Last Used:  0
01-04 21:26:09.635: V/ScoreHelper(937):  + ScoreResult:  85, AP:                          dops-24 [e0:ac:f1:c4:89:60], Rssi: 15 [-56], Tx: 13, Freq:  7 [2422], Disconn: 50, Last Used:  0
01-04 21:26:09.635: V/ScoreHelper(937):  + ScoreResult:  82, AP:                     dops-mt26-50 [e0:ac:f1:c4:b1:10], Rssi: 15 [-33], Tx: 13, Freq:  4 [5805], Disconn: 50, Last Used:  0
01-04 21:26:09.645: D/WifiStateMachine(937): fetchCapability(), capabilities = [WPA2-PSK-CCMP][ESS]
01-04 21:26:09.645: D/WifiStateMachine(937): fetchCapability(), capabilities = [WPA2-PSK-CCMP][ESS]
01-04 21:26:09.645: V/ScoreHelper(937):  + computeScore(dops-mt24-50): 3
01-04 21:26:09.645: D/WifiStateMachine(937): [ScoreAP] + No need to roam. Current AP is good.
01-04 21:26:09.645: D/WifiManager(3820): getScanResults enter 
01-04 21:26:09.645: D/WifiStateMachine(937): == begin of scan result ==
01-04 21:26:09.645: D/WifiStateMachine(937): == (114) end of scan result ==
01-04 21:26:09.645: D/WirelessDisplayService(937): getDiscoveryDongleList
01-04 21:26:09.645: D/BatSI(937): WIFI scan stopped for: 460a0220 uid:10053
01-04 21:26:09.645: D/ConnectivityService(937): getActiveNetworkInfo called by  (937/1000)
01-04 21:26:09.655: D/WifiStateMachine(937): == begin of scan result ==
01-04 21:26:09.655: D/WifiStateMachine(937): == (114) end of scan result ==
01-04 21:26:09.705: D/PMS(937): acquireWL(432a5988): PARTIAL_WAKE_LOCK  NlpWakeLock 0x1 3820 10029 null
01-04 21:26:09.705: D/PMS(937): releaseWL(432a5988): PARTIAL_WAKE_LOCK  NlpWakeLock 0x1 null
01-04 21:26:09.705: D/PMS(937): acquireWL(432a4c58): PARTIAL_WAKE_LOCK  GCoreFlp 0x1 3820 10029 null
01-04 21:26:09.705: D/PMS(937): acquireWL(4326e948): PARTIAL_WAKE_LOCK  NlpWakeLock 0x1 3820 10029 WorkSource{10084 com.google.android.googlequicksearchbox}
01-04 21:26:09.705: D/PMS(937): acquireWL(4326da30): PARTIAL_WAKE_LOCK  GCoreFlp 0x1 3820 10029 WorkSource{10029 com.google.android.gms}
01-04 21:26:09.705: D/PMS(937): releaseWL(4326e948): PARTIAL_WAKE_LOCK  NlpWakeLock 0x1 WorkSource{10084 com.google.android.googlequicksearchbox}
01-04 21:26:09.705: W/AlarmManager(937): Converted elapesd time is over 1 year! when = 315360016751
01-04 21:26:09.705: W/AlarmManager(937): Converted elapesd time is over 1 year! when = 315360016762
01-04 21:26:09.705: W/AlarmManager(937): Converted elapesd time is over 1 year! when = 315360017774
01-04 21:26:09.705: W/AlarmManager(937): Converted elapesd time is over 1 year! when = 315360113028
01-04 21:26:09.705: W/AlarmManager(937): Converted elapesd time is over 1 year! when = 315360113141
01-04 21:26:09.705: W/AlarmManager(937): Converted elapesd time is over 1 year! when = 315360113167
01-04 21:26:09.715: W/AlarmManager(937): Converted elapesd time is over 1 year! when = 315360113171
01-04 21:26:09.715: W/AlarmManager(937): Converted elapesd time is over 1 year! when = 315360113174
01-04 21:26:09.715: W/AlarmManager(937): Converted elapesd time is over 1 year! when = 315360113177
01-04 21:26:09.715: W/AlarmManager(937): Converted elapesd time is over 1 year! when = 315360113181
01-04 21:26:09.715: W/AlarmManager(937): Converted elapesd time is over 1 year! when = 315360114931
01-04 21:26:09.715: D/PMS(937): acquireWL(43265f78): PARTIAL_WAKE_LOCK  NlpWakeLock 0x1 3820 10029 WorkSource{10053 com.htc.sense.hsp}
01-04 21:26:09.715: D/PMS(937): releaseWL(43265f78): PARTIAL_WAKE_LOCK  NlpWakeLock 0x1 WorkSource{10053 com.htc.sense.hsp}
01-04 21:26:09.715: D/PMS(937): releaseWL(432a4c58): PARTIAL_WAKE_LOCK  GCoreFlp 0x1 null
01-04 21:26:09.715: D/LocationManagerService(937): incoming location from: network
01-04 21:26:09.715: D/LocationManagerService(937):  Report location to Reciever:  PackageName= com.htc.sense.hsp Request interval=+1s0ms
01-04 21:26:09.715: D/PMS(937): releaseWL(4326da30): PARTIAL_WAKE_LOCK  GCoreFlp 0x1 WorkSource{10029 com.google.android.gms}
01-04 21:26:09.725: D/AutoSetting(1260): service - onStartCommand() action: com.htc.app.autosetting.location
01-04 21:26:09.725: D/AutoSetting(1260): service - handleMessage() within range
01-04 21:26:09.725: D/PMS(937): acquireWL(4324c938): PARTIAL_WAKE_LOCK  LocationManagerService 0x1 937 1000 WorkSource{10053 com.htc.sense.hsp}
01-04 21:26:09.725: D/PMS(937): acquireWL(4324b168): PARTIAL_WAKE_LOCK  LocationManagerService 0x1 937 1000 WorkSource{1000 android}
01-04 21:26:09.725: D/PMS(937): acquireWL(43236ed0): PARTIAL_WAKE_LOCK  LocationManagerService 0x1 937 1000 WorkSource{1000 android}
01-04 21:26:09.725: W/AlarmManager(937): Converted elapesd time is over 1 year! when = 315360016751
01-04 21:26:09.725: W/AlarmManager(937): Converted elapesd time is over 1 year! when = 315360016762
01-04 21:26:09.725: W/AlarmManager(937): Converted elapesd time is over 1 year! when = 315360017774
01-04 21:26:09.725: W/AlarmManager(937): Converted elapesd time is over 1 year! when = 315360113028
01-04 21:26:09.725: W/AlarmManager(937): Converted elapesd time is over 1 year! when = 315360113141
01-04 21:26:09.725: W/AlarmManager(937): Converted elapesd time is over 1 year! when = 315360113167
01-04 21:26:09.725: W/AlarmManager(937): Converted elapesd time is over 1 year! when = 315360113171
01-04 21:26:09.725: D/PMS(937): acquireWL(43235f80): PARTIAL_WAKE_LOCK  LocationManagerService 0x1 937 1000 WorkSource{1000 android}
01-04 21:26:09.725: W/AlarmManager(937): Converted elapesd time is over 1 year! when = 315360113174
01-04 21:26:09.725: W/AlarmManager(937): Converted elapesd time is over 1 year! when = 315360113177
01-04 21:26:09.725: W/AlarmManager(937): Converted elapesd time is over 1 year! when = 315360113181
01-04 21:26:09.725: W/AlarmManager(937): Converted elapesd time is over 1 year! when = 315360114931
01-04 21:26:09.725: D/PMS(937): acquireWL(4322b2e8): PARTIAL_WAKE_LOCK  LocationManagerService 0x1 937 1000 WorkSource{10029 com.google.android.gms}
01-04 21:26:09.725: D/WifiService(937): releaseWifiLockLocked: WifiLock{NlpWifiLock type=2 binder=android.os.BinderProxy@431992e8}
01-04 21:26:09.725: D/PMS(937): releaseWL(42ff1958): PARTIAL_WAKE_LOCK  NlpWakeLock 0x1 WorkSource{10053 com.htc.sense.hsp}
01-04 21:26:09.725: D/PMS(937): acquireWL(432270b8): PARTIAL_WAKE_LOCK  LocationManagerService 0x1 937 1000 WorkSource{10029 com.google.android.gms}
01-04 21:26:09.725: D/PMS(937): acquireWL(43223e38): PARTIAL_WAKE_LOCK  LocationManagerService 0x1 937 1000 WorkSource{10053 com.htc.sense.hsp}
01-04 21:26:09.725: D/ConnectivityService(937): getActiveNetworkInfo called by com.htc.sense.hsp (1260/10053)
01-04 21:26:09.725: D/PMS(937): releaseWL(4324b168): PARTIAL_WAKE_LOCK  LocationManagerService 0x1 WorkSource{1000 android}
01-04 21:26:09.725: D/PMS(937): releaseWL(43235f80): PARTIAL_WAKE_LOCK  LocationManagerService 0x1 WorkSource{1000 android}
01-04 21:26:09.725: D/PMS(937): releaseWL(4324c938): PARTIAL_WAKE_LOCK  LocationManagerService 0x1 WorkSource{10053 com.htc.sense.hsp}
01-04 21:26:09.735: D/PMS(937): releaseWL(4322b2e8): PARTIAL_WAKE_LOCK  LocationManagerService 0x1 WorkSource{10029 com.google.android.gms}
01-04 21:26:09.735: D/PMS(937): releaseWL(432270b8): PARTIAL_WAKE_LOCK  LocationManagerService 0x1 WorkSource{10029 com.google.android.gms}
01-04 21:26:09.735: D/PMS(937): releaseWL(43236ed0): PARTIAL_WAKE_LOCK  LocationManagerService 0x1 WorkSource{1000 android}
01-04 21:26:09.735: D/PMS(937): releaseWL(43223e38): PARTIAL_WAKE_LOCK  LocationManagerService 0x1 WorkSource{10053 com.htc.sense.hsp}
01-04 21:26:09.755: I/GAV2(24314): Thread[GAThread,5,main]: No campaign data found.
01-04 21:26:12.185: D/PMS(937): acquireWL(43109a88): PARTIAL_WAKE_LOCK  AlarmManager 0x1 937 1000 WorkSource{1000}
01-04 21:26:12.185: V/AlarmManager(937): sending alarm PendingIntent{4344e4e0: PendingIntentRecord{4341fcc8 android broadcastIntent}}, i=com.android.internal.wifi.data-stall, t=3, cnt=1, w=18055719, Int=0
01-04 21:26:12.205: D/WifiDataStallTracker(937): onReceive: action=com.android.internal.wifi.data-stall
01-04 21:26:12.205: D/WifiDataStallTracker(937): onActionIntentDataStallAlarm: action=com.android.internal.wifi.data-stall
01-04 21:26:12.205: D/PMS(937): releaseWL(43109a88): PARTIAL_WAKE_LOCK  AlarmManager 0x1 WorkSource{1000}
01-04 21:26:12.215: D/WifiDataStallTracker(937): updateDataStallInfo: mDataStallTxRxSum={txSum=4763 rxSum=5077} preTxRxSum={txSum=4763 rxSum=5077}
01-04 21:26:12.215: D/WifiDataStallTracker(937): updateDataStallInfo: NONE
01-04 21:26:12.215: D/WifiDataStallTracker(937): onDataStallAlarm: tag=16190 Sent 2 pkts since last received, < watchdogTrigger=5
01-04 21:26:12.215: D/WifiDataStallTracker(937): startDataStallAlarm: tag=16191 delay=5s
01-04 21:26:12.335: D/WifiNative-wlan0(937): doString: SIGNAL_POLL
01-04 21:26:12.335: W/WifiHW(937): QCOM Debug wifi_send_command "IFNAME=wlan0 SIGNAL_POLL"
01-04 21:26:12.335: I/wpa_supplicant(19398): Recv Cmd 1: IFNAME=wlan0
01-04 21:26:12.355: E/wpa_supplicant(19398): send_and_recv error 0 - cmd 17
01-04 21:26:12.355: E/wpa_supplicant(19398): send_and_recv error 0 - cmd 5
01-04 21:26:12.355: D/wpa_supplicant(19398): nl80211: survey data missing!
01-04 21:26:12.355: E/wpa_supplicant(19398): send_and_recv error 0 - cmd 50
01-04 21:26:12.355: I/wpa_supplicant(19398): environment dirty rate=0 [0][0][0]
01-04 21:26:12.365: D/WifiStateMachine(937): fetchRssiAndLinkSpeedNative RSSI = -47 abnormalRssiCnt = 0 newLinkSpeed = 72
01-04 21:26:12.365: D/WifiStateMachine(937): fetchRssiAndLinkSpeedNative mLinkspeedCount = 1, mLinkspeedSum: 72
01-04 21:26:12.375: D/WifiNative-wlan0(937): doBoolean: SignalStrength 5
01-04 21:26:12.375: W/WifiHW(937): QCOM Debug wifi_send_command "IFNAME=wlan0 SignalStrength 5"
01-04 21:26:12.375: I/wpa_supplicant(19398): Recv Cmd 1: IFNAME=wlan0
01-04 21:26:12.375: D/wpa_supplicant(19398): WiFioffload: SignalStrength: =5
01-04 21:26:12.375: D/WifiNative-wlan0(937):    returned true
01-04 21:26:14.035: D/CustomizationManager(24533): ====startRecUseTime====
01-04 21:26:14.035: D/htc.customization.log.level(24533):  is 
01-04 21:26:14.035: W/CustomizationLogLevel(24533): Level value is invalid, use default level 2
01-04 21:26:14.145: D/CustomizationManager(24533):  Read ACC file spent 0,085 (s)
01-04 21:26:14.145: V/CustomizationCIDLoader(24533): full path : /system/customize/CID/default.xml
01-04 21:26:14.155: I/CustomizationCIDLoader(24533): Parsing tag category name = system
01-04 21:26:14.155: I/CustomizationCIDLoader(24533): Parsing tag category name = application
01-04 21:26:14.155: I/CustomizationCIDLoader(24533): Parsing tag category name = SettingsProvider
01-04 21:26:14.155: I/CustomizationCIDLoader(24533): Parsing tag category name = Settings
01-04 21:26:14.155: I/CustomizationCIDLoader(24533): Parsing tag category name = AutomotiveHome
01-04 21:26:14.155: I/CustomizationCIDLoader(24533): Parsing tag category name = AudioService
01-04 21:26:14.155: I/CustomizationCIDLoader(24533): Parsing tag category name = ACC
01-04 21:26:14.155: D/CustomizationManager(24533):  Read CID file spent 0,124 (s)
01-04 21:26:14.155: D/CustomizationManager(24533):  All configurations done spent 0,125 (s)
01-04 21:26:14.165: W/HtcNativeFlag(24533): Fail to get flag string for type 'customer', use default value
01-04 21:26:14.165: W/HtcNativeFlag(24533): Fail to get flag for type 'customer', use default value: -1
01-04 21:26:14.165: W/HtcNativeFlag(24533): Fail to get flag string for type 'language', use default value
01-04 21:26:14.165: W/HtcNativeFlag(24533): Fail to get flag for type 'language', use default value: -1
01-04 21:26:14.215: I/ActivityManager(937): Force stopping com.google.android.apps.mtaas.util appid=10009 user=0: start instr
01-04 21:26:14.225: I/ActivityManager(937): Start proc com.google.android.apps.mtaas.util for added application com.google.android.apps.mtaas.util: pid=24549 uid=10009 gids={50009, 1028, 1015, 3003, 5012}
01-04 21:26:14.265: D/LoginUtil(24549): Adding Account {name=AAD**************************************************m, type=com.google}
01-04 21:26:14.285: I/ActivityManager(937): Start proc com.google.android.apps.auth.test.support for service com.google.android.apps.auth.test.support/.services.AccountService: pid=24563 uid=10013 gids={50013, 3003, 5012, 1028, 1015}
01-04 21:26:14.315: I/ActivityManager(937): Cannot resolve ContentProvider=com.google.android.apps.common.testing.services.storage.testargs
01-04 21:26:14.315: W/AuthService(24563): [TestArgsHelper] Error when calling AndroidTestUtil.getTestArgs(). Note that this behavior might be expected.
01-04 21:26:14.315: E/ActivityThread(24563): Failed to find provider info for com.google.android.apps.common.testing.services.storage.testargs
01-04 21:26:14.345: W/dalvikvm(24563): VFY: unable to resolve virtual method 181: Landroid/content/pm/PackageManager;.getPackageInstaller ()Landroid/content/pm/PackageInstaller;
01-04 21:26:14.345: I/AuthService(24563): [AddAccountOperation] Call GmsCore API.
01-04 21:26:14.355: W/dalvikvm(3897): VFY: unable to resolve virtual method 1584: Landroid/accounts/AccountManager;.notifyAccountAuthenticated (Landroid/accounts/Account;)Z
01-04 21:26:14.365: W/dalvikvm(3897): VFY: unable to resolve virtual method 1588: Landroid/accounts/AccountManager;.removeAccountExplicitly (Landroid/accounts/Account;)Z
01-04 21:26:14.365: W/dalvikvm(3897): VFY: unable to resolve virtual method 26377: Ljava/util/Locale;.toLanguageTag ()Ljava/lang/String;
01-04 21:26:14.375: I/GoogleURLConnFactory(3897): Using platform SSLCertificateSocketFactory
01-04 21:26:14.375: E/BaseAppContext(3897): Tried to stop global GMSCore RequestQueue. This is likely unintended, so ignoring.
01-04 21:26:14.405: I/ActivityManager(937): Start proc com.google.android.gms.unstable for service com.google.android.gms/.droidguard.DroidGuardService: pid=24583 uid=10029 gids={50029, 3003, 5012, 1007, 1028, 1015, 3002, 3001, 3007, 2001, 3006}
01-04 21:26:14.435: W/dalvikvm(24583): VFY: unable to resolve static field 816 (PR_SET_DUMPABLE) in Landroid/system/OsConstants;
01-04 21:26:14.435: W/dalvikvm(24583): VFY: unable to resolve virtual method 2882: Landroid/os/PowerManager;.isInteractive ()Z
01-04 21:26:14.435: I/MultiDex(24583): VM with version 1.6.0 does not have multidex support
01-04 21:26:14.435: I/MultiDex(24583): install
01-04 21:26:14.445: I/MultiDex(24583): MultiDexExtractor.load(/data/app/com.google.android.gms-2.apk, false)
01-04 21:26:14.445: I/MultiDex(24583): loading existing secondary dex files
01-04 21:26:14.445: I/MultiDex(24583): load found 4 secondary dex files
01-04 21:26:14.445: I/MultiDex(24583): install done
01-04 21:26:14.465: W/dalvikvm(24583): VFY: unable to resolve static field 785 (SUPPORTED_ABIS) in Landroid/os/Build;
01-04 21:26:14.465: W/dalvikvm(24583): VFY: unable to resolve static field 785 (SUPPORTED_ABIS) in Landroid/os/Build;
01-04 21:26:14.465: W/dalvikvm(24583): VFY: unable to resolve instance field 719
01-04 21:26:14.465: W/dalvikvm(24583): VFY: unable to resolve virtual method 2232: Landroid/content/ContextWrapper;.createCredentialProtectedStorageContext ()Landroid/content/Context;
01-04 21:26:14.465: W/dalvikvm(24583): VFY: unable to resolve virtual method 2233: Landroid/content/ContextWrapper;.createDeviceProtectedStorageContext ()Landroid/content/Context;
01-04 21:26:14.465: V/JNIHelp(24583): Registering com/google/android/gms/org/conscrypt/NativeCrypto's 235 native methods...
01-04 21:26:14.475: E/dalvikvm(24583): Could not find class 'javax.net.ssl.SNIHostName', referenced from method com.google.android.gms.org.conscrypt.Platform.getSSLParameters
01-04 21:26:14.475: W/dalvikvm(24583): VFY: unable to resolve new-instance 3986 (Ljavax/net/ssl/SNIHostName;) in Lcom/google/android/gms/org/conscrypt/Platform;
01-04 21:26:14.475: E/dalvikvm(24583): Could not find class 'javax.net.ssl.SNIServerName', referenced from method com.google.android.gms.org.conscrypt.Platform.setSSLParameters
01-04 21:26:14.475: W/dalvikvm(24583): VFY: unable to resolve check-cast 3987 (Ljavax/net/ssl/SNIServerName;) in Lcom/google/android/gms/org/conscrypt/Platform;
01-04 21:26:14.475: W/dalvikvm(24583): Unable to resolve superclass of Lcom/google/android/gms/org/conscrypt/OpenSSLExtendedSessionImpl; (3977)
01-04 21:26:14.475: W/dalvikvm(24583): Link of class 'Lcom/google/android/gms/org/conscrypt/OpenSSLExtendedSessionImpl;' failed
01-04 21:26:14.475: E/dalvikvm(24583): Could not find class 'com.google.android.gms.org.conscrypt.OpenSSLExtendedSessionImpl', referenced from method com.google.android.gms.org.conscrypt.Platform.wrapSSLSession
01-04 21:26:14.475: W/dalvikvm(24583): VFY: unable to resolve new-instance 2470 (Lcom/google/android/gms/org/conscrypt/OpenSSLExtendedSessionImpl;) in Lcom/google/android/gms/org/conscrypt/Platform;
01-04 21:26:14.475: W/dalvikvm(24583): Unable to resolve superclass of Lcom/google/android/gms/org/conscrypt/OpenSSLExtendedSessionImpl; (3977)
01-04 21:26:14.475: W/dalvikvm(24583): Link of class 'Lcom/google/android/gms/org/conscrypt/OpenSSLExtendedSessionImpl;' failed
01-04 21:26:14.505: W/dalvikvm(24583): Unable to resolve superclass of Lcom/google/android/gms/org/conscrypt/OpenSSLExtendedSessionImpl; (3977)
01-04 21:26:14.505: W/dalvikvm(24583): Link of class 'Lcom/google/android/gms/org/conscrypt/OpenSSLExtendedSessionImpl;' failed
01-04 21:26:14.505: E/dalvikvm(24583): Could not find class 'com.google.android.gms.org.conscrypt.OpenSSLExtendedSessionImpl', referenced from method com.google.android.gms.org.conscrypt.SSLParametersImpl.getSessionToReuse
01-04 21:26:14.505: W/dalvikvm(24583): VFY: unable to resolve instanceof 2470 (Lcom/google/android/gms/org/conscrypt/OpenSSLExtendedSessionImpl;) in Lcom/google/android/gms/org/conscrypt/SSLParametersImpl;
01-04 21:26:14.545: I/ProviderInstaller(24583): Installed default security provider GmsCore_OpenSSL
01-04 21:26:14.585: W/dalvikvm(24583): VFY: unable to resolve virtual method 2339: Landroid/content/pm/PackageManager;.getPackageInstaller ()Landroid/content/pm/PackageInstaller;
01-04 21:26:14.615: W/dalvikvm(24583): VFY: unable to resolve virtual method 2187: Landroid/content/Context;.checkSelfPermission (Ljava/lang/String;)I
01-04 21:26:14.615: W/dalvikvm(24583): Link of class 'Liua;' failed
01-04 21:26:14.615: E/dalvikvm(24583): Could not find class 'iua', referenced from method itz.a
01-04 21:26:14.615: W/dalvikvm(24583): VFY: unable to resolve new-instance 3558 (Liua;) in Litz;
01-04 21:26:14.615: W/dalvikvm(24583): Link of class 'Liua;' failed
01-04 21:26:14.665: I/WVCdm(368): Level3 Library Nov 20 2013 18:09:31
01-04 21:26:14.665: D/DrmWidevineDash(368): calling OEMCrypto_Initialize, g_qsee_apps_version = 7
01-04 21:26:14.665: D/QSEECOMAPI:(368): QSEECom_get_handle sb_length = 0x19000
01-04 21:26:14.665: D/QSEECOMAPI:(368): App is already loaded QSEE and app id = 3
01-04 21:26:14.665: D/DrmWidevineDash(368): OEMCrypto_Initialize sion_buffer g_wv_fhandle->ion_sbuffer  0x0xb2f10000
01-04 21:26:14.665: E/DrmWidevineDash(368): sion_buffer g_wv_fhandle->ion_sbuffer  0x0xb2f10000
01-04 21:26:14.675: D/DrmWidevineDash(368): OEMCrypto_Initialize exit returns 0
01-04 21:26:14.675: D/DrmWidevineDash(368): calling OEMCrypto_APIVersion...
01-04 21:26:14.675: D/DrmWidevineDash(368): OEMCrypto_APIVersion = 8
01-04 21:26:14.675: D/DrmWidevineDash(368): calling OEMCrypto_IsKeyboxValid...
01-04 21:26:14.675: D/DrmWidevineDash(368): OEMCrypto_IsKeyboxValid returns 2147483647
01-04 21:26:14.675: W/WVCdm(368): Could not open /factory/wv.keys. Falling Back to L3.
01-04 21:26:14.685: I/WVCdm(368): CdmEngine::OpenSession
01-04 21:26:14.685: I/WVCdm(368): CdmEngine::QueryKeyControlInfo
01-04 21:26:14.685: I/WVCdm(368): CdmEngine::GenerateKeyRequest
01-04 21:26:14.685: D/WVCdm(368): LoadCertificatePrivateKey: OEMCrypto_LoadDeviceRSAKey error=30
01-04 21:26:14.685: E/WVCdm(368): CdmEngine::GenerateKeyRequest: key request generation failed, sts = 7
01-04 21:26:14.685: I/MediaDrm(24583): Drm event (1,0)
01-04 21:26:14.685: I/WVCdm(368): CdmEngine::CloseSession
01-04 21:26:14.705: W/dalvikvm(24583): VFY: unable to resolve virtual method 2706: Landroid/net/Network;.openConnection (Ljava/net/URL;)Ljava/net/URLConnection;
01-04 21:26:14.715: W/DG(24583): Waiting for device certificate provisioning.
01-04 21:26:14.715: W/DG(24583): mde: Waiting for provisioning response from server.
01-04 21:26:14.715: W/DG(24583): 	at mdc.a(:com.google.android.gms:152)
01-04 21:26:14.715: W/DG(24583): 	at lzv.run(:com.google.android.gms:1092)
01-04 21:26:14.715: W/DG(24583): 	at jaq.run(:com.google.android.gms:450)
01-04 21:26:14.715: W/DG(24583): 	at java.util.concurrent.ThreadPoolExecutor.runWorker(ThreadPoolExecutor.java:1112)
01-04 21:26:14.715: W/DG(24583): 	at java.util.concurrent.ThreadPoolExecutor$Worker.run(ThreadPoolExecutor.java:587)
01-04 21:26:14.715: W/DG(24583): 	at jew.run(:com.google.android.gms:17)
01-04 21:26:14.715: W/DG(24583): 	at java.lang.Thread.run(Thread.java:864)
01-04 21:26:14.725: W/dalvikvm(24583): VFY: unable to resolve virtual method 2882: Landroid/os/PowerManager;.isInteractive ()Z
01-04 21:26:14.735: D/libc(24583): [NET] getaddrinfo+,hn 18(0x7777772e676f6f),sn(),family 0,flags 4
01-04 21:26:14.735: D/libc(24583): [NET] getaddrinfo-,err=8
01-04 21:26:14.735: D/libc(24583): [NET] getaddrinfo+,hn 18(0x7777772e676f6f),sn(),family 0,flags 1024
01-04 21:26:14.735: D/libc(24583): [NET] getaddrinfo-, 1
01-04 21:26:14.735: D/libc(24583): [NET] getaddrinfo_proxy+
01-04 21:26:14.735: D/libc(360): [NET] getaddrinfo+,hn 18(0x7777772e676f6f),sn(),family 0,flags 1024
01-04 21:26:14.735: D/libc(360): [NET]_dns_getaddrinfo: iface= v4v6=11 method=1
01-04 21:26:14.735: D/libc(360): [NET] +++++ res_nsend xid =3c60 +++++
01-04 21:26:14.735: D/libc(360): [NET] res_nLookupCache: rstatp->iface =
01-04 21:26:14.735: D/libc(360): [NET] +++++ res_nsend xid =3c60 +++++
01-04 21:26:14.735: D/libc(360): [NET] res_nLookupCache: rstatp->iface =
01-04 21:26:14.735: D/libc(360): [NET]res_queryN: exit 3, ancount=7
01-04 21:26:14.735: D/libc(360): [NET]_dns_getaddrinfo-, (NS_SUCCESS)
01-04 21:26:14.735: D/libc(360): [NET] getaddrinfo-, SUCCESS
01-04 21:26:14.735: D/libc(24583): [NET] getaddrinfo_proxy-, success
01-04 21:26:14.745: D/libc(24583): [NET] getaddrinfo+,hn 18(0x7777772e676f6f),sn(),family 0,flags 4
01-04 21:26:14.745: D/libc(24583): [NET] getaddrinfo-,err=8
01-04 21:26:14.745: D/libc(24583): [NET] getaddrinfo+,hn 18(0x7777772e676f6f),sn(),family 0,flags 1024
01-04 21:26:14.745: D/libc(24583): [NET] getaddrinfo-, 1
01-04 21:26:14.745: D/libc(24583): [NET] getaddrinfo_proxy+
01-04 21:26:14.745: D/libc(360): [NET] getaddrinfo+,hn 18(0x7777772e676f6f),sn(),family 0,flags 1024
01-04 21:26:14.745: D/libc(360): [NET]_dns_getaddrinfo: iface= v4v6=11 method=1
01-04 21:26:14.745: D/libc(360): [NET] +++++ res_nsend xid =49f +++++
01-04 21:26:14.745: D/libc(360): [NET] res_nLookupCache: rstatp->iface =
01-04 21:26:14.745: D/libc(360): [NET] +++++ res_nsend xid =49f +++++
01-04 21:26:14.745: D/libc(360): [NET] res_nLookupCache: rstatp->iface =
01-04 21:26:14.745: D/libc(360): [NET]res_queryN: exit 3, ancount=7
01-04 21:26:14.745: D/libc(360): [NET]_dns_getaddrinfo-, (NS_SUCCESS)
01-04 21:26:14.745: D/libc(360): [NET] getaddrinfo-, SUCCESS
01-04 21:26:14.745: D/libc(24583): [NET] getaddrinfo_proxy-, success
01-04 21:26:14.755: D/libc(24583): [NET] getaddrinfo+,hn 18(0x7777772e676f6f),sn(),family 0,flags 4
01-04 21:26:14.755: D/libc(24583): [NET] getaddrinfo-,err=8
01-04 21:26:14.755: D/libc(24583): [NET] getaddrinfo+,hn 18(0x7777772e676f6f),sn(),family 0,flags 4
01-04 21:26:14.755: D/libc(24583): [NET] getaddrinfo-,err=8
01-04 21:26:14.895: E/DG.WV(24583): Could not communicate with the provisioning server.
01-04 21:26:14.895: E/DG.WV(24583): java.io.IOException: Received status code [400] instead of [200].
01-04 21:26:14.895: E/DG.WV(24583): 	at mac.a(:com.google.android.gms:79)
01-04 21:26:14.895: E/DG.WV(24583): 	at mac.a(:com.google.android.gms:53)
01-04 21:26:14.895: E/DG.WV(24583): 	at mdd.run(:com.google.android.gms:1058)
01-04 21:26:15.345: D/WIFI_ICON(1153): WifiActivity: 3
01-04 21:26:15.345: D/StatusBar.NetworkController(1153): dumpIcon[(gone) stat_sys_5signal_null|null stat_sys_wifi_signal_inandout_4 stat_sys_no_sim F]
01-04 21:26:15.395: D/WifiNative-wlan0(937): doString: SIGNAL_POLL
01-04 21:26:15.395: W/WifiHW(937): QCOM Debug wifi_send_command "IFNAME=wlan0 SIGNAL_POLL"
01-04 21:26:15.395: I/wpa_supplicant(19398): Recv Cmd 1: IFNAME=wlan0
01-04 21:26:15.405: E/wpa_supplicant(19398): send_and_recv error 0 - cmd 17
01-04 21:26:15.405: E/wpa_supplicant(19398): send_and_recv error 0 - cmd 5
01-04 21:26:15.405: D/wpa_supplicant(19398): nl80211: survey data missing!
01-04 21:26:15.405: E/wpa_supplicant(19398): send_and_recv error 0 - cmd 50
01-04 21:26:15.405: I/wpa_supplicant(19398): environment dirty rate=37 [40][15][0]
01-04 21:26:15.405: D/WifiStateMachine(937): fetchRssiAndLinkSpeedNative RSSI = -47 abnormalRssiCnt = 0 newLinkSpeed = 72
01-04 21:26:15.405: D/WifiStateMachine(937): fetchRssiAndLinkSpeedNative mLinkspeedCount = 2, mLinkspeedSum: 144
01-04 21:26:15.405: D/WifiNative-wlan0(937): doBoolean: SignalStrength 5
01-04 21:26:15.405: W/WifiHW(937): QCOM Debug wifi_send_command "IFNAME=wlan0 SignalStrength 5"
01-04 21:26:15.405: I/wpa_supplicant(19398): Recv Cmd 1: IFNAME=wlan0
01-04 21:26:15.405: D/wpa_supplicant(19398): WiFioffload: SignalStrength: =5
01-04 21:26:15.415: D/WifiNative-wlan0(937):    returned true
01-04 21:26:15.555: W/Settings(24583): Setting install_non_market_apps has moved from android.provider.Settings.Secure to android.provider.Settings.Global.
01-04 21:26:15.835: I/Adreno-EGL(24583): <qeglDrvAPI_eglInitialize:410>: EGL 1.4 QUALCOMM build: LNXBUILD_AU_LINUX_ANDROID_LNX.LA.3.5.2_RB1.04.04.04.065.063+PATCH[ES]_msm8974_LNX.LA.3.5.2_RB1__release_ENGG ()
01-04 21:26:15.835: I/Adreno-EGL(24583): OpenGL ES Shader Compiler Version: E031.24.00.15
01-04 21:26:15.835: I/Adreno-EGL(24583): Build Date: 08/20/14 Wed
01-04 21:26:15.835: I/Adreno-EGL(24583): Local Branch: 
01-04 21:26:15.835: I/Adreno-EGL(24583): Remote Branch: quic/LNX.LA.3.5.2_RB1.1
01-04 21:26:15.835: I/Adreno-EGL(24583): Local Patches: fa67edb65fbf69cb5234ae2bcc538eb1f8b3106f Merge "Merge 8321506a9621bb2db22bbee0437ee305ff48d56b on remote branch"
01-04 21:26:15.835: I/Adreno-EGL(24583):                  8068589ab0e151c6affde21602927413d2468099 Merge 8321506a9621bb2db22bbee0437ee305ff48d56b on remote bran
01-04 21:26:15.875: I/Adreno-EGL(24583): <qeglDrvAPI_eglInitialize:410>: EGL 1.4 QUALCOMM build: LNXBUILD_AU_LINUX_ANDROID_LNX.LA.3.5.2_RB1.04.04.04.065.063+PATCH[ES]_msm8974_LNX.LA.3.5.2_RB1__release_ENGG ()
01-04 21:26:15.875: I/Adreno-EGL(24583): OpenGL ES Shader Compiler Version: E031.24.00.15
01-04 21:26:15.875: I/Adreno-EGL(24583): Build Date: 08/20/14 Wed
01-04 21:26:15.875: I/Adreno-EGL(24583): Local Branch: 
01-04 21:26:15.875: I/Adreno-EGL(24583): Remote Branch: quic/LNX.LA.3.5.2_RB1.1
01-04 21:26:15.875: I/Adreno-EGL(24583): Local Patches: fa67edb65fbf69cb5234ae2bcc538eb1f8b3106f Merge "Merge 8321506a9621bb2db22bbee0437ee305ff48d56b on remote branch"
01-04 21:26:15.875: I/Adreno-EGL(24583):                  8068589ab0e151c6affde21602927413d2468099 Merge 8321506a9621bb2db22bbee0437ee305ff48d56b on remote bran
01-04 21:26:15.905: D/ConnectivityService(937): getActiveNetworkInfo called by com.google.android.gms (24583/10029)
01-04 21:26:15.955: I/Adreno-EGL(24583): <qeglDrvAPI_eglInitialize:410>: EGL 1.4 QUALCOMM build: LNXBUILD_AU_LINUX_ANDROID_LNX.LA.3.5.2_RB1.04.04.04.065.063+PATCH[ES]_msm8974_LNX.LA.3.5.2_RB1__release_ENGG ()
01-04 21:26:15.955: I/Adreno-EGL(24583): OpenGL ES Shader Compiler Version: E031.24.00.15
01-04 21:26:15.955: I/Adreno-EGL(24583): Build Date: 08/20/14 Wed
01-04 21:26:15.955: I/Adreno-EGL(24583): Local Branch: 
01-04 21:26:15.955: I/Adreno-EGL(24583): Remote Branch: quic/LNX.LA.3.5.2_RB1.1
01-04 21:26:15.955: I/Adreno-EGL(24583): Local Patches: fa67edb65fbf69cb5234ae2bcc538eb1f8b3106f Merge "Merge 8321506a9621bb2db22bbee0437ee305ff48d56b on remote branch"
01-04 21:26:15.955: I/Adreno-EGL(24583):                  8068589ab0e151c6affde21602927413d2468099 Merge 8321506a9621bb2db22bbee0437ee305ff48d56b on remote bran
01-04 21:26:15.995: D/libc(3897): [NET] getaddrinfo+,hn 26(0x616e64726f6964),sn(),family 0,flags 4
01-04 21:26:15.995: D/libc(3897): [NET] getaddrinfo-,err=8
01-04 21:26:15.995: V/NativeCrypto(3897): SSL shutdown failed: ssl=0x7af234d8: I/O error during system call, Connection timed out
01-04 21:26:15.995: D/libc(3897): [NET] getaddrinfo+,hn 26(0x616e64726f6964),sn(),family 0,flags 1024
01-04 21:26:15.995: D/libc(3897): [NET] getaddrinfo-, 1
01-04 21:26:15.995: D/libc(3897): [NET] getaddrinfo_proxy+
01-04 21:26:15.995: V/NativeCrypto(3897): SSL shutdown failed: ssl=0x7af2d1a8: I/O error during system call, Connection timed out
01-04 21:26:15.995: D/libc(360): [NET] getaddrinfo+,hn 26(0x616e64726f6964),sn(),family 0,flags 1024
01-04 21:26:15.995: D/libc(360): [NET]_dns_getaddrinfo: iface= v4v6=11 method=1
01-04 21:26:15.995: D/libc(360): [NET] +++++ res_nsend xid =5f9a +++++
01-04 21:26:15.995: D/libc(360): [NET] res_nLookupCache: rstatp->iface =
01-04 21:26:15.995: D/libc(360): [NET] NOT IN CACHE
01-04 21:26:16.025: D/libc(360): [NET][SMD][v0204] Extended TTL = 43200, original TTL = 31
01-04 21:26:16.025: D/libc(360): [NET]res_nsend:resplen=118
01-04 21:26:16.025: D/libc(360): [NET] +++++ res_nsend xid =5f9a +++++
01-04 21:26:16.025: D/libc(360): [NET] res_nLookupCache: rstatp->iface =wlan0
01-04 21:26:16.025: D/libc(360): [NET][SMD] Cache EXPIRED (STALE ENTRY 0xb83f93c0 DISCARDED) or need renew
01-04 21:26:16.025: D/libc(360): [NET] entry_id:7   entry:0xb83f93c0  removed 
01-04 21:26:16.025: D/libc(360): [NET][SMD][v0204] Extended TTL = 43200, original TTL = 31
01-04 21:26:16.025: D/libc(360): [NET]res_nsend:resplen=84
01-04 21:26:16.025: D/libc(360): [NET]res_queryN: exit 3, ancount=3
01-04 21:26:16.025: D/libc(360): [NET]_dns_getaddrinfo-, (NS_SUCCESS)
01-04 21:26:16.025: D/libc(360): [NET] getaddrinfo-, SUCCESS
01-04 21:26:16.025: D/libc(3897): [NET] getaddrinfo_proxy-, success
01-04 21:26:16.025: D/libc(3897): [NET] getaddrinfo+,hn 26(0x616e64726f6964),sn(),family 0,flags 4
01-04 21:26:16.025: D/libc(3897): [NET] getaddrinfo-,err=8
01-04 21:26:16.035: W/Conscrypt(3897): Could not set socket write timeout: null
01-04 21:26:16.085: W/Conscrypt(3897): Could not set socket write timeout: null
01-04 21:26:16.205: I/AccountManagerService(937): the accounts changed, sending broadcast of android.accounts.LOGIN_ACCOUNTS_CHANGED
01-04 21:26:16.235: I/ActivityManager(937): Start proc com.htc.sense.socialplugins for broadcast com.htc.sense.socialnetwork.googleplus/com.htc.socialnetwork.googleplus.remote.GooglePlusReceiver: pid=24621 uid=10025 gids={50025, 3003, 5012}
01-04 21:26:16.245: I/AccountManagerService(937): the accounts changed, sending broadcast of android.accounts.LOGIN_ACCOUNTS_CHANGED
01-04 21:26:16.255: D/ConnectivityService(937): getActiveNetworkInfo called by  (937/1000)
01-04 21:26:16.255: D/PMS(937): acquireWL(42e1f1a0): PARTIAL_WAKE_LOCK  SyncLoopWakeLock 0x1 937 1000 null
01-04 21:26:16.295: D/GooglePlusReceiver(24621): action android.accounts.LOGIN_ACCOUNTS_CHANGED
01-04 21:26:16.305: D/GooglePlusAccountService(24621): action android.accounts.LOGIN_ACCOUNTS_CHANGED
01-04 21:26:16.305: D/PMS(937): releaseWL(42e1f1a0): PARTIAL_WAKE_LOCK  SyncLoopWakeLock 0x1 null
01-04 21:26:16.305: I/ActivityManager(937): Start proc com.google.android.music:main for broadcast com.google.android.music/.AccountsBroadcastReceiver: pid=24634 uid=10159 gids={50159, 3003, 5012, 1028, 1015}
01-04 21:26:16.305: D/ConnectivityService(937): getActiveNetworkInfo called by  (937/1000)
01-04 21:26:16.315: D/PMS(937): acquireWL(4281e590): PARTIAL_WAKE_LOCK  SyncLoopWakeLock 0x1 937 1000 null
01-04 21:26:16.315: D/PMS(937): releaseWL(4281e590): PARTIAL_WAKE_LOCK  SyncLoopWakeLock 0x1 null
01-04 21:26:16.345: D/ConnectivityService(937): getActiveNetworkInfo called by  (937/1000)
01-04 21:26:16.345: D/PMS(937): acquireWL(4295f2b0): PARTIAL_WAKE_LOCK  SyncLoopWakeLock 0x1 937 1000 null
01-04 21:26:16.355: D/WifiNative-wlan0(937): doString: SIGNAL_POLL
01-04 21:26:16.355: W/WifiHW(937): QCOM Debug wifi_send_command "IFNAME=wlan0 SIGNAL_POLL"
01-04 21:26:16.355: I/wpa_supplicant(19398): Recv Cmd 1: IFNAME=wlan0
01-04 21:26:16.355: I/Auth(3897): [BroadcastManager] Broadcasting account services changed.
01-04 21:26:16.355: E/wpa_supplicant(19398): send_and_recv error 0 - cmd 17
01-04 21:26:16.355: E/wpa_supplicant(19398): send_and_recv error 0 - cmd 5
01-04 21:26:16.355: D/wpa_supplicant(19398): nl80211: survey data missing!
01-04 21:26:16.355: E/wpa_supplicant(19398): send_and_recv error 0 - cmd 50
01-04 21:26:16.355: I/wpa_supplicant(19398): environment dirty rate=0 [19][0][0]
01-04 21:26:16.355: D/WifiNative-wlan0(937): doString: SIGNAL_POLL
01-04 21:26:16.365: W/WifiHW(937): QCOM Debug wifi_send_command "IFNAME=wlan0 SIGNAL_POLL"
01-04 21:26:16.365: I/wpa_supplicant(19398): Recv Cmd 1: IFNAME=wlan0
01-04 21:26:16.365: E/wpa_supplicant(19398): send_and_recv error 0 - cmd 17
01-04 21:26:16.365: E/wpa_supplicant(19398): send_and_recv error 0 - cmd 5
01-04 21:26:16.365: D/wpa_supplicant(19398): nl80211: survey data missing!
01-04 21:26:16.365: E/wpa_supplicant(19398): send_and_recv error 0 - cmd 50
01-04 21:26:16.365: I/wpa_supplicant(19398): environment dirty rate=0 [0][0][0]
01-04 21:26:16.375: I/AuthService(24563): [AddAccountOperation] Succeeded.
01-04 21:26:16.375: I/iu.SyncManager(3841): account change detect - update database
01-04 21:26:16.375: I/iu.SyncManager(3841): SYNC; picasa accounts
01-04 21:26:16.375: D/WifiNative-wlan0(937): doString: SIGNAL_POLL
01-04 21:26:16.375: W/WifiHW(937): QCOM Debug wifi_send_command "IFNAME=wlan0 SIGNAL_POLL"
01-04 21:26:16.375: I/wpa_supplicant(19398): Recv Cmd 1: IFNAME=wlan0
01-04 21:26:16.375: E/wpa_supplicant(19398): send_and_recv error 0 - cmd 17
01-04 21:26:16.375: E/wpa_supplicant(19398): send_and_recv error 0 - cmd 5
01-04 21:26:16.375: D/wpa_supplicant(19398): nl80211: survey data missing!
01-04 21:26:16.375: E/wpa_supplicant(19398): send_and_recv error 0 - cmd 50
01-04 21:26:16.375: I/wpa_supplicant(19398): environment dirty rate=0 [0][0][0]
01-04 21:26:16.375: D/WifiNative-wlan0(937): doString: SIGNAL_POLL
01-04 21:26:16.375: W/WifiHW(937): QCOM Debug wifi_send_command "IFNAME=wlan0 SIGNAL_POLL"
01-04 21:26:16.375: I/wpa_supplicant(19398): Recv Cmd 1: IFNAME=wlan0
01-04 21:26:16.375: E/wpa_supplicant(19398): send_and_recv error 0 - cmd 17
01-04 21:26:16.375: E/wpa_supplicant(19398): send_and_recv error 0 - cmd 5
01-04 21:26:16.375: D/wpa_supplicant(19398): nl80211: survey data missing!
01-04 21:26:16.375: E/wpa_supplicant(19398): send_and_recv error 0 - cmd 50
01-04 21:26:16.375: I/wpa_supplicant(19398): environment dirty rate=0 [0][0][0]
01-04 21:26:16.385: D/ConnectivityService(937): getActiveNetworkInfo called by com.google.android.googlequicksearchbox (2177/10084)
01-04 21:26:16.395: I/iu.SyncManager(3841): account change detect - update database
01-04 21:26:16.395: I/iu.SyncManager(3841): SYNC; picasa accounts
01-04 21:26:16.395: D/GooglePlusAccountService(24621): clear data start
01-04 21:26:16.395: D/PMS(937): acquireWL(4276abe8): PARTIAL_WAKE_LOCK  Icing 0x1 3841 10029 WorkSource{10029 com.google.android.gms}
01-04 21:26:16.415: I/ContactsProvider(1333): Accounts changed
01-04 21:26:16.415: I/HtcCustomOpenHelper(1333): getMyContactIds mMyContactCardRawId: 9223372034707292161
01-04 21:26:16.415: I/MusicStore(24634): Database version: 91
01-04 21:26:16.415: I/HtcCustomOpenHelper(1333): getMyContactIds mMyContactCardId: 9223372034707292161
01-04 21:26:16.425: W/ContextImpl(24634): Implicit intents with startService are not safe: Intent { act=com.google.android.music.PREFERENCE_SERVICE } android.content.ContextWrapper.bindService:524 com.google.android.music.utils.SafeServiceConnection$ServiceConnectionImp.bindService:98 com.google.android.music.utils.SafeServiceConnection.bindService:259 
01-04 21:26:16.435: E/GCoreUlr(3820): Create new device tag of -146948771 without device reboot
01-04 21:26:16.445: W/ContextImpl(24634): Implicit intents with startService are not safe: Intent { act=com.google.android.music.NETWORK_MONITOR_SERVICE } android.content.ContextWrapper.bindService:524 com.google.android.music.utils.SafeServiceConnection$ServiceConnectionImp.bindService:98 com.google.android.music.utils.SafeServiceConnection.bindService:259 
01-04 21:26:16.465: E/cutils(350): Failed to mkdirat(/storage/ext_sd/Android): Read-only file system
01-04 21:26:16.465: W/ContextImpl(24634): Failed to ensure directory: /storage/ext_sd/Android/data/com.google.android.music/files
01-04 21:26:16.465: W/Vold(350): Returning OperationFailed - no handler for errno 30
01-04 21:26:16.475: I/j(24621): applyBatchAndReset completed 3 ops successfully.
01-04 21:26:16.485: D/GooglePlusAccountService(24621): clear data done
01-04 21:26:16.485: D/GooglePlusAccountService(24621): add account and sso
01-04 21:26:16.485: D/GooglePlusAccountService(24621): size: 1
01-04 21:26:16.505: D/PMS(937): acquireWL(42ee6390): PARTIAL_WAKE_LOCK  *sync*/com.google.android.gms.games/com.google/***** 0x1 937 1000 WorkSource{10029}
01-04 21:26:16.515: E/cutils(350): Failed to mkdirat(/storage/ext_sd/Android): Read-only file system
01-04 21:26:16.515: W/ContextImpl(24634): Failed to ensure directory: /storage/ext_sd/Android/data/com.google.android.music/files
01-04 21:26:16.515: E/cutils(350): Failed to mkdirat(/storage/ext_sd/Android): Read-only file system
01-04 21:26:16.515: W/ContextImpl(24634): Failed to ensure directory: /storage/ext_sd/Android/data/com.google.android.music/files
01-04 21:26:16.515: W/Vold(350): Returning OperationFailed - no handler for errno 30
01-04 21:26:16.515: W/Vold(350): Returning OperationFailed - no handler for errno 30
01-04 21:26:16.515: I/PackageManager(937):  setEnabledSetting(), pkgName=com.google.android.music, clsName=com.android.music.MediaAppWidgetProvider, state=1, flag=1, pid=24634, uid=10159, userID:0
01-04 21:26:16.535: D/WifiDisplayAdapter(937): getWifiDisplayStatusLocked: result=WifiDisplayStatus{featureState=3, scanState=0, activeDisplayState=0, activeDisplay=null, displays=[], sessionInfo=WifiDisplaySessionInfo:
01-04 21:26:16.535: D/WifiDisplayAdapter(937):     Client/Owner: Client
01-04 21:26:16.535: D/WifiDisplayAdapter(937):     GroupId: 
01-04 21:26:16.535: D/WifiDisplayAdapter(937):     Passphrase: 
01-04 21:26:16.535: D/WifiDisplayAdapter(937):     SessionId: 0
01-04 21:26:16.535: D/WifiDisplayAdapter(937):     IP Address: }
01-04 21:26:16.535: D/MediaRouterService(937): Client com.google.android.music (pid 24634): Registered
01-04 21:26:16.535: I/MediaRouter(24634): Found default route: MediaRouter.RouteInfo{ uniqueId=android/.support.v7.media.SystemMediaRouteProvider:DEFAULT_ROUTE, name=Kopfhrer, description=null, enabled=true, connecting=false, playbackType=0, playbackStream=3, volumeHandling=1, volume=7, volumeMax=15, presentationDisplayId=-1, extras=null, providerPackageName=android }
01-04 21:26:16.535: D/WifiDisplayAdapter(937): getWifiDisplayStatusLocked: result=WifiDisplayStatus{featureState=3, scanState=0, activeDisplayState=0, activeDisplay=null, displays=[], sessionInfo=WifiDisplaySessionInfo:
01-04 21:26:16.535: D/WifiDisplayAdapter(937):     Client/Owner: Client
01-04 21:26:16.535: D/WifiDisplayAdapter(937):     GroupId: 
01-04 21:26:16.535: D/WifiDisplayAdapter(937):     Passphrase: 
01-04 21:26:16.535: D/WifiDisplayAdapter(937):     SessionId: 0
01-04 21:26:16.535: D/WifiDisplayAdapter(937):     IP Address: }
01-04 21:26:16.545: D/GooglePlusProvider(24621): notify when insert
01-04 21:26:16.545: D/a(24621): cancelNotAuthorizedNTF
01-04 21:26:16.545: D/GooglePlusAccountService(24621): showNotAuthorizedNTF
01-04 21:26:16.545: D/a(24621): cancelNotAuthorizedNTF
01-04 21:26:16.545: I/ActivityManager(937): Delaying start of: ServiceRecord{435d6c08 u0 com.google.android.music/.tutorial.SignupStatus$SignupCheckService}
01-04 21:26:16.545: I/ActivityManager(937): Delay finish: com.google.android.music/.AccountsBroadcastReceiver
01-04 21:26:16.555: D/GooglePlusAccountService(24621): onReceive finished
01-04 21:26:16.555: D/ConnectivityService(937): getActiveNetworkInfo called by com.google.android.music (24634/10159)
01-04 21:26:16.565: D/WifiNative-wlan0(937): doString: SIGNAL_POLL
01-04 21:26:16.565: W/WifiHW(937): QCOM Debug wifi_send_command "IFNAME=wlan0 SIGNAL_POLL"
01-04 21:26:16.565: I/wpa_supplicant(19398): Recv Cmd 1: IFNAME=wlan0
01-04 21:26:16.565: W/AlarmManager(937): Converted elapesd time is over 1 year! when = 315360016751
01-04 21:26:16.565: W/AlarmManager(937): Converted elapesd time is over 1 year! when = 315360016762
01-04 21:26:16.565: W/AlarmManager(937): Converted elapesd time is over 1 year! when = 315360017774
01-04 21:26:16.565: W/AlarmManager(937): Converted elapesd time is over 1 year! when = 315360113028
01-04 21:26:16.565: W/AlarmManager(937): Converted elapesd time is over 1 year! when = 315360113141
01-04 21:26:16.565: W/AlarmManager(937): Converted elapesd time is over 1 year! when = 315360113167
01-04 21:26:16.575: W/AlarmManager(937): Converted elapesd time is over 1 year! when = 315360113171
01-04 21:26:16.575: W/AlarmManager(937): Converted elapesd time is over 1 year! when = 315360113174
01-04 21:26:16.575: W/AlarmManager(937): Converted elapesd time is over 1 year! when = 315360113177
01-04 21:26:16.575: W/AlarmManager(937): Converted elapesd time is over 1 year! when = 315360113181
01-04 21:26:16.575: W/AlarmManager(937): Converted elapesd time is over 1 year! when = 315360114931
01-04 21:26:16.575: D/PMS(937): releaseWL(4295f2b0): PARTIAL_WAKE_LOCK  SyncLoopWakeLock 0x1 null
01-04 21:26:16.575: D/ConnectivityService(937): getActiveNetworkInfo called by  (937/1000)
01-04 21:26:16.575: E/wpa_supplicant(19398): send_and_recv error 0 - cmd 17
01-04 21:26:16.575: E/wpa_supplicant(19398): send_and_recv error 0 - cmd 5
01-04 21:26:16.575: D/wpa_supplicant(19398): nl80211: survey data missing!
01-04 21:26:16.575: E/wpa_supplicant(19398): send_and_recv error 0 - cmd 50
01-04 21:26:16.575: I/wpa_supplicant(19398): environment dirty rate=0 [0][0][0]
01-04 21:26:16.575: D/WifiNative-wlan0(937): doString: SIGNAL_POLL
01-04 21:26:16.575: W/WifiHW(937): QCOM Debug wifi_send_command "IFNAME=wlan0 SIGNAL_POLL"
01-04 21:26:16.575: I/wpa_supplicant(19398): Recv Cmd 1: IFNAME=wlan0
01-04 21:26:16.575: D/PMS(937): acquireWL(42954dd8): PARTIAL_WAKE_LOCK  SyncLoopWakeLock 0x1 937 1000 null
01-04 21:26:16.585: E/wpa_supplicant(19398): send_and_recv error 0 - cmd 17
01-04 21:26:16.585: E/wpa_supplicant(19398): send_and_recv error 0 - cmd 5
01-04 21:26:16.585: D/wpa_supplicant(19398): nl80211: survey data missing!
01-04 21:26:16.585: E/wpa_supplicant(19398): send_and_recv error 0 - cmd 50
01-04 21:26:16.585: I/wpa_supplicant(19398): environment dirty rate=0 [0][0][0]
01-04 21:26:16.585: D/WifiNative-wlan0(937): doString: SIGNAL_POLL
01-04 21:26:16.585: W/WifiHW(937): QCOM Debug wifi_send_command "IFNAME=wlan0 SIGNAL_POLL"
01-04 21:26:16.585: I/wpa_supplicant(19398): Recv Cmd 1: IFNAME=wlan0
01-04 21:26:16.585: E/wpa_supplicant(19398): send_and_recv error 0 - cmd 17
01-04 21:26:16.585: E/wpa_supplicant(19398): send_and_recv error 0 - cmd 5
01-04 21:26:16.585: D/wpa_supplicant(19398): nl80211: survey data missing!
01-04 21:26:16.585: E/wpa_supplicant(19398): send_and_recv error 0 - cmd 50
01-04 21:26:16.585: I/wpa_supplicant(19398): environment dirty rate=0 [0][0][0]
01-04 21:26:16.585: D/WifiNative-wlan0(937): doString: SIGNAL_POLL
01-04 21:26:16.585: W/WifiHW(937): QCOM Debug wifi_send_command "IFNAME=wlan0 SIGNAL_POLL"
01-04 21:26:16.585: I/wpa_supplicant(19398): Recv Cmd 1: IFNAME=wlan0
01-04 21:26:16.595: D/MediaRouter(24634): getSelectedRoute
01-04 21:26:16.595: E/wpa_supplicant(19398): send_and_recv error 0 - cmd 17
01-04 21:26:16.595: E/wpa_supplicant(19398): send_and_recv error 0 - cmd 5
01-04 21:26:16.595: D/wpa_supplicant(19398): nl80211: survey data missing!
01-04 21:26:16.595: E/wpa_supplicant(19398): send_and_recv error 0 - cmd 50
01-04 21:26:16.595: I/wpa_supplicant(19398): environment dirty rate=0 [0][0][0]
01-04 21:26:16.595: I/PackageManager(937):  setEnabledSetting(), pkgName=com.google.android.music, clsName=com.google.android.music.Settings.NetworkUsage, state=2, flag=1, pid=24634, uid=10159, userID:0
01-04 21:26:16.665: I/Icing(3841): updateResources: need to parse pww{com.google.android.gms}
01-04 21:26:16.675: I/ContactsProvider(1333): Accounts changed
01-04 21:26:16.685: I/HtcCustomOpenHelper(1333): getMyContactIds mMyContactCardRawId: 9223372034707292161
01-04 21:26:16.685: I/HtcCustomOpenHelper(1333): getMyContactIds mMyContactCardId: 9223372034707292161
01-04 21:26:16.765: D/WifiNative-wlan0(937): doString: SIGNAL_POLL
01-04 21:26:16.765: W/WifiHW(937): QCOM Debug wifi_send_command "IFNAME=wlan0 SIGNAL_POLL"
01-04 21:26:16.765: I/wpa_supplicant(19398): Recv Cmd 1: IFNAME=wlan0
01-04 21:26:16.765: D/ConnectivityService(937): getNetworkInfo networkType=1 called by com.google.android.music (24634/10159)
01-04 21:26:16.775: I/ActivityManager(937): Start proc com.google.android.music:ui for service com.google.android.music/.tutorial.SignupStatus$SignupCheckService: pid=24678 uid=10159 gids={50159, 3003, 5012, 1028, 1015}
01-04 21:26:16.775: D/Process(937): killProcessQuiet, pid=23766
01-04 21:26:16.775: D/Process(937): com.android.server.am.ActivityManagerService.killUnneededProcessLocked:7520 com.android.server.am.ActivityManagerService.updateOomAdjLocked:16983 com.android.server.am.ActivityManagerService.updateOomAdjLocked:16827 
01-04 21:26:16.775: I/ActivityManager(937): Killing 23766:com.google.android.talk/u0a110 (adj 15): empty #17
01-04 21:26:16.785: E/wpa_supplicant(19398): send_and_recv error 0 - cmd 17
01-04 21:26:16.785: E/wpa_supplicant(19398): send_and_recv error 0 - cmd 5
01-04 21:26:16.785: D/wpa_supplicant(19398): nl80211: survey data missing!
01-04 21:26:16.785: E/wpa_supplicant(19398): send_and_recv error 0 - cmd 50
01-04 21:26:16.785: I/wpa_supplicant(19398): environment dirty rate=0 [0][0][0]
01-04 21:26:16.785: D/WifiNative-wlan0(937): doString: SIGNAL_POLL
01-04 21:26:16.785: W/WifiHW(937): QCOM Debug wifi_send_command "IFNAME=wlan0 SIGNAL_POLL"
01-04 21:26:16.785: I/wpa_supplicant(19398): Recv Cmd 1: IFNAME=wlan0
01-04 21:26:16.785: E/wpa_supplicant(19398): send_and_recv error 0 - cmd 17
01-04 21:26:16.785: E/wpa_supplicant(19398): send_and_recv error 0 - cmd 5
01-04 21:26:16.785: D/wpa_supplicant(19398): nl80211: survey data missing!
01-04 21:26:16.785: E/wpa_supplicant(19398): send_and_recv error 0 - cmd 50
01-04 21:26:16.785: I/wpa_supplicant(19398): environment dirty rate=0 [0][0][0]
01-04 21:26:16.785: D/WifiNative-wlan0(937): doString: SIGNAL_POLL
01-04 21:26:16.785: W/WifiHW(937): QCOM Debug wifi_send_command "IFNAME=wlan0 SIGNAL_POLL"
01-04 21:26:16.785: I/wpa_supplicant(19398): Recv Cmd 1: IFNAME=wlan0
01-04 21:26:16.785: I/ActivityManager(937): Recipient 23766
01-04 21:26:16.785: I/DisplayManagerService(937): stopWifiDisplayScanLocked(): mWifiDisplayScanRequested = false, mWifiDisplayScanRequestCount = 0
01-04 21:26:16.795: E/wpa_supplicant(19398): send_and_recv error 0 - cmd 17
01-04 21:26:16.795: E/wpa_supplicant(19398): send_and_recv error 0 - cmd 5
01-04 21:26:16.795: D/wpa_supplicant(19398): nl80211: survey data missing!
01-04 21:26:16.795: E/wpa_supplicant(19398): send_and_recv error 0 - cmd 50
01-04 21:26:16.795: I/wpa_supplicant(19398): environment dirty rate=0 [0][0][0]
01-04 21:26:16.795: D/WifiNative-wlan0(937): doString: SIGNAL_POLL
01-04 21:26:16.795: W/WifiHW(937): QCOM Debug wifi_send_command "IFNAME=wlan0 SIGNAL_POLL"
01-04 21:26:16.795: I/wpa_supplicant(19398): Recv Cmd 1: IFNAME=wlan0
