01-04 21:26:09.345: I/wpa_supplicant(19398): [NULL] e0:ac:f1:c3:2b:90 freq=5765 level=-71
01-04 21:26:09.345: I/wpa_supplicant(19398): [NULL] e0:ac:f1:c3:0a:90 freq=5745 level=-71
01-04 21:26:09.345: I/wpa_supplicant(19398): [NULL] e0:ac:f1:c3:09:f0 freq=5785 level=-71
01-04 21:26:09.345: I/wpa_supplicant(19398): [NULL] e0:ac:f1:c3:2b:91 freq=5765 level=-71
01-04 21:26:09.345: I/wpa_supplicant(19398): [NULL] e0:ac:f1:c4:aa:d0 freq=5240 level=-71
01-04 21:26:09.345: I/wpa_supplicant(19398): [NULL] e0:ac:f1:c2:fe:b0 freq=5745 level=-72
01-04 21:26:09.345: I/wpa_supplicant(19398): [NULL] 70:3a:0e:24:3a:70 freq=5785 level=-72
01-04 21:26:09.345: I/wpa_supplicant(19398): [NULL] 70:3a:0e:24:37:10 freq=5745 level=-72
01-04 21:26:09.345: I/wpa_supplicant(19398): [NULL] 70:3a:0e:24:38:f0 freq=5520 level=-72
01-04 21:26:09.345: I/wpa_supplicant(19398): [NULL] e0:ac:f1:c3:01:10 freq=5765 level=-72
01-04 21:26:09.345: I/wpa_supplicant(19398): [NULL] e0:ac:f1:c4:89:b0 freq=5200 level=-72
01-04 21:26:09.345: I/wpa_supplicant(19398): [NULL] 94:b4:0f:fc:ea:30 freq=5805 level=-73
01-04 21:26:09.345: I/wpa_supplicant(19398): [NULL] 70:3a:0e:24:3a:d0 freq=5700 level=-73
01-04 21:26:09.345: I/wpa_supplicant(19398): [NULL] e0:ac:f1:c4:9e:10 freq=5220 level=-73
01-04 21:26:09.345: I/wpa_supplicant(19398): [NULL] e0:ac:f1:c4:89:b1 freq=5200 level=-73
01-04 21:26:09.345: I/wpa_supplicant(19398): [NULL] e0:ac:f1:c4:ab:50 freq=5240 level=-73
01-04 21:26:09.345: I/wpa_supplicant(19398): [NULL] e0:ac:f1:c4:ab:51 freq=5240 level=-74
01-04 21:26:09.345: I/wpa_supplicant(19398): [NULL] 70:3a:0e:24:36:10 freq=5745 level=-75
01-04 21:26:09.345: I/wpa_supplicant(19398): [NULL] 70:3a:0e:24:61:d0 freq=5280 level=-75
01-04 21:26:09.345: I/wpa_supplicant(19398): [NULL] 70:3a:0e:34:f6:10 freq=5560 level=-75
01-04 21:26:09.345: I/wpa_supplicant(19398): [NULL] e0:ac:f1:c4:a6:90 freq=5240 level=-77
01-04 21:26:09.345: I/wpa_supplicant(19398): [NULL] 70:3a:0e:24:3c:50 freq=5500 level=-77
01-04 21:26:09.345: I/wpa_supplicant(19398): [NULL] 94:b4:0f:fc:e9:d0 freq=5240 level=-77
01-04 21:26:09.345: I/wpa_supplicant(19398): [NULL] e0:ac:f1:c2:fe:50 freq=5180 level=-78
01-04 21:26:09.345: I/wpa_supplicant(19398): [NULL] e0:ac:f1:c3:2a:b1 freq=5220 level=-78
01-04 21:26:09.345: I/wpa_supplicant(19398): [NULL] e0:ac:f1:c3:2a:b0 freq=5220 level=-78
01-04 21:26:09.345: I/wpa_supplicant(19398): [NULL] e0:ac:f1:c3:0a:50 freq=5240 level=-79
01-04 21:26:09.345: I/wpa_supplicant(19398): [NULL] e0:ac:f1:c3:2c:30 freq=5220 level=-79
01-04 21:26:09.345: I/wpa_supplicant(19398): [NULL] e0:ac:f1:c3:2c:31 freq=5220 level=-79
01-04 21:26:09.345: I/wpa_supplicant(19398): [NULL] e0:ac:f1:c2:ff:70 freq=5180 level=-80
01-04 21:26:09.345: I/wpa_supplicant(19398): [NULL] e0:ac:f1:c3:0a:51 freq=5240 level=-80
01-04 21:26:09.345: I/wpa_supplicant(19398): [NULL] e0:ac:f1:c2:fe:30 freq=5200 level=-81
01-04 21:26:09.345: I/wpa_supplicant(19398): [NULL] e0:ac:f1:c3:02:10 freq=5240 level=-81
01-04 21:26:09.345: I/wpa_supplicant(19398): [NULL] e0:ac:f1:c3:00:b0 freq=5240 level=-82
01-04 21:26:09.345: I/wpa_supplicant(19398): [NULL] e0:ac:f1:c3:00:b1 freq=5240 level=-82
01-04 21:26:09.345: I/wpa_supplicant(19398): [NULL] e0:ac:f1:c3:0d:50 freq=5240 level=-83
01-04 21:26:09.345: I/wpa_supplicant(19398): [NULL] e0:ac:f1:c4:89:70 freq=5240 level=-85
01-04 21:26:09.345: I/wpa_supplicant(19398): [NULL] e0:ac:f1:c4:89:71 freq=5240 level=-85
01-04 21:26:09.345: I/wpa_supplicant(19398): [NULL] 18:9c:5d:3b:63:70 freq=5240 level=-86
01-04 21:26:09.345: I/wpa_supplicant(19398): [NULL] 94:b4:0f:fc:eb:51 freq=5825 level=-55
01-04 21:26:09.345: I/wpa_supplicant(19398): [NULL] 94:b4:0f:fc:e9:91 freq=5785 level=-58
01-04 21:26:09.345: I/wpa_supplicant(19398): [NULL] 94:b4:0f:fc:ec:51 freq=5825 level=-63
01-04 21:26:09.345: I/wpa_supplicant(19398): [NULL] 94:b4:0f:fc:e9:d1 freq=5240 level=-77
01-04 21:26:09.345: I/wpa_supplicant(19398): [NULL] 94:b4:0f:fc:eb:11 freq=5745 level=-80
01-04 21:26:09.345: D/wpa_supplicant(19398): BSS: last_scan_res_used=104/128 last_scan_full=0
01-04 21:26:09.345: D/wpa_supplicant(19398): Add randomness: count=193 entropy=180
01-04 21:26:09.345: D/wpa_supplicant(19398): Add randomness: count=194 entropy=181
01-04 21:26:09.345: D/wpa_supplicant(19398): Add randomness: count=195 entropy=182
01-04 21:26:09.345: D/wpa_supplicant(19398): Add randomness: count=196 entropy=183
01-04 21:26:09.345: D/wpa_supplicant(19398): Add randomness: count=197 entropy=184
01-04 21:26:09.345: D/wpa_supplicant(19398): Add randomness: count=198 entropy=185
01-04 21:26:09.345: D/wpa_supplicant(19398): Add randomness: count=199 entropy=186
01-04 21:26:09.345: D/wpa_supplicant(19398): Add randomness: count=200 entropy=187
01-04 21:26:09.345: D/wpa_supplicant(19398): Add randomness: count=201 entropy=188
01-04 21:26:09.345: D/wpa_supplicant(19398): Add randomness: count=202 entropy=189
01-04 21:26:09.345: D/WifiStateMachine(937): [MLHD] enter handleMediaLinkEvent SupplicantStartedState
01-04 21:26:09.345: D/WifiNative-wlan0(937): doString: LIST_DONGLES
01-04 21:26:09.345: W/WifiHW(937): QCOM Debug wifi_send_command "IFNAME=wlan0 LIST_DONGLES"
01-04 21:26:09.355: D/Tethering(937): interfaceLinkStateChanged wlan0, true
01-04 21:26:09.355: D/Tethering(937): interfaceStatusChanged wlan0, true
01-04 21:26:09.355: D/Tethering(937): [isWifi] getHotspotEnabled: false
01-04 21:26:09.355: I/wpa_supplicant(19398): Recv Cmd 1: IFNAME=wlan0
01-04 21:26:09.355: D/wpa_supplicant(19398): RTM_NEWLINK: operstate=1 ifi_flags=0x11043 ([UP][RUNNING][LOWER_UP])
01-04 21:26:09.355: D/wpa_supplicant(19398): RTM_NEWLINK, IFLA_IFNAME: Interface 'wlan0' added
01-04 21:26:09.355: D/wpa_supplicant(19398): nl80211: if_removed already cleared - ignore event
01-04 21:26:09.355: D/wpa_supplicant(19398): Wireless event: cmd=0x8b19 len=8
01-04 21:26:09.355: D/WirelessDisplayService(937): getDiscoveryDongleList
01-04 21:26:09.355: W/ContextImpl(937): Calling a method in the system process without a qualified user: android.app.ContextImpl.sendBroadcast:1371 android.net.wifi.WifiStateMachine.sendDongleScanResultsAvailableBroadcast:6055 android.net.wifi.WifiStateMachine.handleMediaLinkEvent:6217 android.net.wifi.WifiStateMachine.access$6000:248 android.net.wifi.WifiStateMachine$SupplicantStartedState.processMessage:7437 
01-04 21:26:09.355: D/ConnectivityService(937): getActiveNetworkInfo called by  (937/1000)
01-04 21:26:09.365: D/WifiNative-wlan0(937): doString: BSS RANGE=0- MASK=0x21987
01-04 21:26:09.365: W/WifiHW(937): QCOM Debug wifi_send_command "IFNAME=wlan0 BSS RANGE=0- MASK=0x21987"
01-04 21:26:09.365: I/wpa_supplicant(19398): Recv Cmd 1: IFNAME=wlan0
01-04 21:26:09.365: I/wpa_supplicant(19398): zero bss info!
01-04 21:26:09.365: I/wpa_supplicant(19398): reply (4069) for get BSS: id=1
01-04 21:26:09.365: I/wpa_supplicant(19398): bssid=e0:ac:f1:c4:a8:90
01-04 21:26:09.365: I/wpa_supplicant(19398): freq=5200
01-04 21:26:09.365: I/wpa_supplicant(19398): level=-47
01-04 21:26:09.365: I/wpa_supplicant(19398): tsf=0000018052887601
01-04 21:26:09.365: I/wpa_supplicant(19398): flags=[WPA2-PSK-CCMP][ESS]
01-04 21:26:09.365: I/wpa_supplicant(19398): ssid=dops-mt24-50
01-04 21:26:09.365: I/wpa_supplicant(19398): ====
01-04 21:26:09.365: I/wpa_supplicant(19398): id=1146
01-04 21:26:09.365: I/wpa_supplicant(19398): bssid=e0:ac:f1:c4:8d:d0
01-04 21:26:09.365: I/wpa_supplicant(19398): freq=5785
01-04 21:26:09.365: I/wpa_supplicant(19398): level=-21
01-04 21:26:09.365: I/wpa_supplicant(19398): tsf=0000018052887561
01-04 21:26:09.365: I/wpa_supplicant(19398): flags=[WPA2-PSK-CCMP][ESS]
01-04 21:26:09.365: I/wpa_supplicant(19398): ssid=dops-mt24-50
01-04 21:26:09.365: I/wpa_supplicant(19398): ====
01-04 21:26:09.365: I/wpa_supplicant(19398): id=1147
01-04 21:26:09.365: I/wpa_supplicant(19398): bssid=e0:ac:f1:c4:b1:10
01-04 21:26:09.365: I/wpa_supplicant(19398): freq=5805
01-04 21:26:09.365: I/wpa_supplicant(19398): level=-33
01-04 21:26:09.365: I/wpa_supplicant(19398): tsf=0000018052887577
01-04 21:26:09.365: I/wpa_supplicant(19398): flags=[WPA2-PSK-CCMP][ESS]
01-04 21:26:09.365: I/wpa_supplicant(19398): ssid=dops-mt26-50
01-04 21:26:09.365: I/wpa_supplicant(19398): ====
01-04 21:26:09.365: I/wpa_supplicant(19398): id=1148
01-04 21:26:09.365: I/wpa_supplicant(19398): bssid=e0:ac:f1:c4:ab:70
01-04 21:26:09.365: I/wpa_supplicant(19398): freq=5180
01-04 21:26:09.365: I/wpa_supplicant(19398): level=-48
01-04 21:26:09.365: I/wpa_supplicant(19398): tsf=0000018052887633
01-04 21:26:09.365: I/wpa_supplicant(19398): flags=[WPA2-PSK-CCMP][ESS]
01-04 21:26:09.365: I/wpa_supplicant(19398): ssid=dops-mt24-50
01-04 21:26:09.365: I/wpa_supplicant(19398): ====
01-04 21:26:09.365: I/wpa_supplicant(19398): id=1149
01-04 21:26:09.365: I/wpa_supplicant(19398): bssid=e0:ac:f1:c4:ac:b0
01-04 21:26:09.365: I/wpa_supplicant(19398): freq=5220
01-04 21:26:09.365: I/wpa_supplicant(19398): level=-48
01-04 21:26:09.365: I/wpa_supplicant(19398): tsf=0000018052887624
01-04 21:26:09.365: I/wpa_supplicant(19398): flags=[WPA2-PSK-CCMP][ESS]
01-04 21:26:09.365: I/wpa_supplicant(19398): ssid=dops-mt26-50
01-04 21:26:09.365: I/wpa_supplicant(19398): ====
01-04 21:26:09.365: I/wpa_supplicant(19398): id=1150
01-04 21:26:09.365: I/wpa_supplicant(19398): bssid=e0:ac:f1:c3:28:70
01-04 21:26:09.365: I/wpa_supplicant(19398): freq=5785
01-04 21:26:09.365: I/wpa_supplicant(19398): level=-49
01-04 21:26:09.365: I/wpa_supplicant(19398): tsf=0000018052887617
01-04 21:26:09.365: I/wpa_supplicant(19398): flags=[WPA2-PSK-CCMP][ESS]
01-04 21:26:09.365: I/wpa_supplicant(19398): ssid=mtaas-atl14-cl3-50
01-04 21:26:09.365: I/wpa_supplicant(19398): ====
01-04 21:26:09.365: I/wpa_supplicant(19398): id=1151
01-04 21:26:09.365: I/wpa_supplicant(19398): bssid=e0:ac:f1:c3:28:71
01-04 21:26:09.365: I/wpa_supplicant(19398): freq=5785
01-04 21:26:09.365: I/wpa_supplicant(19398): level=-49
01-04 21:26:09.365: I/wpa_supplicant(19398): tsf=0000018052887609
01-04 21:26:09.365: I/wpa_supplicant(19398): flags=[WPA2-PSK-CCMP][ESS]
01-04 21:26:09.365: I/wpa_supplicant(19398): ssid=dops-mt19-50
01-04 21:26:09.365: I/wpa_supplicant(19398): ====
01-04 21:26:09.365: I/wpa_supplicant(19398): id=1152
01-04 21:26:09.365: I/wpa_supplicant(19398): bssid=e0:ac:f1:c4:d8:d0
01-04 21:26:09.365: I/wpa_supplicant(19398): freq=5825
01-04 21:26:09.365: I/wpa_supplicant(19398): level=-51
01-04 21:26:09.365: I/wpa_supplicant(19398): tsf=0000018052887663
01-04 21:26:09.365: I/wpa_supplicant(19398): flags=[WPA2-PSK-CCMP][ESS]
01-04 21:26:09.365: I/wpa_supplicant(19398): ssid=dops-mt23-50
01-04 21:26:09.365: I/wpa_supplicant(19398): ====
01-04 21:26:09.365: I/wpa_supplicant(19398): id=1153
01-04 21:26:09.365: I/wpa_supplicant(19398): bs
01-04 21:26:09.375: D/WifiNative-wlan0(937): doString: BSS RANGE=1178- MASK=0x21987
01-04 21:26:09.375: W/WifiHW(937): QCOM Debug wifi_send_command "IFNAME=wlan0 BSS RANGE=1178- MASK=0x21987"
01-04 21:26:09.375: I/wpa_supplicant(19398): Recv Cmd 1: IFNAME=wlan0
01-04 21:26:09.375: I/wpa_supplicant(19398): print_bss_info@3706: print SSID fail
01-04 21:26:09.375: I/wpa_supplicant(19398): zero bss info!
01-04 21:26:09.375: I/wpa_supplicant(19398): reply (3980) for get BSS: id=1178
01-04 21:26:09.375: I/wpa_supplicant(19398): bssid=e0:ac:f1:c4:aa:80
01-04 21:26:09.375: I/wpa_supplicant(19398): freq=2462
01-04 21:26:09.375: I/wpa_supplicant(19398): level=-55
01-04 21:26:09.375: I/wpa_supplicant(19398): tsf=0000018052887705
01-04 21:26:09.375: I/wpa_supplicant(19398): flags=[WPA2-PSK-CCMP][ESS]
01-04 21:26:09.375: I/wpa_supplicant(19398): ssid=dops-mt22-24
01-04 21:26:09.375: I/wpa_supplicant(19398): ====
01-04 21:26:09.375: I/wpa_supplicant(19398): id=1179
01-04 21:26:09.375: I/wpa_supplicant(19398): bssid=e0:ac:f1:c4:ae:80
01-04 21:26:09.375: I/wpa_supplicant(19398): freq=2412
01-04 21:26:09.375: I/wpa_supplicant(19398): level=-55
01-04 21:26:09.375: I/wpa_supplicant(19398): tsf=0000018016322736
01-04 21:26:09.375: I/wpa_supplicant(19398): flags=[WPA2-PSK-CCMP][ESS]
01-04 21:26:09.375: I/wpa_supplicant(19398): ssid=dops-mt20-24
01-04 21:26:09.375: I/wpa_supplicant(19398): ====
01-04 21:26:09.375: I/wpa_supplicant(19398): id=1180
01-04 21:26:09.375: I/wpa_supplicant(19398): bssid=e0:ac:f1:c4:e7:c0
01-04 21:26:09.375: I/wpa_supplicant(19398): freq=2432
01-04 21:26:09.375: I/wpa_supplicant(19398): level=-59
01-04 21:26:09.375: I/wpa_supplicant(19398): tsf=0000018052887793
01-04 21:26:09.375: I/wpa_supplicant(19398): flags=[WPA2-PSK-CCMP][ESS]
01-04 21:26:09.375: I/wpa_supplicant(19398): ssid=dops-24
01-04 21:26:09.375: I/wpa_supplicant(19398): ====
01-04 21:26:09.375: I/wpa_supplicant(19398): id=1181
01-04 21:26:09.375: I/wpa_supplicant(19398): bssid=e0:ac:f1:c4:e2:80
01-04 21:26:09.375: I/wpa_supplicant(19398): freq=2457
01-04 21:26:09.375: I/wpa_supplicant(19398): level=-62
01-04 21:26:09.375: I/wpa_supplicant(19398): tsf=0000018016322825
01-04 21:26:09.375: I/wpa_supplicant(19398): flags=[WPA2-PSK-CCMP][ESS]
01-04 21:26:09.375: I/wpa_supplicant(19398): ssid=dops-24
01-04 21:26:09.375: I/wpa_supplicant(19398): ====
01-04 21:26:09.375: I/wpa_supplicant(19398): id=1182
01-04 21:26:09.375: I/wpa_supplicant(19398): bssid=e0:ac:f1:c3:32:00
01-04 21:26:09.375: I/wpa_supplicant(19398): freq=2462
01-04 21:26:09.375: I/wpa_supplicant(19398): level=-64
01-04 21:26:09.375: I/wpa_supplicant(19398): tsf=0000018016322830
01-04 21:26:09.375: I/wpa_supplicant(19398): flags=[WPA2-PSK-CCMP][ESS]
01-04 21:26:09.375: I/wpa_supplicant(19398): ssid=dops-mt16-24
01-04 21:26:09.375: I/wpa_supplicant(19398): ====
01-04 21:26:09.375: I/wpa_supplicant(19398): id=1183
01-04 21:26:09.375: I/wpa_supplicant(19398): bssid=e0:ac:f1:c3:0a:40
01-04 21:26:09.375: I/wpa_supplicant(19398): freq=2462
01-04 21:26:09.375: I/wpa_supplicant(19398): level=-64
01-04 21:26:09.375: I/wpa_supplicant(19398): tsf=0000018052887866
01-04 21:26:09.375: I/wpa_supplicant(19398): flags=[WPA2-PSK-CCMP][ESS]
01-04 21:26:09.375: I/wpa_supplicant(19398): ssid=dops-24
01-04 21:26:09.375: I/wpa_supplicant(19398): ====
01-04 21:26:09.375: I/wpa_supplicant(19398): id=1184
01-04 21:26:09.375: I/wpa_supplicant(19398): bssid=e0:ac:f1:c7:c6:80
01-04 21:26:09.375: I/wpa_supplicant(19398): freq=2412
01-04 21:26:09.375: I/wpa_supplicant(19398): level=-67
01-04 21:26:09.375: I/wpa_supplicant(19398): tsf=0000018016322954
01-04 21:26:09.375: I/wpa_supplicant(19398): flags=[WPA2-PSK-CCMP][ESS]
01-04 21:26:09.375: I/wpa_supplicant(19398): ssid=dops-mt14-24
01-04 21:26:09.375: I/wpa_supplicant(19398): ====
01-04 21:26:09.375: I/wpa_supplicant(19398): id=1185
01-04 21:26:09.375: I/wpa_supplicant(19398): bssid=70:3a:0e:24:36:60
01-04 21:26:09.375: I/wpa_supplicant(19398): freq=2412
01-04 21:26:09.375: I/wpa_supplicant(19398): level=-69
01-04 21:26:09.375: I/wpa_supplicant(19398): tsf=0000018016322959
01-04 21:26:09.375: I/wpa_supplicant(19398): flags=[WPA2-PSK-CCMP][ESS]
01-04 21:26:09.375: I/wpa_supplicant(19398): ssid=wl-ftl-mt35-1-24
01-04 21:26:09.375: I/wpa_supplicant(19398): ====
01-04 21:26:09.375: I/wpa_supplicant(19398): id=1186
01-04 21:26:09.375: I/wpa_supplicant(19398): bssid=e0:ac:f1:c
01-04 21:26:09.385: D/WifiNative-wlan0(937): doString: BSS RANGE=1210- MASK=0x21987
01-04 21:26:09.385: W/WifiHW(937): QCOM Debug wifi_send_command "IFNAME=wlan0 BSS RANGE=1210- MASK=0x21987"
01-04 21:26:09.385: I/wpa_supplicant(19398): Recv Cmd 1: IFNAME=wlan0
01-04 21:26:09.385: I/wpa_supplicant(19398): zero bss info!
01-04 21:26:09.385: I/wpa_supplicant(19398): reply (4019) for get BSS: id=1210
01-04 21:26:09.385: I/wpa_supplicant(19398): bssid=e0:ac:f1:c3:01:10
01-04 21:26:09.385: I/wpa_supplicant(19398): freq=5765
01-04 21:26:09.385: I/wpa_supplicant(19398): level=-72
01-04 21:26:09.385: I/wpa_supplicant(19398): tsf=0000018052888089
01-04 21:26:09.385: I/wpa_supplicant(19398): flags=[WPA2-PSK-CCMP][ESS]
01-04 21:26:09.385: I/wpa_supplicant(19398): ssid=dops-mt07-50
01-04 21:26:09.385: I/wpa_supplicant(19398): ====
01-04 21:26:09.385: I/wpa_supplicant(19398): id=1211
01-04 21:26:09.385: I/wpa_supplicant(19398): bssid=70:3a:0e:24:38:f0
01-04 21:26:09.385: I/wpa_supplicant(19398): freq=5520
01-04 21:26:09.385: I/wpa_supplicant(19398): level=-72
01-04 21:26:09.385: I/wpa_supplicant(19398): tsf=0000018052888283
01-04 21:26:09.385: I/wpa_supplicant(19398): flags=[WPA2-PSK-CCMP][ESS]
01-04 21:26:09.385: I/wpa_supplicant(19398): ssid=wl-ftl-mt35-1-5
01-04 21:26:09.385: I/wpa_supplicant(19398): ====
01-04 21:26:09.385: I/wpa_supplicant(19398): id=1212
01-04 21:26:09.385: I/wpa_supplicant(19398): bssid=e0:ac:f1:c2:fe:b0
01-04 21:26:09.385: I/wpa_supplicant(19398): freq=5745
01-04 21:26:09.385: I/wpa_supplicant(19398): level=-72
01-04 21:26:09.385: I/wpa_supplicant(19398): tsf=0000018052888184
01-04 21:26:09.385: I/wpa_supplicant(19398): flags=[WPA2-PSK-CCMP][ESS]
01-04 21:26:09.385: I/wpa_supplicant(19398): ssid=dops-mt10-50
01-04 21:26:09.385: I/wpa_supplicant(19398): ====
01-04 21:26:09.385: I/wpa_supplicant(19398): id=1213
01-04 21:26:09.385: I/wpa_supplicant(19398): bssid=70:3a:0e:24:37:10
01-04 21:26:09.385: I/wpa_supplicant(19398): freq=5745
01-04 21:26:09.385: I/wpa_supplicant(19398): level=-72
01-04 21:26:09.385: I/wpa_supplicant(19398): tsf=0000018052888146
01-04 21:26:09.385: I/wpa_supplicant(19398): flags=[WPA2-PSK-CCMP][ESS]
01-04 21:26:09.385: I/wpa_supplicant(19398): ssid=wl-ftl-mt33-1-5
01-04 21:26:09.385: I/wpa_supplicant(19398): ====
01-04 21:26:09.385: I/wpa_supplicant(19398): id=1214
01-04 21:26:09.385: I/wpa_supplicant(19398): bssid=e0:ac:f1:c4:aa:d0
01-04 21:26:09.385: I/wpa_supplicant(19398): freq=5240
01-04 21:26:09.385: I/wpa_supplicant(19398): level=-71
01-04 21:26:09.385: I/wpa_supplicant(19398): tsf=0000018052888204
01-04 21:26:09.385: I/wpa_supplicant(19398): flags=[WPA2-PSK-CCMP][ESS]
01-04 21:26:09.385: I/wpa_supplicant(19398): ssid=dops-mt18-50
01-04 21:26:09.385: I/wpa_supplicant(19398): ====
01-04 21:26:09.385: I/wpa_supplicant(19398): id=1215
01-04 21:26:09.385: I/wpa_supplicant(19398): bssid=70:3a:0e:24:3a:70
01-04 21:26:09.385: I/wpa_supplicant(19398): freq=5785
01-04 21:26:09.385: I/wpa_supplicant(19398): level=-72
01-04 21:26:09.385: I/wpa_supplicant(19398): tsf=0000018052888098
01-04 21:26:09.385: I/wpa_supplicant(19398): flags=[WPA2-PSK-CCMP][ESS]
01-04 21:26:09.385: I/wpa_supplicant(19398): ssid=wl-ftl-mt34-1-5
01-04 21:26:09.385: I/wpa_supplicant(19398): ====
01-04 21:26:09.385: I/wpa_supplicant(19398): id=1216
01-04 21:26:09.385: I/wpa_supplicant(19398): bssid=e0:ac:f1:c4:89:b0
01-04 21:26:09.385: I/wpa_supplicant(19398): freq=5200
01-04 21:26:09.385: I/wpa_supplicant(19398): level=-72
01-04 21:26:09.385: I/wpa_supplicant(19398): tsf=0000018052888117
01-04 21:26:09.385: I/wpa_supplicant(19398): flags=[WPA2-PSK-CCMP][ESS]
01-04 21:26:09.385: I/wpa_supplicant(19398): ssid=mtaas-atl14-cl4-50
01-04 21:26:09.385: I/wpa_supplicant(19398): ====
01-04 21:26:09.385: I/wpa_supplicant(19398): id=1217
01-04 21:26:09.385: I/wpa_supplicant(19398): bssid=70:3a:0e:24:3a:d0
01-04 21:26:09.385: I/wpa_supplicant(19398): freq=5700
01-04 21:26:09.385: I/wpa_supplicant(19398): level=-73
01-04 21:26:09.385: I/wpa_supplicant(19398): tsf=0000018052888136
01-04 21:26:09.385: I/wpa_supplicant(19398): flags=[WPA2-PSK-CCMP][ESS]
01-04 21:26:09.385: I/wpa_supplicant(19398): ssid=wl-ftl-mt33-1-5
01-04 21:26:09.385: D/WifiNative-wlan0(937): doString: BSS RANGE=1243- MASK=0x21987
01-04 21:26:09.385: W/WifiHW(937): QCOM Debug wifi_send_command "IFNAME=wlan0 BSS RANGE=1243- MASK=0x21987"
01-04 21:26:09.385: I/wpa_supplicant(19398): Recv Cmd 1: IFNAME=wlan0
01-04 21:26:09.385: I/wpa_supplicant(19398): reply (1930) for get BSS: id=1243
01-04 21:26:09.385: I/wpa_supplicant(19398): bssid=94:b4:0f:fc:e9:d1
01-04 21:26:09.385: I/wpa_supplicant(19398): freq=5240
01-04 21:26:09.385: I/wpa_supplicant(19398): level=-77
01-04 21:26:09.385: I/wpa_supplicant(19398): tsf=0000018052888381
01-04 21:26:09.385: I/wpa_supplicant(19398): flags=[ESS]
01-04 21:26:09.385: I/wpa_supplicant(19398): ssid=casperGuest
01-04 21:26:09.385: I/wpa_supplicant(19398): ====
01-04 21:26:09.385: I/wpa_supplicant(19398): id=1244
01-04 21:26:09.385: I/wpa_supplicant(19398): bssid=94:b4:0f:fc:eb:11
01-04 21:26:09.385: I/wpa_supplicant(19398): freq=5745
01-04 21:26:09.385: I/wpa_supplicant(19398): level=-80
01-04 21:26:09.385: I/wpa_supplicant(19398): tsf=0000018052888391
01-04 21:26:09.385: I/wpa_supplicant(19398): flags=[ESS]
01-04 21:26:09.385: I/wpa_supplicant(19398): ssid=casperGuest
01-04 21:26:09.385: I/wpa_supplicant(19398): ====
01-04 21:26:09.385: I/wpa_supplicant(19398): id=1245
01-04 21:26:09.385: I/wpa_supplicant(19398): bssid=e0:ac:f1:c4:d2:b0
01-04 21:26:09.385: I/wpa_supplicant(19398): freq=5200
01-04 21:26:09.385: I/wpa_supplicant(19398): level=-60
01-04 21:26:09.385: I/wpa_supplicant(19398): tsf=0000018052887736
01-04 21:26:09.385: I/wpa_supplicant(19398): flags=[WPA2-PSK-CCMP][ESS]
01-04 21:26:09.385: I/wpa_supplicant(19398): ssid=dops-mt25-50
01-04 21:26:09.385: I/wpa_supplicant(19398): ====
01-04 21:26:09.385: I/wpa_supplicant(19398): id=1246
01-04 21:26:09.385: I/wpa_supplicant(19398): bssid=e0:ac:f1:c4:ae:90
01-04 21:26:09.385: I/wpa_supplicant(19398): freq=5200
01-04 21:26:09.385: I/wpa_supplicant(19398): level=-65
01-04 21:26:09.385: I/wpa_supplicant(19398): tsf=0000018052887857
01-04 21:26:09.385: I/wpa_supplicant(19398): flags=[WPA2-PSK-CCMP][ESS]
01-04 21:26:09.385: I/wpa_supplicant(19398): ssid=dops-mt20-50
01-04 21:26:09.385: I/wpa_supplicant(19398): ====
01-04 21:26:09.385: I/wpa_supplicant(19398): id=1247
01-04 21:26:09.385: I/wpa_supplicant(19398): bssid=e0:ac:f1:c4:aa:90
01-04 21:26:09.385: I/wpa_supplicant(19398): freq=5220
01-04 21:26:09.385: I/wpa_supplicant(19398): level=-66
01-04 21:26:09.385: I/wpa_supplicant(19398): tsf=0000018052888014
01-04 21:26:09.385: I/wpa_supplicant(19398): flags=[WPA2-PSK-CCMP][ESS]
01-04 21:26:09.385: I/wpa_supplicant(19398): ssid=dops-mt22-50
01-04 21:26:09.385: I/wpa_supplicant(19398): ====
01-04 21:26:09.385: I/wpa_supplicant(19398): id=1248
01-04 21:26:09.385: I/wpa_supplicant(19398): bssid=e0:ac:f1:c4:ab:60
01-04 21:26:09.385: I/wpa_supplicant(19398): freq=2437
01-04 21:26:09.385: I/wpa_supplicant(19398): level=-48
01-04 21:26:09.385: I/wpa_supplicant(19398): tsf=0000018052887641
01-04 21:26:09.385: I/wpa_supplicant(19398): flags=[WPA2-PSK-CCMP][ESS]
01-04 21:26:09.385: I/wpa_supplicant(19398): ssid=dops-24
01-04 21:26:09.385: I/wpa_supplicant(19398): ====
01-04 21:26:09.385: I/wpa_supplicant(19398): id=1249
01-04 21:26:09.385: I/wpa_supplicant(19398): bssid=e0:ac:f1:c4:d5:20
01-04 21:26:09.385: I/wpa_supplicant(19398): freq=2452
01-04 21:26:09.385: I/wpa_supplicant(19398): level=-52
01-04 21:26:09.385: I/wpa_supplicant(19398): tsf=0000018052887713
01-04 21:26:09.385: I/wpa_supplicant(19398): flags=[WPA2-PSK-CCMP][ESS]
01-04 21:26:09.385: I/wpa_supplicant(19398): ssid=dops-24
01-04 21:26:09.385: I/wpa_supplicant(19398): ====
01-04 21:26:09.385: I/wpa_supplicant(19398): id=1250
01-04 21:26:09.385: I/wpa_supplicant(19398): bssid=e0:ac:f1:c4:89:60
01-04 21:26:09.385: I/wpa_supplicant(19398): freq=2422
01-04 21:26:09.385: I/wpa_supplicant(19398): level=-56
01-04 21:26:09.385: I/wpa_supplicant(19398): tsf=0000018052887807
01-04 21:26:09.385: I/wpa_supplicant(19398): flags=[WPA2-PSK-CCMP][ESS]
01-04 21:26:09.385: I/wpa_supplicant(19398): ssid=dops-24
01-04 21:26:09.385: I/wpa_supplicant(19398): ====
01-04 21:26:09.385: I/wpa_supplicant(19398): id=1251
01-04 21:26:09.385: I/wpa_supplicant(19398): bssid=e0:ac:f1:c3:33:e0
01-04 21:26:09.385: I/wpa_supplicant(19398): freq=2412
01-04 21:26:09.385: I/wpa_supplicant(19398): level=-57
01-04 21:26:09.385: I/wpa_supplicant(19398): tsf=0000
01-04 21:26:09.395: D/WifiStateMachine(937): 0: scan result = SSID: dops-mt24-50, BSSID: e0:ac:f1:c4:a8:90, capabilities: [WPA2-PSK-CCMP][ESS], level: -47, frequency: 5200, timestamp: 18052887601, distance: ?(cm), distanceSd: ?(cm)
01-04 21:26:09.405: D/WifiStateMachine(937): 1: scan result = SSID: dops-mt24-50, BSSID: e0:ac:f1:c4:8d:d0, capabilities: [WPA2-PSK-CCMP][ESS], level: -21, frequency: 5785, timestamp: 18052887561, distance: ?(cm), distanceSd: ?(cm)
01-04 21:26:09.405: D/WifiStateMachine(937): 2: scan result = SSID: dops-mt26-50, BSSID: e0:ac:f1:c4:b1:10, capabilities: [WPA2-PSK-CCMP][ESS], level: -33, frequency: 5805, timestamp: 18052887577, distance: ?(cm), distanceSd: ?(cm)
01-04 21:26:09.415: D/WifiStateMachine(937): 3: scan result = SSID: dops-mt24-50, BSSID: e0:ac:f1:c4:ab:70, capabilities: [WPA2-PSK-CCMP][ESS], level: -48, frequency: 5180, timestamp: 18052887633, distance: ?(cm), distanceSd: ?(cm)
01-04 21:26:09.415: D/WifiStateMachine(937): 4: scan result = SSID: dops-mt26-50, BSSID: e0:ac:f1:c4:ac:b0, capabilities: [WPA2-PSK-CCMP][ESS], level: -48, frequency: 5220, timestamp: 18052887624, distance: ?(cm), distanceSd: ?(cm)
01-04 21:26:09.415: D/WifiStateMachine(937): 5: scan result = SSID: mtaas-atl14-cl3-50, BSSID: e0:ac:f1:c3:28:70, capabilities: [WPA2-PSK-CCMP][ESS], level: -49, frequency: 5785, timestamp: 18052887617, distance: ?(cm), distanceSd: ?(cm)
01-04 21:26:09.415: D/WifiStateMachine(937): 6: scan result = SSID: dops-mt19-50, BSSID: e0:ac:f1:c3:28:71, capabilities: [WPA2-PSK-CCMP][ESS], level: -49, frequency: 5785, timestamp: 18052887609, distance: ?(cm), distanceSd: ?(cm)
01-04 21:26:09.415: D/WifiStateMachine(937): 7: scan result = SSID: dops-mt23-50, BSSID: e0:ac:f1:c4:d8:d0, capabilities: [WPA2-PSK-CCMP][ESS], level: -51, frequency: 5825, timestamp: 18052887663, distance: ?(cm), distanceSd: ?(cm)
01-04 21:26:09.415: D/WifiStateMachine(937): 8: scan result = SSID: dops-mt21-50, BSSID: e0:ac:f1:c4:88:31, capabilities: [WPA2-PSK-CCMP][ESS], level: -52, frequency: 5805, timestamp: 18052887647, distance: ?(cm), distanceSd: ?(cm)
01-04 21:26:09.415: D/WifiStateMachine(937): 9: scan result = SSID: mtaas-atl14-cl4-50, BSSID: e0:ac:f1:c4:88:30, capabilities: [WPA2-PSK-CCMP][ESS], level: -51, frequency: 5805, timestamp: 18052887655, distance: ?(cm), distanceSd: ?(cm)
01-04 21:26:09.415: D/WifiStateMachine(937): 10: scan result = SSID: dops-mt25-50, BSSID: e0:ac:f1:c4:e5:50, capabilities: [WPA2-PSK-CCMP][ESS], level: -52, frequency: 5745, timestamp: 18052887697, distance: ?(cm), distanceSd: ?(cm)
01-04 21:26:09.415: D/WifiStateMachine(937): 11: scan result = SSID: dops-mt18-50, BSSID: e0:ac:f1:c4:89:d0, capabilities: [WPA2-PSK-CCMP][ESS], level: -55, frequency: 5825, timestamp: 18052887671, distance: ?(cm), distanceSd: ?(cm)
01-04 21:26:09.415: D/WifiStateMachine(937): 12: scan result = SSID: casper-A, BSSID: 94:b4:0f:fc:eb:50, capabilities: [WPA2-EAP-CCMP][ESS], level: -55, frequency: 5825, timestamp: 18052887688, distance: ?(cm), distanceSd: ?(cm)
01-04 21:26:09.415: D/WifiStateMachine(937): 13: scan result = SSID: dops-mt22-50, BSSID: e0:ac:f1:c4:a9:90, capabilities: [WPA2-PSK-CCMP][ESS], level: -57, frequency: 5765, timestamp: 18052887751, distance: ?(cm), distanceSd: ?(cm)
01-04 21:26:09.415: D/WifiStateMachine(937): 14: scan result = SSID: mtaas-atl14-cl1-50, BSSID: e0:ac:f1:c2:fc:d0, capabilities: [WPA2-PSK-CCMP][ESS], level: -57, frequency: 5765, timestamp: 18052887784, distance: ?(cm), distanceSd: ?(cm)
01-04 21:26:09.415: D/WifiStateMachine(937): 15: scan result = SSID: dops-mt26-50, BSSID: e0:ac:f1:c4:a6:90, capabilities: [WPA2-PSK-CCMP][ESS], level: -77, frequency: 5240, timestamp: 18052888401, distance: ?(cm), distanceSd: ?(cm)
01-04 21:26:09.425: D/WifiStateMachine(937): 16: scan result = SSID: dops-mt25-50, BSSID: e0:ac:f1:c4:d5:30, capabilities: [WPA2-PSK-CCMP][ESS], level: -57, frequency: 5180, timestamp: 18052887760, distance: ?(cm), distanceSd: ?(cm)
01-04 21:26:09.425: D/WifiStateMachine(937): 17: scan result = SSID: casper-A, BSSID: 94:b4:0f:fc:e9:90, capabilities: [WPA2-EAP-CCMP][ESS], level: -58, frequency: 5785, timestamp: 18052887728, distance: ?(cm), distanceSd: ?(cm)
01-04 21:26:09.425: D/WifiStateMachine(937): 18: scan result = SSID: dops-mt20-50, BSSID: e0:ac:f1:c4:ab:b0, capabilities: [WPA2-PSK-CCMP][ESS], level: -58, frequency: 5745, timestamp: 18052887744, distance: ?(cm), distanceSd: ?(cm)
01-04 21:26:09.425: D/WifiStateMachine(937): 19: scan result = SSID: dops-mt27-50, BSSID: e0:ac:f1:c4:ac:31, capabilities: [WPA2-PSK-CCMP][ESS], level: -58, frequency: 5765, timestamp: 18052887767, distance: ?(cm), distanceSd: ?(cm)
01-04 21:26:09.425: D/WifiStateMachine(937): 20: scan result = SSID: mtaas-atl14-cl5-50, BSSID: e0:ac:f1:c4:ac:30, capabilities: [WPA2-PSK-CCMP][ESS], level: -58, frequency: 5765, timestamp: 18052887776, distance: ?(cm), distanceSd: ?(cm)
01-04 21:26:09.425: D/WifiStateMachine(937): 21: scan result = SSID: dops-mt20-50, BSSID: e0:ac:f1:c4:e2:90, capabilities: [WPA2-PSK-CCMP][ESS], level: -62, frequency: 5180, timestamp: 18052887840, distance: ?(cm), distanceSd: ?(cm)
01-04 21:26:09.425: D/WifiStateMachine(937): 22: scan result = SSID: mtaas-atl14-cl5-50, BSSID: e0:ac:f1:c4:d9:b0, capabilities: [WPA2-PSK-CCMP][ESS], level: -63, frequency: 5785, timestamp: 18052887831, distance: ?(cm), distanceSd: ?(cm)
01-04 21:26:09.425: D/WifiStateMachine(937): 23: scan result = SSID: dops-mt29-50, BSSID: e0:ac:f1:c4:d9:b1, capabilities: [WPA2-PSK-CCMP][ESS], level: -63, frequency: 5785, timestamp: 18052887822, distance: ?(cm), distanceSd: ?(cm)
01-04 21:26:09.425: D/WifiStateMachine(937): 24: scan result = SSID: casper-A, BSSID: 94:b4:0f:fc:ec:50, capabilities: [WPA2-EAP-CCMP][ESS], level: -63, frequency: 5825, timestamp: 18016322795, distance: ?(cm), distanceSd: ?(cm)
01-04 21:26:09.425: D/WifiStateMachine(937): 25: scan result = SSID: dops-mt12-50, BSSID: e0:ac:f1:c2:e2:d0, capabilities: [WPA2-PSK-CCMP][ESS], level: -65, frequency: 5765, timestamp: 18052887814, distance: ?(cm), distanceSd: ?(cm)
01-04 21:26:09.425: D/WifiStateMachine(937): 26: scan result = SSID: dops-mt16-50, BSSID: e0:ac:f1:c3:29:70, capabilities: [WPA2-PSK-CCMP][ESS], level: -66, frequency: 5805, timestamp: 18052887977, distance: ?(cm), distanceSd: ?(cm)
01-04 21:26:09.425: D/WifiStateMachine(937): 27: scan result = SSID: dops-mt23-50, BSSID: e0:ac:f1:c4:b0:d0, capabilities: [WPA2-PSK-CCMP][ESS], level: -66, frequency: 5220, timestamp: 18052887986, distance: ?(cm), distanceSd: ?(cm)
01-04 21:26:09.425: D/WifiStateMachine(937): 28: scan result = SSID: dops-mt23-50, BSSID: e0:ac:f1:c4:d7:b0, capabilities: [WPA2-PSK-CCMP][ESS], level: -66, frequency: 5240, timestamp: 18052887907, distance: ?(cm), distanceSd: ?(cm)
01-04 21:26:09.425: D/WifiStateMachine(937): 29: scan result = SSID: dops-mt14-50, BSSID: e0:ac:f1:c2:e4:10, capabilities: [WPA2-PSK-CCMP][ESS], level: -66, frequency: 5785, timestamp: 18052887916, distance: ?(cm), distanceSd: ?(cm)
01-04 21:26:09.425: D/WifiStateMachine(937): 30: scan result = SSID: dops-mt26-24, BSSID: e0:ac:f1:c4:ac:a0, capabilities: [WPA2-PSK-CCMP][ESS], level: -42, frequency: 2462, timestamp: 18052887586, distance: ?(cm), distanceSd: ?(cm)
01-04 21:26:09.435: D/WifiStateMachine(937): 31: scan result = SSID: dops-24, BSSID: e0:ac:f1:c4:a6:80, capabilities: [WPA2-PSK-CCMP][ESS], level: -45, frequency: 2427, timestamp: 18052887594, distance: ?(cm), distanceSd: ?(cm)
01-04 21:26:09.435: D/WifiStateMachine(937): 32: scan result = SSID: dops-mt24-24, BSSID: e0:ac:f1:c4:a8:80, capabilities: [WPA2-PSK-CCMP][ESS], level: -52, frequency: 2412, timestamp: 18016322740, distance: ?(cm), distanceSd: ?(cm)
01-04 21:26:09.435: D/WifiStateMachine(937): 33: scan result = SSID: dops-mt22-24, BSSID: e0:ac:f1:c4:aa:80, capabilities: [WPA2-PSK-CCMP][ESS], level: -55, frequency: 2462, timestamp: 18052887705, distance: ?(cm), distanceSd: ?(cm)
01-04 21:26:09.435: D/WifiStateMachine(937): 34: scan result = SSID: dops-mt20-24, BSSID: e0:ac:f1:c4:ae:80, capabilities: [WPA2-PSK-CCMP][ESS], level: -55, frequency: 2412, timestamp: 18016322736, distance: ?(cm), distanceSd: ?(cm)
01-04 21:26:09.435: D/WifiStateMachine(937): 35: scan result = SSID: dops-24, BSSID: e0:ac:f1:c4:e7:c0, capabilities: [WPA2-PSK-CCMP][ESS], level: -59, frequency: 2432, timestamp: 18052887793, distance: ?(cm), distanceSd: ?(cm)
01-04 21:26:09.435: D/WifiStateMachine(937): 36: scan result = SSID: dops-24, BSSID: e0:ac:f1:c4:e2:80, capabilities: [WPA2-PSK-CCMP][ESS], level: -62, frequency: 2457, timestamp: 18016322825, distance: ?(cm), distanceSd: ?(cm)
01-04 21:26:09.435: D/WifiStateMachine(937): 37: scan result = SSID: dops-mt16-24, BSSID: e0:ac:f1:c3:32:00, capabilities: [WPA2-PSK-CCMP][ESS], level: -64, frequency: 2462, timestamp: 18016322830, distance: ?(cm), distanceSd: ?(cm)
01-04 21:26:09.435: D/WifiStateMachine(937): 38: scan result = SSID: dops-24, BSSID: e0:ac:f1:c3:0a:40, capabilities: [WPA2-PSK-CCMP][ESS], level: -64, frequency: 2462, timestamp: 18052887866, distance: ?(cm), distanceSd: ?(cm)
01-04 21:26:09.435: D/WifiStateMachine(937): 39: scan result = SSID: dops-mt14-24, BSSID: e0:ac:f1:c7:c6:80, capabilities: [WPA2-PSK-CCMP][ESS], level: -67, frequency: 2412, timestamp: 18016322954, distance: ?(cm), distanceSd: ?(cm)
01-04 21:26:09.435: D/WifiStateMachine(937): 40: scan result = SSID: wl-ftl-mt35-1-24, BSSID: 70:3a:0e:24:36:60, capabilities: [WPA2-PSK-CCMP][ESS], level: -69, frequency: 2412, timestamp: 18016322959, distance: ?(cm), distanceSd: ?(cm)
01-04 21:26:09.435: D/WifiStateMachine(937): 41: scan result = SSID: dops-mt21-50, BSSID: e0:ac:f1:c4:e7:d1, capabilities: [WPA2-PSK-CCMP][ESS], level: -68, frequency: 5180, timestamp: 18052887873, distance: ?(cm), distanceSd: ?(cm)
01-04 21:26:09.435: D/WifiStateMachine(937): 42: scan result = SSID: dops-mt15-50, BSSID: e0:ac:f1:c3:2a:91, capabilities: [WPA2-PSK-CCMP][ESS], level: -69, frequency: 5745, timestamp: 18052887943, distance: ?(cm), distanceSd: ?(cm)
01-04 21:26:09.435: D/WifiStateMachine(937): 43: scan result = SSID: dops-mt06-50, BSSID: e0:ac:f1:c3:0f:f0, capabilities: [WPA2-PSK-CCMP][ESS], level: -68, frequency: 5805, timestamp: 18052888042, distance: ?(cm), distanceSd: ?(cm)
01-04 21:26:09.435: D/WifiStateMachine(937): 44: scan result = SSID: mtaas-atl14-cl3-50, BSSID: e0:ac:f1:c3:2a:90, capabilities: [WPA2-PSK-CCMP][ESS], level: -69, frequency: 5745, timestamp: 18052887953, distance: ?(cm), distanceSd: ?(cm)
01-04 21:26:09.435: D/WifiStateMachine(937): 45: scan result = SSID: dops-mt08-50, BSSID: e0:ac:f1:c2:e4:30, capabilities: [WPA2-PSK-CCMP][ESS], level: -68, frequency: 5825, timestamp: 18052888033, distance: ?(cm), distanceSd: ?(cm)
01-04 21:26:09.435: D/WifiStateMachine(937): 46: scan result = SSID: mtaas-atl14-cl4-50, BSSID: e0:ac:f1:c4:e7:d0, capabilities: [WPA2-PSK-CCMP][ESS], level: -68, frequency: 5180, timestamp: 18052887882, distance: ?(cm), distanceSd: ?(cm)
01-04 21:26:09.445: D/WifiStateMachine(937): 47: scan result = SSID: mtaas-atl14-cl5-50, BSSID: e0:ac:f1:c4:ad:f0, capabilities: [WPA2-PSK-CCMP][ESS], level: -69, frequency: 5220, timestamp: 18052887970, distance: ?(cm), distanceSd: ?(cm)
01-04 21:26:09.445: D/WifiStateMachine(937): 48: scan result = SSID: dops-mt27-50, BSSID: e0:ac:f1:c4:ad:f1, capabilities: [WPA2-PSK-CCMP][ESS], level: -69, frequency: 5220, timestamp: 18052887961, distance: ?(cm), distanceSd: ?(cm)
01-04 21:26:09.445: D/WifiStateMachine(937): 49: scan result = SSID: mtaas-atl14-cl5-50, BSSID: e0:ac:f1:c3:05:d0, capabilities: [WPA2-PSK-CCMP][ESS], level: -69, frequency: 5180, timestamp: 18052887890, distance: ?(cm), distanceSd: ?(cm)
01-04 21:26:09.445: D/WifiStateMachine(937): 50: scan result = SSID: dops-mt29-50, BSSID: e0:ac:f1:c2:fa:d1, capabilities: [WPA2-PSK-CCMP][ESS], level: -69, frequency: 5200, timestamp: 18052888071, distance: ?(cm), distanceSd: ?(cm)
01-04 21:26:09.445: D/WifiStateMachine(937): 51: scan result = SSID: dops-mt29-50, BSSID: e0:ac:f1:c3:05:d1, capabilities: [WPA2-PSK-CCMP][ESS], level: -69, frequency: 5180, timestamp: 18052888052, distance: ?(cm), distanceSd: ?(cm)
01-04 21:26:09.445: D/WifiStateMachine(937): 52: scan result = SSID: mtaas-atl14-cl5-50, BSSID: e0:ac:f1:c2:fa:d0, capabilities: [WPA2-PSK-CCMP][ESS], level: -70, frequency: 5200, timestamp: 18052888080, distance: ?(cm), distanceSd: ?(cm)
01-04 21:26:09.445: D/WifiStateMachine(937): 53: scan result = SSID: dops-mt13-50, BSSID: e0:ac:f1:c2:e2:91, capabilities: [WPA2-PSK-CCMP][ESS], level: -70, frequency: 5825, timestamp: 18052887995, distance: ?(cm), distanceSd: ?(cm)
01-04 21:26:09.445: D/WifiStateMachine(937): 54: scan result = SSID: wl-ftl-mt30-1-5, BSSID: 70:3a:0e:34:fa:70, capabilities: [WPA2-PSK-CCMP][ESS], level: -70, frequency: 5825, timestamp: 18052887934, distance: ?(cm), distanceSd: ?(cm)
01-04 21:26:09.445: D/WifiStateMachine(937): 55: scan result = SSID: dops-mt28-50, BSSID: 88:90:8d:3d:db:a0, capabilities: [WPA2-PSK-CCMP][ESS], level: -70, frequency: 5825, timestamp: 18052887925, distance: ?(cm), distanceSd: ?(cm)
01-04 21:26:09.445: D/WifiStateMachine(937): 56: scan result = SSID: mtaas-atl14-cl2-50, BSSID: e0:ac:f1:c2:e2:90, capabilities: [WPA2-PSK-CCMP][ESS], level: -70, frequency: 5825, timestamp: 18052888004, distance: ?(cm), distanceSd: ?(cm)
01-04 21:26:09.445: D/WifiStateMachine(937): 57: scan result = SSID: dops-mt16-50, BSSID: e0:ac:f1:c3:32:10, capabilities: [WPA2-PSK-CCMP][ESS], level: -70, frequency: 5200, timestamp: 18052887898, distance: ?(cm), distanceSd: ?(cm)
01-04 21:26:09.445: D/WifiStateMachine(937): 58: scan result = SSID: dops-mt17-50, BSSID: e0:ac:f1:c3:2b:91, capabilities: [WPA2-PSK-CCMP][ESS], level: -71, frequency: 5765, timestamp: 18052888156, distance: ?(cm), distanceSd: ?(cm)
01-04 21:26:09.445: D/WifiStateMachine(937): 59: scan result = SSID: dops-mt05-50, BSSID: e0:ac:f1:c3:0a:90, capabilities: [WPA2-PSK-CCMP][ESS], level: -71, frequency: 5745, timestamp: 18052888194, distance: ?(cm), distanceSd: ?(cm)
01-04 21:26:09.445: D/WifiStateMachine(937): 60: scan result = SSID: mtaas-atl14-cl3-50, BSSID: e0:ac:f1:c3:2b:90, capabilities: [WPA2-PSK-CCMP][ESS], level: -71, frequency: 5765, timestamp: 18052888166, distance: ?(cm), distanceSd: ?(cm)
01-04 21:26:09.445: D/WifiStateMachine(937): 61: scan result = SSID: dops-mt09-50, BSSID: e0:ac:f1:c3:09:f1, capabilities: [WPA2-PSK-CCMP][ESS], level: -71, frequency: 5785, timestamp: 18052888243, distance: ?(cm), distanceSd: ?(cm)
01-04 21:26:09.445: D/WifiStateMachine(937): 62: scan result = SSID: mtaas-atl14-cl1-50-old, BSSID: e0:ac:f1:c3:09:f0, capabilities: [WPA2-PSK-CCMP][ESS], level: -71, frequency: 5785, timestamp: 18052888253, distance: ?(cm), distanceSd: ?(cm)
01-04 21:26:09.445: D/WifiStateMachine(937): 63: scan result = SSID: dops-mt22-50, BSSID: 18:9c:5d:3b:38:f0, capabilities: [WPA2-PSK-CCMP][ESS], level: -70, frequency: 5240, timestamp: 18052888024, distance: ?(cm), distanceSd: ?(cm)
01-04 21:26:09.455: D/WifiStateMachine(937): 64: scan result = SSID: dops-mt11-50, BSSID: e0:ac:f1:c2:e4:f0, capabilities: [WPA2-PSK-CCMP][ESS], level: -70, frequency: 5805, timestamp: 18052888061, distance: ?(cm), distanceSd: ?(cm)
01-04 21:26:09.455: D/WifiStateMachine(937): 65: scan result = SSID: dops-mt07-50, BSSID: e0:ac:f1:c3:01:10, capabilities: [WPA2-PSK-CCMP][ESS], level: -72, frequency: 5765, timestamp: 18052888089, distance: ?(cm), distanceSd: ?(cm)
01-04 21:26:09.455: D/WifiStateMachine(937): 66: scan result = SSID: wl-ftl-mt35-1-5, BSSID: 70:3a:0e:24:38:f0, capabilities: [WPA2-PSK-CCMP][ESS], level: -72, frequency: 5520, timestamp: 18052888283, distance: ?(cm), distanceSd: ?(cm)
01-04 21:26:09.455: D/WifiStateMachine(937): 67: scan result = SSID: dops-mt10-50, BSSID: e0:ac:f1:c2:fe:b0, capabilities: [WPA2-PSK-CCMP][ESS], level: -72, frequency: 5745, timestamp: 18052888184, distance: ?(cm), distanceSd: ?(cm)
01-04 21:26:09.455: D/WifiStateMachine(937): 68: scan result = SSID: wl-ftl-mt33-1-5, BSSID: 70:3a:0e:24:37:10, capabilities: [WPA2-PSK-CCMP][ESS], level: -72, frequency: 5745, timestamp: 18052888146, distance: ?(cm), distanceSd: ?(cm)
01-04 21:26:09.455: D/WifiStateMachine(937): 69: scan result = SSID: dops-mt18-50, BSSID: e0:ac:f1:c4:aa:d0, capabilities: [WPA2-PSK-CCMP][ESS], level: -71, frequency: 5240, timestamp: 18052888204, distance: ?(cm), distanceSd: ?(cm)
01-04 21:26:09.455: D/WifiStateMachine(937): 70: scan result = SSID: wl-ftl-mt34-1-5, BSSID: 70:3a:0e:24:3a:70, capabilities: [WPA2-PSK-CCMP][ESS], level: -72, frequency: 5785, timestamp: 18052888098, distance: ?(cm), distanceSd: ?(cm)
01-04 21:26:09.455: D/WifiStateMachine(937): 71: scan result = SSID: mtaas-atl14-cl4-50, BSSID: e0:ac:f1:c4:89:b0, capabilities: [WPA2-PSK-CCMP][ESS], level: -72, frequency: 5200, timestamp: 18052888117, distance: ?(cm), distanceSd: ?(cm)
01-04 21:26:09.455: D/WifiStateMachine(937): 72: scan result = SSID: wl-ftl-mt33-1-5, BSSID: 70:3a:0e:24:3a:d0, capabilities: [WPA2-PSK-CCMP][ESS], level: -73, frequency: 5700, timestamp: 18052888136, distance: ?(cm), distanceSd: ?(cm)
01-04 21:26:09.455: D/WifiStateMachine(937): 73: scan result = SSID: dops-mt18-50, BSSID: e0:ac:f1:c4:9e:10, capabilities: [WPA2-PSK-CCMP][ESS], level: -73, frequency: 5220, timestamp: 18052888126, distance: ?(cm), distanceSd: ?(cm)
01-04 21:26:09.455: D/WifiStateMachine(937): 74: scan result = SSID: dops-mt21-50, BSSID: e0:ac:f1:c4:89:b1, capabilities: [WPA2-PSK-CCMP][ESS], level: -73, frequency: 5200, timestamp: 18052888108, distance: ?(cm), distanceSd: ?(cm)
01-04 21:26:09.455: D/WifiStateMachine(937): 75: scan result = SSID: casper-A, BSSID: 94:b4:0f:fc:ec:90, capabilities: [WPA2-EAP-CCMP][ESS], level: -74, frequency: 5825, timestamp: 18016322974, distance: ?(cm), distanceSd: ?(cm)
01-04 21:26:09.455: D/WifiStateMachine(937): 76: scan result = SSID: mtaas-atl14-cl5-50, BSSID: e0:ac:f1:c4:ab:50, capabilities: [WPA2-PSK-CCMP][ESS], level: -73, frequency: 5240, timestamp: 18052888234, distance: ?(cm), distanceSd: ?(cm)
01-04 21:26:09.455: D/WifiStateMachine(937): 77: scan result = SSID: dops-mt27-50, BSSID: e0:ac:f1:c4:ab:51, capabilities: [WPA2-PSK-CCMP][ESS], level: -74, frequency: 5240, timestamp: 18052888224, distance: ?(cm), distanceSd: ?(cm)
01-04 21:26:09.455: D/WifiStateMachine(937): 78: scan result = SSID: wl-ftl-mt30-1-5, BSSID: 70:3a:0e:34:f6:10, capabilities: [WPA2-PSK-CCMP][ESS], level: -75, frequency: 5560, timestamp: 18052888175, distance: ?(cm), distanceSd: ?(cm)
01-04 21:26:09.455: D/WifiStateMachine(937): 79: scan result = SSID: casper-A, BSSID: 94:b4:0f:fc:e9:d0, capabilities: [WPA2-EAP-CCMP][ESS], level: -77, frequency: 5240, timestamp: 18052888411, distance: ?(cm), distanceSd: ?(cm)
01-04 21:26:09.455: D/WifiStateMachine(937): 80: scan result = SSID: wl-ftl-mt31-1-5, BSSID: 70:3a:0e:24:3c:50, capabilities: [WPA2-PSK-CCMP][ESS], level: -77, frequency: 5500, timestamp: 18052888342, distance: ?(cm), distanceSd: ?(cm)
01-04 21:26:09.455: D/WifiStateMachine(937): 81: scan result = SSID: dops-mt13-50, BSSID: e0:ac:f1:c2:fe:50, capabilities: [WPA2-PSK-CCMP][ESS], level: -78, frequency: 5180, timestamp: 18052888352, distance: ?(cm), distanceSd: ?(cm)
01-04 21:26:09.455: D/WifiStateMachine(937): 82: scan result = SSID: dops-mt19-50, BSSID: e0:ac:f1:c3:2a:b1, capabilities: [WPA2-PSK-CCMP][ESS], level: -78, frequency: 5220, timestamp: 18052888322, distance: ?(cm), distanceSd: ?(cm)
01-04 21:26:09.465: D/WifiStateMachine(937): 83: scan result = SSID: mtaas-atl14-cl3-50, BSSID: e0:ac:f1:c3:2a:b0, capabilities: [WPA2-PSK-CCMP][ESS], level: -78, frequency: 5220, timestamp: 18052888332, distance: ?(cm), distanceSd: ?(cm)
01-04 21:26:09.465: D/WifiStateMachine(937): 84: scan result = SSID: dops-mt15-50, BSSID: e0:ac:f1:c3:2c:31, capabilities: [WPA2-PSK-CCMP][ESS], level: -79, frequency: 5220, timestamp: 18052888303, distance: ?(cm), distanceSd: ?(cm)
01-04 21:26:09.465: D/WifiStateMachine(937): 85: scan result = SSID: mtaas-atl14-cl3-50, BSSID: e0:ac:f1:c3:2c:30, capabilities: [WPA2-PSK-CCMP][ESS], level: -79, frequency: 5220, timestamp: 18052888312, distance: ?(cm), distanceSd: ?(cm)
01-04 21:26:09.465: D/WifiStateMachine(937): 86: scan result = SSID: mtaas-atl14-cl3-50, BSSID: e0:ac:f1:c3:0a:50, capabilities: [WPA2-PSK-CCMP][ESS], level: -79, frequency: 5240, timestamp: 18052888371, distance: ?(cm), distanceSd: ?(cm)
01-04 21:26:09.465: D/WifiStateMachine(937): 87: scan result = SSID: dops-mt15-50, BSSID: e0:ac:f1:c3:0a:51, capabilities: [WPA2-PSK-CCMP][ESS], level: -80, frequency: 5240, timestamp: 18052888361, distance: ?(cm), distanceSd: ?(cm)
01-04 21:26:09.465: D/WifiStateMachine(937): 88: scan result = SSID: dops-mt08-50, BSSID: e0:ac:f1:c2:ff:70, capabilities: [WPA2-PSK-CCMP][ESS], level: -80, frequency: 5180, timestamp: 18052888293, distance: ?(cm), distanceSd: ?(cm)
01-04 21:26:09.465: D/WifiStateMachine(937): 89: scan result = SSID: dops-mt14-50, BSSID: e0:ac:f1:c3:02:10, capabilities: [WPA2-PSK-CCMP][ESS], level: -81, frequency: 5240, timestamp: 18052888463, distance: ?(cm), distanceSd: ?(cm)
01-04 21:26:09.465: D/WifiStateMachine(937): 90: scan result = SSID: dops-mt08-50, BSSID: e0:ac:f1:c2:fe:30, capabilities: [WPA2-PSK-CCMP][ESS], level: -81, frequency: 5200, timestamp: 18052888421, distance: ?(cm), distanceSd: ?(cm)
01-04 21:26:09.465: D/WifiStateMachine(937): 91: scan result = SSID: dops-mt10-50, BSSID: e0:ac:f1:c3:0d:50, capabilities: [WPA2-PSK-CCMP][ESS], level: -83, frequency: 5240, timestamp: 18052888453, distance: ?(cm), distanceSd: ?(cm)
01-04 21:26:09.465: D/WifiStateMachine(937): 92: scan result = SSID: dops-mt06-50, BSSID: 18:9c:5d:3b:63:70, capabilities: [WPA2-PSK-CCMP][ESS], level: -86, frequency: 5240, timestamp: 18052888495, distance: ?(cm), distanceSd: ?(cm)
01-04 21:26:09.465: D/WifiStateMachine(937): 93: scan result = SSID: casperGuest, BSSID: 94:b4:0f:fc:eb:51, capabilities: [ESS], level: -55, frequency: 5825, timestamp: 18052887680, distance: ?(cm), distanceSd: ?(cm)
01-04 21:26:09.465: D/WifiStateMachine(937): 94: scan result = SSID: casperGuest, BSSID: 94:b4:0f:fc:e9:91, capabilities: [ESS], level: -58, frequency: 5785, timestamp: 18052887719, distance: ?(cm), distanceSd: ?(cm)
01-04 21:26:09.465: D/WifiStateMachine(937): 95: scan result = SSID: casperGuest, BSSID: 94:b4:0f:fc:ec:51, capabilities: [ESS], level: -63, frequency: 5825, timestamp: 18052887849, distance: ?(cm), distanceSd: ?(cm)
01-04 21:26:09.465: D/WifiStateMachine(937): 96: scan result = SSID: casperGuest, BSSID: 94:b4:0f:fc:ea:31, capabilities: [ESS], level: -74, frequency: 5805, timestamp: 18016322964, distance: ?(cm), distanceSd: ?(cm)
01-04 21:26:09.465: D/WifiStateMachine(937): 97: scan result = SSID: casperGuest, BSSID: 94:b4:0f:fc:ec:91, capabilities: [ESS], level: -75, frequency: 5825, timestamp: 18016322969, distance: ?(cm), distanceSd: ?(cm)
01-04 21:26:09.465: D/WifiStateMachine(937): 98: scan result = SSID: casperGuest, BSSID: 94:b4:0f:fc:e9:d1, capabilities: [ESS], level: -77, frequency: 5240, timestamp: 18052888381, distance: ?(cm), distanceSd: ?(cm)
01-04 21:26:09.475: D/WifiStateMachine(937): [ScoreAP] + roamToTopScoreAP: dops-mt24-50[e0:ac:f1:c4:a8:90], -47, 0
01-04 21:26:09.475: D/WifiStateMachine(937): 99: scan result = SSID: casperGuest, BSSID: 94:b4:0f:fc:eb:11, capabilities: [ESS], level: -80, frequency: 5745, timestamp: 18052888391, distance: ?(cm), distanceSd: ?(cm)
01-04 21:26:09.475: D/WifiStateMachine(937): 100: scan result = SSID: dops-mt25-50, BSSID: e0:ac:f1:c4:d2:b0, capabilities: [WPA2-PSK-CCMP][ESS], level: -60, frequency: 5200, timestamp: 18052887736, distance: ?(cm), distanceSd: ?(cm)
01-04 21:26:09.475: D/WifiStateMachine(937): 101: scan result = SSID: dops-mt20-50, BSSID: e0:ac:f1:c4:ae:90, capabilities: [WPA2-PSK-CCMP][ESS], level: -65, frequency: 5200, timestamp: 18052887857, distance: ?(cm), distanceSd: ?(cm)
01-04 21:26:09.475: D/WifiStateMachine(937): 102: scan result = SSID: dops-mt22-50, BSSID: e0:ac:f1:c4:aa:90, capabilities: [WPA2-PSK-CCMP][ESS], level: -66, frequency: 5220, timestamp: 18052888014, distance: ?(cm), distanceSd: ?(cm)
01-04 21:26:09.475: D/WifiStateMachine(937): 103: scan result = SSID: dops-24, BSSID: e0:ac:f1:c4:ab:60, capabilities: [WPA2-PSK-CCMP][ESS], level: -48, frequency: 2437, timestamp: 18052887641, distance: ?(cm), distanceSd: ?(cm)
01-04 21:26:09.475: D/WifiStateMachine(937): 104: scan result = SSID: dops-24, BSSID: e0:ac:f1:c4:d5:20, capabilities: [WPA2-PSK-CCMP][ESS], level: -52, frequency: 2452, timestamp: 18052887713, distance: ?(cm), distanceSd: ?(cm)
01-04 21:26:09.475: D/WifiStateMachine(937): 105: scan result = SSID: dops-24, BSSID: e0:ac:f1:c4:89:60, capabilities: [WPA2-PSK-CCMP][ESS], level: -56, frequency: 2422, timestamp: 18052887807, distance: ?(cm), distanceSd: ?(cm)
01-04 21:26:09.475: D/WifiStateMachine(937): 106: scan result = SSID: dops-24, BSSID: e0:ac:f1:c3:33:e0, capabilities: [WPA2-PSK-CCMP][ESS], level: -57, frequency: 2412, timestamp: 18052887799, distance: ?(cm), distanceSd: ?(cm)
01-04 21:26:09.475: D/WifiStateMachine(937): 107: scan result = SSID: casper-A, BSSID: 94:b4:0f:fc:ea:30, capabilities: [WPA2-EAP-CCMP][ESS], level: -73, frequency: 5805, timestamp: 18052888214, distance: ?(cm), distanceSd: ?(cm)
01-04 21:26:09.475: D/WifiStateMachine(937): 108: scan result = SSID: wl-ftl-mt32-1-5, BSSID: 70:3a:0e:24:36:10, capabilities: [WPA2-PSK-CCMP][ESS], level: -75, frequency: 5745, timestamp: 18052888263, distance: ?(cm), distanceSd: ?(cm)
01-04 21:26:09.475: D/WifiStateMachine(937): 109: scan result = SSID: wl-ftl-mt32-1-5, BSSID: 70:3a:0e:24:61:d0, capabilities: [WPA2-PSK-CCMP][ESS], level: -75, frequency: 5280, timestamp: 18052888274, distance: ?(cm), distanceSd: ?(cm)
01-04 21:26:09.475: D/WifiStateMachine(937): 110: scan result = SSID: mtaas-atl14-cl2-50, BSSID: e0:ac:f1:c3:00:b0, capabilities: [WPA2-PSK-CCMP][ESS], level: -82, frequency: 5240, timestamp: 18052888442, distance: ?(cm), distanceSd: ?(cm)
01-04 21:26:09.475: D/WifiStateMachine(937): 111: scan result = SSID: dops-mt11-50, BSSID: e0:ac:f1:c3:00:b1, capabilities: [WPA2-PSK-CCMP][ESS], level: -82, frequency: 5240, timestamp: 18052888431, distance: ?(cm), distanceSd: ?(cm)
