01-04 21:26:30.315: D/PMS(937): releaseWL(42d8d958): PARTIAL_WAKE_LOCK  GCM_LIB 0x1 null
01-04 21:26:30.315: I/ActivityManager(937): Resuming delayed broadcast
01-04 21:26:30.325: D/PMS(937): acquireWL(42f36a38): PARTIAL_WAKE_LOCK  wake:com.google.android.music/.leanback.AutoCacheSchedulingService 0x1 24634 10159 null
01-04 21:26:30.325: I/ActivityManager(937): Delay finish: com.google.android.music/.leanback.AutoCacheSchedulingService$EnablingReceiver
01-04 21:26:30.345: E/cutils(350): Failed to mkdirat(/storage/ext_sd/Android): Read-only file system
01-04 21:26:30.345: W/ContextImpl(24634): Failed to ensure directory: /storage/ext_sd/Android/data/com.google.android.music/cache
01-04 21:26:30.345: E/cutils(350): Failed to mkdirat(/storage/ext_sd/Android): Read-only file system
01-04 21:26:30.345: W/ContextImpl(24634): Failed to ensure directory: /storage/ext_sd/Android/data/com.google.android.music/cache
01-04 21:26:30.345: W/Vold(350): Returning OperationFailed - no handler for errno 30
01-04 21:26:30.345: W/Vold(350): Returning OperationFailed - no handler for errno 30
01-04 21:26:30.355: W/NetworkManagementSocketTagger(24260): untagSocket(61) failed with errno -22
01-04 21:26:30.355: W/ContextImpl(24634): Implicit intents with startService are not safe: Intent { act=com.google.android.music.NETWORK_MONITOR_SERVICE } android.content.ContextWrapper.bindService:524 com.google.android.music.utils.SafeServiceConnection$ServiceConnectionImp.bindService:98 com.google.android.music.utils.SafeServiceConnection.bindService:259 
01-04 21:26:30.415: I/PackageManager(937):  setEnabledSetting(), pkgName=com.google.android.music, clsName=com.google.android.music.leanback.AutoCacheSchedulingService$ActionReceiver, state=2, flag=1, pid=24634, uid=10159, userID:0
01-04 21:26:30.415: I/MusicLeanback(24634): Conditions not met for autocaching.
01-04 21:26:30.415: I/MusicLeanback(24634): Stop autocaching.
01-04 21:26:30.415: D/Finsky(24260): [1] VerifyInstalledPackagesReceiver.checkPrerequisites: Skipping verification because verify apps is not enabled
01-04 21:26:30.415: D/PMS(937): releaseWL(42f36a38): PARTIAL_WAKE_LOCK  wake:com.google.android.music/.leanback.AutoCacheSchedulingService 0x1 null
01-04 21:26:30.415: I/ActivityManager(937): Resuming delayed broadcast
01-04 21:26:30.415: D/ConnectivityService(937): getActiveNetworkInfo called by com.android.vending (24260/10073)
01-04 21:26:30.425: W/ContentTaskController(3897): Invalid newTask was provided to startTracking.
01-04 21:26:30.425: D/PMS(937): acquireWL(42d85f98): PARTIAL_WAKE_LOCK  GmsChimeraWakelockManager 0x1 3820 10029 WorkSource{10029 com.google.android.gms}
01-04 21:26:30.435: D/PMS(937): acquireWL(436cbf88): PARTIAL_WAKE_LOCK  GmsChimeraWakelockManager 0x1 3820 10029 WorkSource{10029 com.google.android.gms}
01-04 21:26:30.445: I/ActivityManager(937): Delay finish: com.google.android.gms/.drive.service.DriveAccountsChangeReceiver
01-04 21:26:30.455: W/ContentTaskController(3897): Invalid newTask was provided to startTracking.
01-04 21:26:30.465: W/NetworkManagementSocketTagger(24260): untagSocket(61) failed with errno -22
01-04 21:26:30.475: D/CustomizationManager(25605): ====startRecUseTime====
01-04 21:26:30.475: D/htc.customization.log.level(25605):  is 
01-04 21:26:30.475: W/CustomizationLogLevel(25605): Level value is invalid, use default level 2
01-04 21:26:30.485: D/WifiNative-wlan0(937): doString: SIGNAL_POLL
01-04 21:26:30.485: W/WifiHW(937): QCOM Debug wifi_send_command "IFNAME=wlan0 SIGNAL_POLL"
01-04 21:26:30.485: I/wpa_supplicant(19398): Recv Cmd 1: IFNAME=wlan0
01-04 21:26:30.485: E/wpa_supplicant(19398): send_and_recv error 0 - cmd 17
01-04 21:26:30.485: E/wpa_supplicant(19398): send_and_recv error 0 - cmd 5
01-04 21:26:30.485: D/wpa_supplicant(19398): nl80211: survey data missing!
01-04 21:26:30.485: E/wpa_supplicant(19398): send_and_recv error 0 - cmd 50
01-04 21:26:30.485: I/wpa_supplicant(19398): environment dirty rate=14 [654][93][0]
01-04 21:26:30.485: D/WifiStateMachine(937): fetchRssiAndLinkSpeedNative RSSI = -47 abnormalRssiCnt = 0 newLinkSpeed = 72
01-04 21:26:30.485: D/WifiStateMachine(937): fetchRssiAndLinkSpeedNative mLinkspeedCount = 2, mLinkspeedSum: 144
01-04 21:26:30.485: D/WifiNative-wlan0(937): doBoolean: SignalStrength 5
01-04 21:26:30.485: W/WifiHW(937): QCOM Debug wifi_send_command "IFNAME=wlan0 SignalStrength 5"
01-04 21:26:30.485: I/wpa_supplicant(19398): Recv Cmd 1: IFNAME=wlan0
01-04 21:26:30.485: D/wpa_supplicant(19398): WiFioffload: SignalStrength: =5
01-04 21:26:30.485: D/WifiNative-wlan0(937):    returned true
01-04 21:26:30.525: D/PMS(937): acquireWL(435d1cf0): PARTIAL_WAKE_LOCK  GmsChimeraWakelockManager 0x1 3820 10029 WorkSource{10029 com.google.android.gms}
01-04 21:26:30.525: D/PMS(937): acquireWL(43753a98): PARTIAL_WAKE_LOCK  GmsChimeraWakelockManager 0x1 3841 10029 WorkSource{10029 com.google.android.gms}
01-04 21:26:30.535: D/PMS(937): acquireWL(4374c238): PARTIAL_WAKE_LOCK  *net_scheduler* 0x1 3897 10029 WorkSource{10029 com.google.android.gms}
01-04 21:26:30.535: D/ConnectivityService(937): getActiveNetworkInfo called by  (3897/10029)
01-04 21:26:30.535: D/PMS(937): releaseWL(436cbf88): PARTIAL_WAKE_LOCK  GmsChimeraWakelockManager 0x1 WorkSource{10029 com.google.android.gms}
01-04 21:26:30.555: W/dalvikvm(3841): VFY: unable to find class referenced in signature (Landroid/service/persistentdata/PersistentDataBlockManager;)
01-04 21:26:30.555: D/WifiNative-wlan0(937): doString: SIGNAL_POLL
01-04 21:26:30.555: W/WifiHW(937): QCOM Debug wifi_send_command "IFNAME=wlan0 SIGNAL_POLL"
01-04 21:26:30.555: I/wpa_supplicant(19398): Recv Cmd 1: IFNAME=wlan0
01-04 21:26:30.555: E/dalvikvm(3841): Could not find class 'android.service.persistentdata.PersistentDataBlockManager', referenced from method dwn.a
01-04 21:26:30.555: W/dalvikvm(3841): VFY: unable to resolve check-cast 1413 (Landroid/service/persistentdata/PersistentDataBlockManager;) in Ldwn;
01-04 21:26:30.555: E/wpa_supplicant(19398): send_and_recv error 0 - cmd 17
01-04 21:26:30.555: E/wpa_supplicant(19398): send_and_recv error 0 - cmd 5
01-04 21:26:30.555: D/wpa_supplicant(19398): nl80211: survey data missing!
01-04 21:26:30.555: E/wpa_supplicant(19398): send_and_recv error 0 - cmd 50
01-04 21:26:30.555: I/wpa_supplicant(19398): environment dirty rate=0 [1][0][0]
01-04 21:26:30.555: D/WifiNative-wlan0(937): doString: SIGNAL_POLL
01-04 21:26:30.555: W/WifiHW(937): QCOM Debug wifi_send_command "IFNAME=wlan0 SIGNAL_POLL"
01-04 21:26:30.555: I/wpa_supplicant(19398): Recv Cmd 1: IFNAME=wlan0
01-04 21:26:30.555: W/dalvikvm(3841): VFY: unable to find class referenced in signature (Landroid/service/persistentdata/PersistentDataBlockManager;)
01-04 21:26:30.555: W/dalvikvm(3841): VFY: unable to resolve virtual method 3114: Landroid/service/persistentdata/PersistentDataBlockManager;.getMaximumDataBlockSize ()J
01-04 21:26:30.555: E/wpa_supplicant(19398): send_and_recv error 0 - cmd 17
01-04 21:26:30.555: E/wpa_supplicant(19398): send_and_recv error 0 - cmd 5
01-04 21:26:30.555: D/wpa_supplicant(19398): nl80211: survey data missing!
01-04 21:26:30.555: E/wpa_supplicant(19398): send_and_recv error 0 - cmd 50
01-04 21:26:30.555: I/wpa_supplicant(19398): environment dirty rate=0 [0][0][0]
01-04 21:26:30.555: W/dalvikvm(3841): VFY: unable to resolve virtual method 3115: Landroid/service/persistentdata/PersistentDataBlockManager;.read ()[B
01-04 21:26:30.555: D/PMS(937): releaseWL(43753a98): PARTIAL_WAKE_LOCK  GmsChimeraWakelockManager 0x1 WorkSource{10029 com.google.android.gms}
01-04 21:26:30.565: D/PMS(937): releaseWL(42d85f98): PARTIAL_WAKE_LOCK  GmsChimeraWakelockManager 0x1 WorkSource{10029 com.google.android.gms}
01-04 21:26:30.585: W/AlarmManager(937): Converted elapesd time is over 1 year! when = 315360016751
01-04 21:26:30.585: W/AlarmManager(937): Converted elapesd time is over 1 year! when = 315360016762
01-04 21:26:30.585: W/AlarmManager(937): Converted elapesd time is over 1 year! when = 315360017774
01-04 21:26:30.585: W/AlarmManager(937): Converted elapesd time is over 1 year! when = 315360113028
01-04 21:26:30.585: W/AlarmManager(937): Converted elapesd time is over 1 year! when = 315360113141
01-04 21:26:30.585: W/AlarmManager(937): Converted elapesd time is over 1 year! when = 315360113167
01-04 21:26:30.585: W/AlarmManager(937): Converted elapesd time is over 1 year! when = 315360113171
01-04 21:26:30.585: W/AlarmManager(937): Converted elapesd time is over 1 year! when = 315360113174
01-04 21:26:30.585: W/AlarmManager(937): Converted elapesd time is over 1 year! when = 315360113177
01-04 21:26:30.585: W/AlarmManager(937): Converted elapesd time is over 1 year! when = 315360113181
01-04 21:26:30.585: W/AlarmManager(937): Converted elapesd time is over 1 year! when = 315360114931
01-04 21:26:30.595: I/AuthZen(3820): Fetching signing key...
01-04 21:26:30.595: I/MS_RegisterService(3841): RegisterService intent:Intent { act=com.google.android.gms.matchstick.register_intent_action cat=[targeted_intent_op_prefix:com.google.android.libraries.matchstick.net.SilentRegisterIntentOperation] cmp=com.google.android.gms/.chimera.GmsIntentOperationService } isPeriodic:false
01-04 21:26:30.595: W/Auth(3897): [GetToken] Failed to get account ID
01-04 21:26:30.605: D/CustomizationManager(25605):  Read ACC file spent 0,090 (s)
01-04 21:26:30.605: V/CustomizationCIDLoader(25605): full path : /system/customize/CID/default.xml
01-04 21:26:30.605: I/CustomizationCIDLoader(25605): Parsing tag category name = system
01-04 21:26:30.605: I/CustomizationCIDLoader(25605): Parsing tag category name = application
01-04 21:26:30.605: I/CustomizationCIDLoader(25605): Parsing tag category name = SettingsProvider
01-04 21:26:30.605: I/CustomizationCIDLoader(25605): Parsing tag category name = Settings
01-04 21:26:30.605: I/CustomizationCIDLoader(25605): Parsing tag category name = AutomotiveHome
01-04 21:26:30.605: I/CustomizationCIDLoader(25605): Parsing tag category name = AudioService
01-04 21:26:30.605: I/CustomizationCIDLoader(25605): Parsing tag category name = ACC
01-04 21:26:30.605: D/CustomizationManager(25605):  Read CID file spent 0,129 (s)
01-04 21:26:30.605: D/CustomizationManager(25605):  All configurations done spent 0,129 (s)
01-04 21:26:30.605: I/PeopleDatabaseHelper(3841): Account added [18a5a9a1]
01-04 21:26:30.615: W/HtcNativeFlag(25605): Fail to get flag string for type 'customer', use default value
01-04 21:26:30.615: W/HtcNativeFlag(25605): Fail to get flag for type 'customer', use default value: -1
01-04 21:26:30.615: W/HtcNativeFlag(25605): Fail to get flag string for type 'language', use default value
01-04 21:26:30.615: W/HtcNativeFlag(25605): Fail to get flag for type 'language', use default value: -1
01-04 21:26:30.615: D/WifiNative-wlan0(937): doString: SIGNAL_POLL
01-04 21:26:30.615: W/WifiHW(937): QCOM Debug wifi_send_command "IFNAME=wlan0 SIGNAL_POLL"
01-04 21:26:30.615: I/wpa_supplicant(19398): Recv Cmd 1: IFNAME=wlan0
01-04 21:26:30.615: D/PMS(937): releaseWL(4374c238): PARTIAL_WAKE_LOCK  *net_scheduler* 0x1 WorkSource{10029 com.google.android.gms}
01-04 21:26:30.615: D/PMS(937): acquireWL(4366c790): PARTIAL_WAKE_LOCK  *net_scheduler* 0x1 3897 10029 WorkSource{10029 com.google.android.gms}
01-04 21:26:30.615: D/ConnectivityService(937): getActiveNetworkInfo called by  (3897/10029)
01-04 21:26:30.625: E/wpa_supplicant(19398): send_and_recv error 0 - cmd 17
01-04 21:26:30.625: E/wpa_supplicant(19398): send_and_recv error 0 - cmd 5
01-04 21:26:30.625: D/wpa_supplicant(19398): nl80211: survey data missing!
01-04 21:26:30.625: E/wpa_supplicant(19398): send_and_recv error 0 - cmd 50
01-04 21:26:30.625: I/wpa_supplicant(19398): environment dirty rate=66 [3][2][0]
01-04 21:26:30.625: D/WifiNative-wlan0(937): doString: SIGNAL_POLL
01-04 21:26:30.625: W/WifiHW(937): QCOM Debug wifi_send_command "IFNAME=wlan0 SIGNAL_POLL"
01-04 21:26:30.625: I/wpa_supplicant(19398): Recv Cmd 1: IFNAME=wlan0
01-04 21:26:30.625: E/wpa_supplicant(19398): send_and_recv error 0 - cmd 17
01-04 21:26:30.625: E/wpa_supplicant(19398): send_and_recv error 0 - cmd 5
01-04 21:26:30.625: D/wpa_supplicant(19398): nl80211: survey data missing!
01-04 21:26:30.625: E/wpa_supplicant(19398): send_and_recv error 0 - cmd 50
01-04 21:26:30.625: I/wpa_supplicant(19398): environment dirty rate=0 [0][0][0]
01-04 21:26:30.625: I/GCoreUlr(3820): Starting service, intent=Intent { act=com.google.android.location.reporting.ACTION_UPDATE_WORLD cmp=com.google.android.gms/com.google.android.location.reporting.service.DispatchingService (has extras) }, extras=Bundle[{receiverAction=com.google.android.gms.auth.GOOGLE_ACCOUNT_CHANGE}]
01-04 21:26:30.625: I/ActivityManager(937): Resuming delayed broadcast
01-04 21:26:30.635: I/MS_PhoneUtils(3841): Phone type: 1
01-04 21:26:30.635: D/Process(937): killProcessQuiet, pid=25204
01-04 21:26:30.635: D/Process(937): com.android.server.am.ActivityManagerService.killUnneededProcessLocked:7520 com.android.server.am.ActivityManagerService.updateOomAdjLocked:16983 com.android.server.am.ActivityManagerService.updateOomAdjLocked:16827 
01-04 21:26:30.635: W/MS_RegisterService(3841): Not eligible for registration.
01-04 21:26:30.635: W/AlarmManager(937): Converted elapesd time is over 1 year! when = 315360016751
01-04 21:26:30.635: W/AlarmManager(937): Converted elapesd time is over 1 year! when = 315360016762
01-04 21:26:30.635: W/AlarmManager(937): Converted elapesd time is over 1 year! when = 315360017774
01-04 21:26:30.635: W/AlarmManager(937): Converted elapesd time is over 1 year! when = 315360113028
01-04 21:26:30.635: W/AlarmManager(937): Converted elapesd time is over 1 year! when = 315360113141
01-04 21:26:30.635: W/AlarmManager(937): Converted elapesd time is over 1 year! when = 315360113167
01-04 21:26:30.635: W/AlarmManager(937): Converted elapesd time is over 1 year! when = 315360113171
01-04 21:26:30.635: W/AlarmManager(937): Converted elapesd time is over 1 year! when = 315360113174
01-04 21:26:30.635: W/AlarmManager(937): Converted elapesd time is over 1 year! when = 315360113177
01-04 21:26:30.635: W/AlarmManager(937): Converted elapesd time is over 1 year! when = 315360113181
01-04 21:26:30.635: W/AlarmManager(937): Converted elapesd time is over 1 year! when = 315360114931
01-04 21:26:30.635: I/ActivityManager(937): Killing 25204:com.google.android.music:ui/u0a159 (adj 15): empty #17
01-04 21:26:30.635: D/ConnectivityService(937): getActiveNetworkInfo called by com.google.android.gms (3841/10029)
01-04 21:26:30.645: D/PMS(937): releaseWL(4366c790): PARTIAL_WAKE_LOCK  *net_scheduler* 0x1 WorkSource{10029 com.google.android.gms}
01-04 21:26:30.645: D/PMS(937): acquireWL(4342ae88): PARTIAL_WAKE_LOCK  *net_scheduler* 0x1 3897 10029 WorkSource{10029 com.google.android.gms}
01-04 21:26:30.645: D/ConnectivityService(937): getActiveNetworkInfo called by  (3897/10029)
01-04 21:26:30.655: D/WifiNative-wlan0(937): doString: SIGNAL_POLL
01-04 21:26:30.655: W/WifiHW(937): QCOM Debug wifi_send_command "IFNAME=wlan0 SIGNAL_POLL"
01-04 21:26:30.655: I/wpa_supplicant(19398): Recv Cmd 1: IFNAME=wlan0
01-04 21:26:30.655: E/wpa_supplicant(19398): send_and_recv error 0 - cmd 17
01-04 21:26:30.655: E/wpa_supplicant(19398): send_and_recv error 0 - cmd 5
01-04 21:26:30.655: D/wpa_supplicant(19398): nl80211: survey data missing!
01-04 21:26:30.655: E/wpa_supplicant(19398): send_and_recv error 0 - cmd 50
01-04 21:26:30.655: I/wpa_supplicant(19398): environment dirty rate=0 [0][0][0]
01-04 21:26:30.655: D/WifiNative-wlan0(937): doString: SIGNAL_POLL
01-04 21:26:30.655: W/WifiHW(937): QCOM Debug wifi_send_command "IFNAME=wlan0 SIGNAL_POLL"
01-04 21:26:30.655: I/wpa_supplicant(19398): Recv Cmd 1: IFNAME=wlan0
01-04 21:26:30.655: E/wpa_supplicant(19398): send_and_recv error 0 - cmd 17
01-04 21:26:30.655: E/wpa_supplicant(19398): send_and_recv error 0 - cmd 5
01-04 21:26:30.655: D/wpa_supplicant(19398): nl80211: survey data missing!
01-04 21:26:30.655: E/wpa_supplicant(19398): send_and_recv error 0 - cmd 50
01-04 21:26:30.655: I/wpa_supplicant(19398): environment dirty rate=0 [0][0][0]
01-04 21:26:30.655: W/ContentTaskController(3897): Invalid task was provided to stopTracking.
01-04 21:26:30.655: W/AlarmManager(937): Converted elapesd time is over 1 year! when = 315360016751
01-04 21:26:30.655: W/AlarmManager(937): Converted elapesd time is over 1 year! when = 315360016762
01-04 21:26:30.655: W/AlarmManager(937): Converted elapesd time is over 1 year! when = 315360017774
01-04 21:26:30.655: W/AlarmManager(937): Converted elapesd time is over 1 year! when = 315360113028
01-04 21:26:30.655: W/AlarmManager(937): Converted elapesd time is over 1 year! when = 315360113141
01-04 21:26:30.655: W/AlarmManager(937): Converted elapesd time is over 1 year! when = 315360113167
01-04 21:26:30.655: W/AlarmManager(937): Converted elapesd time is over 1 year! when = 315360113171
01-04 21:26:30.655: W/AlarmManager(937): Converted elapesd time is over 1 year! when = 315360113174
01-04 21:26:30.655: W/AlarmManager(937): Converted elapesd time is over 1 year! when = 315360113177
01-04 21:26:30.655: W/AlarmManager(937): Converted elapesd time is over 1 year! when = 315360113181
01-04 21:26:30.655: W/AlarmManager(937): Converted elapesd time is over 1 year! when = 315360114931
01-04 21:26:30.665: I/MS_RegisterService(3841): Not registered and not registration not allowed. User override:false
01-04 21:26:30.675: I/PeopleDatabaseHelper(3841): cleanUpNonGplusAccounts done.
01-04 21:26:30.675: I/AuthZen(3820): Creating new signing Keys for handle: device_key
01-04 21:26:30.675: D/PMS(937): acquireWL(432cb750): PARTIAL_WAKE_LOCK  *net_scheduler* 0x1 3897 10029 WorkSource{10029 com.google.android.gms}
01-04 21:26:30.675: D/MediaRouterService(937): Client com.google.android.music (pid 25204): Died!
01-04 21:26:30.675: I/DisplayManagerService(937): stopWifiDisplayScanLocked(): mWifiDisplayScanRequested = false, mWifiDisplayScanRequestCount = 0
01-04 21:26:30.675: I/ActivityManager(937): Recipient 25204
01-04 21:26:30.685: W/dalvikvm(3820): VFY: unable to resolve virtual method 52870: Lsun/misc/Unsafe;.putByte (Ljava/lang/Object;JB)V
01-04 21:26:30.685: D/PMS(937): acquireWL(432b5410): PARTIAL_WAKE_LOCK  UlrDispSvcFastWL 0x1 3820 10029 WorkSource{10029 com.google.android.gms}
01-04 21:26:30.695: I/MediaFocusControl(937):  AudioFocus  abandonAudioFocus() from android.media.AudioManager@426b13e8com.google.android.music.playback.LocalDevicePlayback$10@426b2480
01-04 21:26:30.695: I/GCoreUlr(3820): WorldUpdater received intent Intent { act=com.google.android.location.reporting.ACTION_UPDATE_WORLD cmp=com.google.android.gms/com.google.android.location.reporting.service.DispatchingService (has extras) } with receiverAction com.google.android.gms.auth.GOOGLE_ACCOUNT_CHANGE
01-04 21:26:30.695: D/MediaPlayer(24634): release() in
01-04 21:26:30.695: D/MediaPlayer(24634): release() out
01-04 21:26:30.695: D/HtcDeviceInfoManager(937): MediaReceiver.onReceive
01-04 21:26:30.695: V/HtcDeviceInfoManager(937): act=2, pid=24634, type=1, hashCode=426b83b0
01-04 21:26:30.695: D/PMS(937): acquireWL(432b33e8): PARTIAL_WAKE_LOCK  com.google.android.music.playback.LocalAsyncMediaPlayer 0x1 24634 10159 null
01-04 21:26:30.695: D/PMS(937): acquireWL(432b2598): PARTIAL_WAKE_LOCK  com.google.android.music.playback.LocalDevicePlayback.mAsyncWakeLock 0x1 24634 10159 null
01-04 21:26:30.695: D/PMS(937): releaseWL(432b2598): PARTIAL_WAKE_LOCK  com.google.android.music.playback.LocalDevicePlayback.mAsyncWakeLock 0x1 null
01-04 21:26:30.695: D/PMS(937): releaseWL(432b33e8): PARTIAL_WAKE_LOCK  com.google.android.music.playback.LocalAsyncMediaPlayer 0x1 null
01-04 21:26:30.695: D/PMS(937): acquireWL(432ae890): PARTIAL_WAKE_LOCK  com.google.android.music.playback.LocalDevicePlayback.mAsyncWakeLock 0x1 24634 10159 null
01-04 21:26:30.695: D/PMS(937): releaseWL(432ae890): PARTIAL_WAKE_LOCK  com.google.android.music.playback.LocalDevicePlayback.mAsyncWakeLock 0x1 null
01-04 21:26:30.705: D/CacheService(24634): onDestroy
01-04 21:26:30.705: D/Process(937): killProcessQuiet, pid=25232
01-04 21:26:30.705: D/Process(937): com.android.server.am.ActivityManagerService.killUnneededProcessLocked:7520 com.android.server.am.ActivityManagerService.updateOomAdjLocked:16983 com.android.server.am.ActivityManagerService.updateOomAdjLocked:16827 
01-04 21:26:30.705: I/AuthZen(3820): Signing key fetched successfully!
01-04 21:26:30.705: I/ActivityManager(937): Killing 25232:com.htc.sense.browser:provider2/u0a12 (adj 15): empty #17
01-04 21:26:30.705: D/ConnectivityService(937): getActiveNetworkInfo called by com.google.android.gms (3820/10029)
01-04 21:26:30.705: D/PMS(937): releaseWL(4342ae88): PARTIAL_WAKE_LOCK  *net_scheduler* 0x1 WorkSource{10029 com.google.android.gms}
01-04 21:26:30.715: W/dalvikvm(3820): VFY: unable to resolve virtual method 1756: Landroid/app/KeyguardManager;.isDeviceLocked ()Z
01-04 21:26:30.715: W/dalvikvm(3820): VFY: unable to resolve virtual method 1757: Landroid/app/KeyguardManager;.isDeviceSecure ()Z
01-04 21:26:30.715: I/ActivityManager(937): Recipient 25232
01-04 21:26:30.715: I/DisplayManagerService(937): stopWifiDisplayScanLocked(): mWifiDisplayScanRequested = false, mWifiDisplayScanRequestCount = 0
01-04 21:26:30.725: W/Auth(3897): [GetToken] Failed to get account ID
01-04 21:26:30.725: W/UdcUtils(3841): Could not retrieve accountId
01-04 21:26:30.725: W/UdcUtils(3841): dto: INVALID_SCOPE
01-04 21:26:30.725: W/UdcUtils(3841): 	at dts.a(:com.google.android.gms:1529)
01-04 21:26:30.725: W/UdcUtils(3841): 	at dtr.a(:com.google.android.gms:936)
01-04 21:26:30.725: W/UdcUtils(3841): 	at dtr.e(:com.google.android.gms:533)
01-04 21:26:30.725: W/UdcUtils(3841): 	at dtr.d(:com.google.android.gms:453)
01-04 21:26:30.725: W/UdcUtils(3841): 	at dtr.c(:com.google.android.gms:436)
01-04 21:26:30.725: W/UdcUtils(3841): 	at dtr.e(:com.google.android.gms:718)
01-04 21:26:30.725: W/UdcUtils(3841): 	at dtp.c(:com.google.android.gms:812)
01-04 21:26:30.725: W/UdcUtils(3841): 	at abla.a(:com.google.android.gms:149)
01-04 21:26:30.725: W/UdcUtils(3841): 	at com.google.android.gms.udc.operations.UdcAccountChangedIntentOperation.onHandleIntent(:com.google.android.gms:16)
01-04 21:26:30.725: W/UdcUtils(3841): 	at com.google.android.chimera.IntentOperation.onHandleIntent(:com.google.android.gms:118)
01-04 21:26:30.725: W/UdcUtils(3841): 	at com.google.android.chimera.container.IntentOperationService$HandleActionTask$IntentHandler$IntentOperationRunner.run(:com.google.android.gms:1353)
01-04 21:26:30.725: W/UdcUtils(3841): 	at btx.run(:com.google.android.gms:1090)
01-04 21:26:30.725: W/UdcUtils(3841): 	at java.util.concurrent.ThreadPoolExecutor.runWorker(ThreadPoolExecutor.java:1112)
01-04 21:26:30.725: W/UdcUtils(3841): 	at java.util.concurrent.ThreadPoolExecutor$Worker.run(ThreadPoolExecutor.java:587)
01-04 21:26:30.725: W/UdcUtils(3841): 	at java.lang.Thread.run(Thread.java:864)
01-04 21:26:30.725: I/AuthZen(3820): Starting Enrollment...
01-04 21:26:30.735: I/ActivityManager(937): Delay finish: com.google.android.gms/.auth.api.credentials.sync.CredentialSyncBroadcastReceiver
01-04 21:26:30.735: I/GCoreUlr(3820): WorldUpdater:com.google.android.gms.auth.GOOGLE_ACCOUNT_CHANGE: Ensuring that reporting is stopped because of reasons: {account#9#=[InactiveReason{mVersionCode=0, mIdentifier=6, mName='ReportingNotEnabled'}, InactiveReason{mVersionCode=0, mIdentifier=14, mName='HistoryNotEnabled'}]}
01-04 21:26:30.745: D/PMS(937): acquireWL(42bf9558): PARTIAL_WAKE_LOCK  GCoreFlp 0x1 3820 10029 WorkSource{10029 com.google.android.gms}
01-04 21:26:30.745: D/PMS(937): acquireWL(425a8240): PARTIAL_WAKE_LOCK  CMWakeLock 0x1 3820 10029 WorkSource{10029 com.google.android.gms}
01-04 21:26:30.745: D/PMS(937): releaseWL(42bf9558): PARTIAL_WAKE_LOCK  GCoreFlp 0x1 WorkSource{10029 com.google.android.gms}
01-04 21:26:30.755: I/GCoreUlr(3820): Unbound from all location providers
01-04 21:26:30.755: I/GCoreUlr(3820): Place inference reporting - stop
01-04 21:26:30.755: D/PMS(937): releaseWL(425a8240): PARTIAL_WAKE_LOCK  CMWakeLock 0x1 WorkSource{10029 com.google.android.gms}
01-04 21:26:30.755: D/PMS(937): releaseWL(432b5410): PARTIAL_WAKE_LOCK  UlrDispSvcFastWL 0x1 null
01-04 21:26:30.765: I/GCoreUlr(3820): DispatchingService.onDestroy()
01-04 21:26:30.765: I/GCoreUlr(3820): Stopping handler for UlrDispSvcFast
01-04 21:26:30.765: I/GCoreUlr(3820): Unbound from all location providers
01-04 21:26:30.765: I/GCoreUlr(3820): Place inference reporting - stop
01-04 21:26:30.765: I/GCoreUlr(3820): DispatchingService ignoring Intent { act=android.net.wifi.WIFI_STATE_CHANGED flg=0x4000010 (has extras) } because ULR inactive
01-04 21:26:30.765: D/libc(3897): [NET] getaddrinfo+,hn 26(0x616e64726f6964),sn(),family 0,flags 4
01-04 21:26:30.765: D/libc(3897): [NET] getaddrinfo-,err=8
01-04 21:26:30.765: D/libc(3897): [NET] getaddrinfo+,hn 26(0x616e64726f6964),sn(),family 0,flags 1024
01-04 21:26:30.765: D/libc(3897): [NET] getaddrinfo-, 1
01-04 21:26:30.765: D/libc(3897): [NET] getaddrinfo_proxy+
01-04 21:26:30.765: D/libc(360): [NET] getaddrinfo+,hn 26(0x616e64726f6964),sn(),family 0,flags 1024
01-04 21:26:30.765: D/libc(360): [NET]_dns_getaddrinfo: iface= v4v6=11 method=1
01-04 21:26:30.765: D/libc(360): [NET] +++++ res_nsend xid =7b2 +++++
01-04 21:26:30.765: D/libc(360): [NET] res_nLookupCache: rstatp->iface =
01-04 21:26:30.765: D/libc(360): [NET] +++++ res_nsend xid =7b2 +++++
01-04 21:26:30.765: D/libc(360): [NET] res_nLookupCache: rstatp->iface =
01-04 21:26:30.765: D/libc(360): [NET]res_queryN: exit 3, ancount=3
01-04 21:26:30.765: D/libc(360): [NET]_dns_getaddrinfo-, (NS_SUCCESS)
01-04 21:26:30.765: D/libc(360): [NET] getaddrinfo-, SUCCESS
01-04 21:26:30.765: D/libc(3897): [NET] getaddrinfo_proxy-, success
01-04 21:26:30.765: D/PMS(937): acquireWL(42a4f9b0): PARTIAL_WAKE_LOCK  UlrDispSvcFastWL 0x1 3820 10029 null
01-04 21:26:30.765: D/PMS(937): acquireWL(42983740): PARTIAL_WAKE_LOCK  GCoreFlp 0x1 3820 10029 WorkSource{10029 com.google.android.gms}
01-04 21:26:30.765: D/PMS(937): releaseWL(42983740): PARTIAL_WAKE_LOCK  GCoreFlp 0x1 WorkSource{10029 com.google.android.gms}
01-04 21:26:30.765: D/PMS(937): releaseWL(42a4f9b0): PARTIAL_WAKE_LOCK  UlrDispSvcFastWL 0x1 null
01-04 21:26:30.775: D/YouTube(25061): apps.youtube.common.e.j.e:170 Scheduling task com.google.android.apps.youtube.datalib.offline.o with ScheduledExecutorService for repeating execution.
01-04 21:26:30.775: D/YouTube(25061): apps.youtube.common.e.j.e:170 Scheduling task com.google.android.apps.youtube.datalib.offline.q with ScheduledExecutorService for repeating execution.
01-04 21:26:30.775: D/libc(3897): [NET] getaddrinfo+,hn 26(0x616e64726f6964),sn(),family 0,flags 4
01-04 21:26:30.775: D/libc(3897): [NET] getaddrinfo-,err=8
01-04 21:26:30.775: W/Conscrypt(3897): Could not set socket write timeout: null
01-04 21:26:30.775: I/Prism.ItemManager(1304): loadItemsIfNotLoaded() isDelayLoad: false, isLoaded: false, isToLoad: true
01-04 21:26:30.775: I/Prism.ItemManager(1304): loadItems() com.htc.launcher.pageview.WidgetManager@425a0ba0 +
01-04 21:26:30.775: I/Prism.WidgetManager(1304): onLoadItems() +
01-04 21:26:30.785: W/Conscrypt(3897): Could not set socket write timeout: null
01-04 21:26:30.805: E/AuthZen(3820): Failed to do enrollment for account: AAD7SPA5W6UXSMG5HNS2AITA2Y-00@cloudtestlabaccounts.com
01-04 21:26:30.805: E/AuthZen(3820): eua: Failed to get a token for authzen enrollment
01-04 21:26:30.805: E/AuthZen(3820): 	at etz.b(:com.google.android.gms:182)
01-04 21:26:30.805: E/AuthZen(3820): 	at etz.a(:com.google.android.gms:153)
01-04 21:26:30.805: E/AuthZen(3820): 	at euc.a(:com.google.android.gms:191)
01-04 21:26:30.805: E/AuthZen(3820): 	at euc.a(:com.google.android.gms:2142)
01-04 21:26:30.805: E/AuthZen(3820): 	at eot.a(:com.google.android.gms:278)
01-04 21:26:30.805: E/AuthZen(3820): 	at eot.a(:com.google.android.gms:239)
01-04 21:26:30.805: E/AuthZen(3820): 	at eot.a(:com.google.android.gms:190)
01-04 21:26:30.805: E/AuthZen(3820): 	at com.google.android.gms.auth.authzen.cryptauth.AccountChangeProcessingIntentOperation.onHandleIntent(:com.google.android.gms:40)
01-04 21:26:30.805: E/AuthZen(3820): 	at com.google.android.chimera.IntentOperation.onHandleIntent(:com.google.android.gms:118)
01-04 21:26:30.805: E/AuthZen(3820): 	at com.google.android.chimera.container.IntentOperationService$HandleActionTask$IntentHandler$IntentOperationRunner.run(:com.google.android.gms:1353)
01-04 21:26:30.805: E/AuthZen(3820): 	at btx.run(:com.google.android.gms:1090)
01-04 21:26:30.805: E/AuthZen(3820): 	at java.util.concurrent.ThreadPoolExecutor.runWorker(ThreadPoolExecutor.java:1112)
01-04 21:26:30.805: E/AuthZen(3820): 	at java.util.concurrent.ThreadPoolExecutor$Worker.run(ThreadPoolExecutor.java:587)
01-04 21:26:30.805: E/AuthZen(3820): 	at java.lang.Thread.run(Thread.java:864)
01-04 21:26:30.825: W/Auth(3897): [GetToken] Failed to get account ID
01-04 21:26:30.825: E/Prism.WidgetManager(1304): The same lists. No need to update. skip it.
01-04 21:26:30.825: I/Prism.WidgetManager(1304): onLoadItems() -
01-04 21:26:30.825: E/Auth.Api.Credentials(3841): [CredentialSyncReceiverService] Failed to create the account.
01-04 21:26:30.825: E/Auth.Api.Credentials(3841): dto: INVALID_SCOPE
01-04 21:26:30.825: E/Auth.Api.Credentials(3841): 	at dts.a(:com.google.android.gms:1529)
01-04 21:26:30.825: E/Auth.Api.Credentials(3841): 	at dtr.a(:com.google.android.gms:936)
01-04 21:26:30.825: E/Auth.Api.Credentials(3841): 	at dtr.e(:com.google.android.gms:533)
01-04 21:26:30.825: E/Auth.Api.Credentials(3841): 	at dtr.d(:com.google.android.gms:453)
01-04 21:26:30.825: E/Auth.Api.Credentials(3841): 	at dtr.c(:com.google.android.gms:436)
01-04 21:26:30.825: E/Auth.Api.Credentials(3841): 	at dtr.e(:com.google.android.gms:718)
01-04 21:26:30.825: E/Auth.Api.Credentials(3841): 	at eah.a(:com.google.android.gms:54)
01-04 21:26:30.825: E/Auth.Api.Credentials(3841): 	at com.google.android.gms.auth.api.credentials.sync.CredentialSyncReceiverChimeraService.a(:com.google.android.gms:171)
01-04 21:26:30.825: E/Auth.Api.Credentials(3841): 	at com.google.android.gms.auth.api.credentials.sync.CredentialSyncReceiverChimeraService.onHandleIntent(:com.google.android.gms:122)
01-04 21:26:30.825: E/Auth.Api.Credentials(3841): 	at bss.handleMessage(:com.google.android.gms:67)
01-04 21:26:30.825: E/Auth.Api.Credentials(3841): 	at android.os.Handler.dispatchMessage(Handler.java:102)
01-04 21:26:30.825: E/Auth.Api.Credentials(3841): 	at android.os.Looper.loop(Looper.java:157)
01-04 21:26:30.825: E/Auth.Api.Credentials(3841): 	at android.os.HandlerThread.run(HandlerThread.java:61)
01-04 21:26:30.825: I/Prism.ItemManager(1304): loadItems() com.htc.launcher.pageview.WidgetManager@425a0ba0 -
01-04 21:26:30.825: I/ActivityManager(937): Resuming delayed broadcast
01-04 21:26:30.835: D/PMS(937): acquireWL(42d57f70): PARTIAL_WAKE_LOCK  wake:com.google.android.gms/.checkin.CheckinService 0x1 3841 10029 null
01-04 21:26:30.835: D/PMS(937): acquireWL(42c661a8): PARTIAL_WAKE_LOCK  GCM_HB_ALARM 0x1 3897 10029 WorkSource{10029 com.google.android.gms}
01-04 21:26:30.835: D/Process(937): killProcessQuiet, pid=25302
01-04 21:26:30.835: D/Process(937): com.android.server.am.ActivityManagerService.killUnneededProcessLocked:7520 com.android.server.am.ActivityManagerService.updateOomAdjLocked:16983 com.android.server.am.ActivityManagerService.updateOomAdjLocked:16827 
01-04 21:26:30.835: I/ActivityManager(937): Killing 25302:com.google.android.partnersetup/u0a32 (adj 15): empty #17
01-04 21:26:30.835: D/ConnectivityService(937): getActiveNetworkInfo called by  (3897/10029)
01-04 21:26:30.835: I/DisplayManagerService(937): stopWifiDisplayScanLocked(): mWifiDisplayScanRequested = false, mWifiDisplayScanRequestCount = 0
01-04 21:26:30.835: I/ActivityManager(937): Recipient 25302
01-04 21:26:30.845: D/ConnectivityService(937): getActiveNetworkInfo called by  (3897/10029)
01-04 21:26:30.845: D/PMS(937): releaseWL(42ea0d68): PARTIAL_WAKE_LOCK  AlarmManager 0x1 WorkSource{10029 com.google.android.gms}
01-04 21:26:30.845: D/PMS(937): acquireWL(42fb4da0): PARTIAL_WAKE_LOCK  Checkin Service 0x1 3841 10029 WorkSource{10029 com.google.android.gms}
01-04 21:26:30.845: D/PMS(937): releaseWL(42d57f70): PARTIAL_WAKE_LOCK  wake:com.google.android.gms/.checkin.CheckinService 0x1 null
01-04 21:26:30.845: D/PMS(937): releaseWL(42c661a8): PARTIAL_WAKE_LOCK  GCM_HB_ALARM 0x1 WorkSource{10029 com.google.android.gms}
01-04 21:26:30.845: V/NativeCrypto(3897): Read error: ssl=0x77cf4d60: I/O error during system call, Connection reset by peer
01-04 21:26:30.845: V/NativeCrypto(3897): SSL shutdown failed: ssl=0x77cf4d60: I/O error during system call, Broken pipe
01-04 21:26:30.845: D/PMS(937): acquireWL(42e6e290): PARTIAL_WAKE_LOCK  wake:com.google.android.music/.leanback.AutoCacheSchedulingService 0x1 24634 10159 null
01-04 21:26:30.845: I/ActivityManager(937): Delay finish: com.google.android.music/.leanback.AutoCacheSchedulingService$EnablingReceiver
01-04 21:26:30.845: D/PMS(937): acquireWL(42de7320): PARTIAL_WAKE_LOCK  GCM_CONN 0x1 3897 10029 WorkSource{10029 com.google.android.gms}
01-04 21:26:30.845: D/ConnectivityService(937): getActiveNetworkInfo called by  (3897/10029)
01-04 21:26:30.855: W/GCM(3897): Resetting heartbeat counters (at min), good=5 bad=2
01-04 21:26:30.855: W/ContextImpl(24634): Implicit intents with startService are not safe: Intent { act=com.google.android.music.NETWORK_MONITOR_SERVICE } android.content.ContextWrapper.bindService:524 com.google.android.music.utils.SafeServiceConnection$ServiceConnectionImp.bindService:98 com.google.android.music.utils.SafeServiceConnection.bindService:259 
01-04 21:26:30.855: I/CheckinChimeraService(3841): Checking schedule, now: 1483593990864 next: 1483576053438
01-04 21:26:30.855: I/CheckinChimeraService(3841): active receiver: enabled
01-04 21:26:30.855: D/libc(3897): [NET] getaddrinfo+,hn 16(0x6d74616c6b2e67),sn(),family 0,flags 4
01-04 21:26:30.855: D/libc(3897): [NET] getaddrinfo-,err=8
01-04 21:26:30.855: D/libc(3897): [NET] getaddrinfo+,hn 16(0x6d74616c6b2e67),sn(),family 0,flags 1024
01-04 21:26:30.855: D/libc(3897): [NET] getaddrinfo-, 1
01-04 21:26:30.855: D/libc(3897): [NET] getaddrinfo_proxy+
01-04 21:26:30.855: D/libc(360): [NET] getaddrinfo+,hn 16(0x6d74616c6b2e67),sn(),family 0,flags 1024
01-04 21:26:30.855: D/libc(360): [NET]_dns_getaddrinfo: iface= v4v6=11 method=1
01-04 21:26:30.855: D/libc(360): [NET] +++++ res_nsend xid =1ce8 +++++
01-04 21:26:30.855: W/ContextImpl(24634): Implicit intents with startService are not safe: Intent { act=com.google.android.music.NETWORK_MONITOR_SERVICE } android.content.ContextWrapper.bindService:524 com.google.android.music.utils.SafeServiceConnection$ServiceConnectionImp.bindService:98 com.google.android.music.utils.SafeServiceConnection.bindService:259 
01-04 21:26:30.855: D/libc(360): [NET] res_nLookupCache: rstatp->iface =
01-04 21:26:30.855: W/AlarmManager(937): Converted elapesd time is over 1 year! when = 315360016751
01-04 21:26:30.855: W/AlarmManager(937): Converted elapesd time is over 1 year! when = 315360016762
01-04 21:26:30.855: W/AlarmManager(937): Converted elapesd time is over 1 year! when = 315360017774
01-04 21:26:30.855: W/AlarmManager(937): Converted elapesd time is over 1 year! when = 315360113028
01-04 21:26:30.855: W/AlarmManager(937): Converted elapesd time is over 1 year! when = 315360113141
01-04 21:26:30.855: W/AlarmManager(937): Converted elapesd time is over 1 year! when = 315360113167
01-04 21:26:30.855: W/AlarmManager(937): Converted elapesd time is over 1 year! when = 315360113171
01-04 21:26:30.855: W/AlarmManager(937): Converted elapesd time is over 1 year! when = 315360113174
01-04 21:26:30.855: W/AlarmManager(937): Converted elapesd time is over 1 year! when = 315360113177
01-04 21:26:30.855: W/AlarmManager(937): Converted elapesd time is over 1 year! when = 315360113181
01-04 21:26:30.855: W/AlarmManager(937): Converted elapesd time is over 1 year! when = 315360114931
01-04 21:26:30.855: D/ConnectivityService(937): getActiveNetworkInfo called by  (3897/10029)
01-04 21:26:30.855: D/ConnectivityService(937): reportInetCondition for net 1, percentage: 0 by  (3897/10029)
01-04 21:26:30.855: D/ConnectivityService(937): handleInetConditionChange: net=1, condition=0,mActiveDefaultNetwork=1
01-04 21:26:30.855: D/ConnectivityService(937): handleInetConditionChange: starting a change hold
01-04 21:26:30.855: D/PMS(937): acquireWL(42b0b8a8): PARTIAL_WAKE_LOCK  GCM_CONN_ALARM 0x1 3897 10029 WorkSource{10029 com.google.android.gms}
01-04 21:26:30.855: D/ConnectivityService(937): getActiveNetworkInfo called by  (3897/10029)
01-04 21:26:30.855: D/PMS(937): releaseWL(42de7320): PARTIAL_WAKE_LOCK  GCM_CONN 0x1 WorkSource{10029 com.google.android.gms}
01-04 21:26:30.855: D/ConnectivityService(937): getActiveNetworkInfo called by  (3897/10029)
01-04 21:26:30.855: I/PackageManager(937):  setEnabledSetting(), pkgName=com.google.android.gms, clsName=com.google.android.gms.checkin.CheckinServiceActiveReceiver, state=1, flag=1, pid=3841, uid=10029, userID:0
01-04 21:26:30.855: D/ConnectivityService(937): getActiveNetworkInfo called by  (3897/10029)
01-04 21:26:30.865: D/libc(360): [NET][SMD] Cache EXPIRED (STALE ENTRY 0xb83f9c38 DISCARDED) or need renew
01-04 21:26:30.865: D/libc(360): [NET] entry_id:144   entry:0xb83f9c38  removed 
01-04 21:26:30.885: I/CheckinChimeraService(3841): Preparing to send checkin request
01-04 21:26:30.885: I/EventLogChimeraService(3841): Accumulating logs since 1483592486740
01-04 21:26:30.885: I/GCM-GMS(3841): Failed to subscribe to group.
01-04 21:26:30.885: I/GCM-GMS(3841): dto: INVALID_SCOPE
01-04 21:26:30.885: I/GCM-GMS(3841): 	at dts.a(:com.google.android.gms:1529)
01-04 21:26:30.885: I/GCM-GMS(3841): 	at dtr.a(:com.google.android.gms:936)
01-04 21:26:30.885: I/GCM-GMS(3841): 	at dtr.e(:com.google.android.gms:533)
01-04 21:26:30.885: I/GCM-GMS(3841): 	at dtr.d(:com.google.android.gms:453)
01-04 21:26:30.885: I/GCM-GMS(3841): 	at dtr.b(:com.google.android.gms:444)
01-04 21:26:30.885: I/GCM-GMS(3841): 	at dtp.a(:com.google.android.gms:515)
01-04 21:26:30.885: I/GCM-GMS(3841): 	at oxq.a(:com.google.android.gms:441)
01-04 21:26:30.885: I/GCM-GMS(3841): 	at oxq.a(:com.google.android.gms:335)
01-04 21:26:30.885: I/GCM-GMS(3841): 	at oxq.b(:com.google.android.gms:201)
01-04 21:26:30.885: I/GCM-GMS(3841): 	at com.google.android.gms.gcm.gmsproc.GcmInGmsTaskChimeraService.a(:com.google.android.gms:38)
01-04 21:26:30.885: I/GCM-GMS(3841): 	at ovw.run(:com.google.android.gms:254)
01-04 21:26:30.885: I/GCM-GMS(3841): 	at java.util.concurrent.ThreadPoolExecutor.runWorker(ThreadPoolExecutor.java:1112)
01-04 21:26:30.885: I/GCM-GMS(3841): 	at java.util.concurrent.ThreadPoolExecutor$Worker.run(ThreadPoolExecutor.java:587)
01-04 21:26:30.885: I/GCM-GMS(3841): 	at java.lang.Thread.run(Thread.java:864)
01-04 21:26:30.885: D/libc(360): [NET][SMD][v0204] Extended TTL = 43200, original TTL = 283
01-04 21:26:30.885: D/libc(360): [NET]res_nsend:resplen=91
01-04 21:26:30.885: D/libc(360): [NET] +++++ res_nsend xid =1ce8 +++++
01-04 21:26:30.885: D/libc(360): [NET] res_nLookupCache: rstatp->iface =wlan0
01-04 21:26:30.885: D/libc(360): [NET][SMD] Cache EXPIRED (STALE ENTRY 0xb83f92e0 DISCARDED) or need renew
01-04 21:26:30.885: D/libc(360): [NET] entry_id:143   entry:0xb83f92e0  removed 
01-04 21:26:30.885: W/dalvikvm(3841): VFY: unable to resolve virtual method 2204: Landroid/content/Context;.getNoBackupFilesDir ()Ljava/io/File;
01-04 21:26:30.885: D/CacheService(24634): onCreate
01-04 21:26:30.885: D/CacheService(24634): onBind
01-04 21:26:30.885: D/libc(360): [NET][SMD][v0204] Extended TTL = 43200, original TTL = 267
01-04 21:26:30.885: D/libc(360): [NET]res_nsend:resplen=79
01-04 21:26:30.885: D/libc(360): [NET]res_queryN: exit 3, ancount=4
01-04 21:26:30.885: D/libc(360): [NET]_dns_getaddrinfo-, (NS_SUCCESS)
01-04 21:26:30.885: D/libc(360): [NET] getaddrinfo-, SUCCESS
01-04 21:26:30.885: D/libc(3897): [NET] getaddrinfo_proxy-, success
01-04 21:26:30.885: D/ConnectivityService(937): getActiveNetworkInfo called by com.google.android.gms (3841/10029)
01-04 21:26:30.895: I/GCM-GMS(3841): Groups upload failed
01-04 21:26:30.895: W/ContentTaskController(3897): Invalid newTask was provided to startTracking.
01-04 21:26:30.895: D/libc(3897): [NET] getaddrinfo+,hn 16(0x6d74616c6b2e67),sn(),family 0,flags 4
01-04 21:26:30.895: D/libc(3897): [NET] getaddrinfo-,err=8
01-04 21:26:30.895: D/PMS(937): releaseWL(432cb750): PARTIAL_WAKE_LOCK  *net_scheduler* 0x1 WorkSource{10029 com.google.android.gms}
01-04 21:26:30.895: D/PMS(937): acquireWL(42d785f0): PARTIAL_WAKE_LOCK  *net_scheduler* 0x1 3897 10029 WorkSource{10029 com.google.android.gms}
01-04 21:26:30.895: W/AlarmManager(937): Converted elapesd time is over 1 year! when = 315360016751
01-04 21:26:30.895: W/AlarmManager(937): Converted elapesd time is over 1 year! when = 315360016762
01-04 21:26:30.895: W/AlarmManager(937): Converted elapesd time is over 1 year! when = 315360017774
01-04 21:26:30.895: W/AlarmManager(937): Converted elapesd time is over 1 year! when = 315360113028
01-04 21:26:30.895: W/AlarmManager(937): Converted elapesd time is over 1 year! when = 315360113141
01-04 21:26:30.895: W/AlarmManager(937): Converted elapesd time is over 1 year! when = 315360113167
01-04 21:26:30.895: W/AlarmManager(937): Converted elapesd time is over 1 year! when = 315360113171
01-04 21:26:30.895: W/AlarmManager(937): Converted elapesd time is over 1 year! when = 315360113174
01-04 21:26:30.895: W/AlarmManager(937): Converted elapesd time is over 1 year! when = 315360113177
01-04 21:26:30.895: W/AlarmManager(937): Converted elapesd time is over 1 year! when = 315360113181
01-04 21:26:30.895: I/PackageManager(937):  setEnabledSetting(), pkgName=com.google.android.music, clsName=com.google.android.music.leanback.AutoCacheSchedulingService$ActionReceiver, state=2, flag=1, pid=24634, uid=10159, userID:0
01-04 21:26:30.895: W/AlarmManager(937): Converted elapesd time is over 1 year! when = 315360114931
01-04 21:26:30.905: I/MusicLeanback(24634): Conditions not met for autocaching.
01-04 21:26:30.905: I/MusicLeanback(24634): Stop autocaching.
01-04 21:26:30.905: D/WifiNative-wlan0(937): doString: SIGNAL_POLL
01-04 21:26:30.905: W/WifiHW(937): QCOM Debug wifi_send_command "IFNAME=wlan0 SIGNAL_POLL"
01-04 21:26:30.905: I/wpa_supplicant(19398): Recv Cmd 1: IFNAME=wlan0
01-04 21:26:30.905: E/wpa_supplicant(19398): send_and_recv error 0 - cmd 17
01-04 21:26:30.905: E/wpa_supplicant(19398): send_and_recv error 0 - cmd 5
01-04 21:26:30.905: D/wpa_supplicant(19398): nl80211: survey data missing!
01-04 21:26:30.905: E/wpa_supplicant(19398): send_and_recv error 0 - cmd 50
01-04 21:26:30.905: I/wpa_supplicant(19398): environment dirty rate=12 [32][4][0]
01-04 21:26:30.905: D/WifiNative-wlan0(937): doString: SIGNAL_POLL
01-04 21:26:30.905: W/WifiHW(937): QCOM Debug wifi_send_command "IFNAME=wlan0 SIGNAL_POLL"
01-04 21:26:30.905: I/wpa_supplicant(19398): Recv Cmd 1: IFNAME=wlan0
01-04 21:26:30.905: E/wpa_supplicant(19398): send_and_recv error 0 - cmd 17
01-04 21:26:30.905: E/wpa_supplicant(19398): send_and_recv error 0 - cmd 5
01-04 21:26:30.905: D/wpa_supplicant(19398): nl80211: survey data missing!
01-04 21:26:30.905: E/wpa_supplicant(19398): send_and_recv error 0 - cmd 50
01-04 21:26:30.905: I/wpa_supplicant(19398): environment dirty rate=0 [0][0][0]
01-04 21:26:30.905: D/PMS(937): releaseWL(42d785f0): PARTIAL_WAKE_LOCK  *net_scheduler* 0x1 WorkSource{10029 com.google.android.gms}
01-04 21:26:30.905: D/PMS(937): acquireWL(42c432c8): PARTIAL_WAKE_LOCK  *net_scheduler* 0x1 3897 10029 WorkSource{10029 com.google.android.gms}
01-04 21:26:30.905: D/PMS(937): releaseWL(42e6e290): PARTIAL_WAKE_LOCK  wake:com.google.android.music/.leanback.AutoCacheSchedulingService 0x1 null
01-04 21:26:30.905: D/ConnectivityService(937): getActiveNetworkInfo called by  (3897/10029)
01-04 21:26:30.905: I/ActivityManager(937): Resuming delayed broadcast
01-04 21:26:30.905: D/ConnectivityService(937): getActiveNetworkInfo called by  (3897/10029)
01-04 21:26:30.905: W/ContextImpl(25568): Calling a method in the system process without a qualified user: android.app.ContextImpl.startService:1727 android.content.ContextWrapper.startService:501 android.content.ContextWrapper.startService:501 com.android.settings.framework.app.HtcDndCommandReceiver.onReceive:34 android.app.ActivityThread.handleReceiver:2687 
01-04 21:26:30.915: E/eoq(3820): Failed to sync data with server for account: AAD7SPA5W6UXSMG5HNS2AITA2Y-00@cloudtestlabaccounts.com.
01-04 21:26:30.915: E/eoq(3820): dto: INVALID_SCOPE
01-04 21:26:30.915: E/eoq(3820): 	at dts.a(:com.google.android.gms:1529)
01-04 21:26:30.915: E/eoq(3820): 	at dtr.a(:com.google.android.gms:936)
01-04 21:26:30.915: E/eoq(3820): 	at dtr.e(:com.google.android.gms:533)
01-04 21:26:30.915: E/eoq(3820): 	at dtr.d(:com.google.android.gms:453)
01-04 21:26:30.915: E/eoq(3820): 	at dtp.b(:com.google.android.gms:560)
01-04 21:26:30.915: E/eoq(3820): 	at ivs.b(:com.google.android.gms:96)
01-04 21:26:30.915: E/eoq(3820): 	at iuj.b(:com.google.android.gms:103)
01-04 21:26:30.915: E/eoq(3820): 	at iuv.b(:com.google.android.gms:374)
01-04 21:26:30.915: E/eoq(3820): 	at iuv.a(:com.google.android.gms:344)
01-04 21:26:30.915: E/eoq(3820): 	at iuv.a(:com.google.android.gms:323)
01-04 21:26:30.915: E/eoq(3820): 	at eoq.a(:com.google.android.gms:4140)
01-04 21:26:30.915: E/eoq(3820): 	at eot.a(:com.google.android.gms:2326)
01-04 21:26:30.915: E/eoq(3820): 	at eot.a(:com.google.android.gms:190)
01-04 21:26:30.915: E/eoq(3820): 	at com.google.android.gms.auth.authzen.cryptauth.AccountChangeProcessingIntentOperation.onHandleIntent(:com.google.android.gms:40)
01-04 21:26:30.915: E/eoq(3820): 	at com.google.android.chimera.IntentOperation.onHandleIntent(:com.google.android.gms:118)
01-04 21:26:30.915: E/eoq(3820): 	at com.google.android.chimera.container.IntentOperationService$HandleActionTask$IntentHandler$IntentOperationRunner.run(:com.google.android.gms:1353)
01-04 21:26:30.915: E/eoq(3820): 	at btx.run(:com.google.android.gms:1090)
01-04 21:26:30.915: E/eoq(3820): 	at java.util.concurrent.ThreadPoolExecutor.runWorker(ThreadPoolExecutor.java:1112)
01-04 21:26:30.915: E/eoq(3820): 	at java.util.concurrent.ThreadPoolExecutor$Worker.run(ThreadPoolExecutor.java:587)
01-04 21:26:30.915: E/eoq(3820): 	at java.lang.Thread.run(Thread.java:864)
01-04 21:26:30.915: D/CacheService(24634): onDestroy
01-04 21:26:30.915: D/WifiNative-wlan0(937): doString: SIGNAL_POLL
01-04 21:26:30.915: W/WifiHW(937): QCOM Debug wifi_send_command "IFNAME=wlan0 SIGNAL_POLL"
01-04 21:26:30.915: I/wpa_supplicant(19398): Recv Cmd 1: IFNAME=wlan0
01-04 21:26:30.915: E/wpa_supplicant(19398): send_and_recv error 0 - cmd 17
01-04 21:26:30.915: E/wpa_supplicant(19398): send_and_recv error 0 - cmd 5
01-04 21:26:30.915: D/wpa_supplicant(19398): nl80211: survey data missing!
01-04 21:26:30.915: E/wpa_supplicant(19398): send_and_recv error 0 - cmd 50
01-04 21:26:30.915: I/wpa_supplicant(19398): environment dirty rate=0 [1][0][0]
01-04 21:26:30.915: I/ActivityManager(937): Delay finish: com.android.settings/.framework.app.HtcDndCommandReceiver
01-04 21:26:30.915: D/ConnectivityService(937): getActiveNetworkInfo called by  (3897/10029)
01-04 21:26:30.915: D/ConnectivityService(937): getActiveNetworkInfo called by  (3897/10029)
01-04 21:26:30.915: W/AlarmManager(937): Converted elapesd time is over 1 year! when = 315360016751
01-04 21:26:30.915: W/AlarmManager(937): Converted elapesd time is over 1 year! when = 315360016762
01-04 21:26:30.915: W/AlarmManager(937): Converted elapesd time is over 1 year! when = 315360017774
01-04 21:26:30.915: W/AlarmManager(937): Converted elapesd time is over 1 year! when = 315360113028
01-04 21:26:30.915: W/AlarmManager(937): Converted elapesd time is over 1 year! when = 315360113141
01-04 21:26:30.915: W/AlarmManager(937): Converted elapesd time is over 1 year! when = 315360113167
01-04 21:26:30.915: W/AlarmManager(937): Converted elapesd time is over 1 year! when = 315360113171
01-04 21:26:30.915: W/AlarmManager(937): Converted elapesd time is over 1 year! when = 315360113174
01-04 21:26:30.915: W/AlarmManager(937): Converted elapesd time is over 1 year! when = 315360113177
01-04 21:26:30.915: W/AlarmManager(937): Converted elapesd time is over 1 year! when = 315360113181
01-04 21:26:30.915: D/ConnectivityService(937): getActiveNetworkInfo called by  (3897/10029)
01-04 21:26:30.915: W/AlarmManager(937): Converted elapesd time is over 1 year! when = 315360114931
01-04 21:26:30.925: D/PMS(937): releaseWL(42c432c8): PARTIAL_WAKE_LOCK  *net_scheduler* 0x1 WorkSource{10029 com.google.android.gms}
01-04 21:26:30.925: W/ContentTaskController(3897): Invalid newTask was provided to startTracking.
01-04 21:26:30.925: D/Finsky(24260): [1] BaseWidgetProvider.onReceive: Received ACTION_APPWIDGET_UPDATE, updating 0 widgets.
01-04 21:26:30.925: D/PMS(937): releaseWL(435d1cf0): PARTIAL_WAKE_LOCK  GmsChimeraWakelockManager 0x1 WorkSource{10029 com.google.android.gms}
01-04 21:26:30.925: I/ActivityManager(937): Resuming delayed broadcast
01-04 21:26:30.935: D/Finsky(24260): [1] BaseWidgetProvider.onReceive: Received ACTION_APPWIDGET_UPDATE, updating 0 widgets.
01-04 21:26:30.935: D/Finsky(24260): [1] BaseWidgetProvider.onReceive: Received ACTION_APPWIDGET_UPDATE, updating 0 widgets.
01-04 21:26:30.935: D/Finsky(24260): [1] VerifyInstalledPackagesReceiver.checkPrerequisites: Skipping verification because verify apps is not enabled
01-04 21:26:30.935: D/ConnectivityService(937): getActiveNetworkInfo called by com.android.vending (24260/10073)
01-04 21:26:30.945: I/[PluginManager]RegisterService(1260): onHandleIntent, action: android.intent.action.PACKAGE_ADDED, data: package:com.google.android.music
