01-04 21:25:58.325: D/YouTube(23840): apps.youtube.common.e.j.b:26 Executed scheduled task of type com.google.android.apps.youtube.datalib.offline.o
01-04 21:25:58.325: D/ConnectivityService(937): getActiveNetworkInfo called by com.google.android.youtube (23840/10176)
01-04 21:25:58.335: D/YouTube(23840): apps.youtube.datalib.offline.o.a:55 Flushing offline queue.
01-04 21:25:58.335: D/YouTube(23840): apps.youtube.common.e.j.b:26 Executed scheduled task of type com.google.android.apps.youtube.datalib.offline.o
01-04 21:25:58.335: D/YouTube(23840): apps.youtube.datalib.offline.o.a:55 Flushing offline queue.
01-04 21:25:58.335: D/ConnectivityService(937): getActiveNetworkInfo called by com.google.android.youtube (23840/10176)
01-04 21:25:58.605: W/CpuWake(937): >>nativeReleaseCpuPerfWakeLock()
01-04 21:25:58.605: W/CpuWake(937): <<nativeReleaseCpuPerfWakeLock()
01-04 21:25:58.605: W/CpuWake(937): >>release mCpuPerf_cpu_count wakelock
01-04 21:25:58.605: W/CpuWake(937): <<release mCpuPerf_cpu_count wakelock
01-04 21:25:58.605: W/CpuWake(937): >>release mCpuPerf_Freq wakelock
01-04 21:25:58.605: W/CpuWake(937): <<release mCpuPerf_Freq wakelock
01-04 21:25:58.605: D/PMS(937): releaseHCC(43219e10): CPU_MIN_NUM ActivityManager-MultiCore-Num 0x400 null
01-04 21:25:58.605: E/MP-Decision(1561): Update arg 1
01-04 21:25:58.605: D/PMS(937): releaseHCC(433b1450): CPU_MIN_FREQ ActivityManager-MultiCore-Freq 0x100 null
01-04 21:25:59.225: D/ContactMessageStore(1274): MSG_NOTIFY_CS_TO_SYNC >>
01-04 21:25:59.225: D/ContactMessageStore(1274): MSG_NOTIFY_CS_TO_SYNC <<
01-04 21:25:59.955: D/WifiNative-wlan0(937): doString: SIGNAL_POLL
01-04 21:25:59.955: W/WifiHW(937): QCOM Debug wifi_send_command "IFNAME=wlan0 SIGNAL_POLL"
01-04 21:25:59.955: I/wpa_supplicant(19398): Recv Cmd 1: IFNAME=wlan0
01-04 21:25:59.975: E/wpa_supplicant(19398): send_and_recv error 0 - cmd 17
01-04 21:25:59.975: E/wpa_supplicant(19398): send_and_recv error 0 - cmd 5
01-04 21:25:59.975: D/wpa_supplicant(19398): nl80211: survey data missing!
01-04 21:25:59.975: E/wpa_supplicant(19398): send_and_recv error 0 - cmd 50
01-04 21:25:59.975: I/wpa_supplicant(19398): environment dirty rate=0 [0][0][0]
01-04 21:25:59.985: D/WifiStateMachine(937): fetchRssiAndLinkSpeedNative RSSI = -47 abnormalRssiCnt = 0 newLinkSpeed = 72
01-04 21:25:59.985: D/WifiStateMachine(937): fetchRssiAndLinkSpeedNative mLinkspeedCount = 2, mLinkspeedSum: 144
01-04 21:25:59.985: D/WifiNative-wlan0(937): doBoolean: SignalStrength 5
01-04 21:25:59.985: W/WifiHW(937): QCOM Debug wifi_send_command "IFNAME=wlan0 SignalStrength 5"
01-04 21:25:59.985: I/wpa_supplicant(19398): Recv Cmd 1: IFNAME=wlan0
01-04 21:25:59.985: D/wpa_supplicant(19398): WiFioffload: SignalStrength: =5
01-04 21:25:59.985: D/WifiNative-wlan0(937):    returned true
01-04 21:25:59.995: D/PMS(937): acquireWL(42edc358): PARTIAL_WAKE_LOCK  AlarmManager 0x1 937 1000 WorkSource{1000}
01-04 21:25:59.995: V/AlarmManager(937): sending alarm PendingIntent{42925d30: PendingIntentRecord{429254f8 android broadcastIntent}}, i=android.intent.action.TIME_TICK, t=3, cnt=1, w=18043534, Int=0
01-04 21:26:00.005: I/IntentController(1153): receive(android.intent.action.TIME_TICK,1,false)
01-04 21:26:00.005: D/PMS(937): releaseWL(42edc358): PARTIAL_WAKE_LOCK  AlarmManager 0x1 WorkSource{1000}
01-04 21:26:00.055: I/ClockThread(1153): now=1483593960061 next=59939
01-04 21:26:01.375: D/CustomizationManager(24154): ====startRecUseTime====
01-04 21:26:01.375: D/htc.customization.log.level(24154):  is 
01-04 21:26:01.375: W/CustomizationLogLevel(24154): Level value is invalid, use default level 2
01-04 21:26:01.525: D/CustomizationManager(24154):  Read ACC file spent 0,089 (s)
01-04 21:26:01.525: V/CustomizationCIDLoader(24154): full path : /system/customize/CID/default.xml
01-04 21:26:01.525: I/CustomizationCIDLoader(24154): Parsing tag category name = system
01-04 21:26:01.535: I/CustomizationCIDLoader(24154): Parsing tag category name = application
01-04 21:26:01.535: I/CustomizationCIDLoader(24154): Parsing tag category name = SettingsProvider
01-04 21:26:01.535: I/CustomizationCIDLoader(24154): Parsing tag category name = Settings
01-04 21:26:01.535: I/CustomizationCIDLoader(24154): Parsing tag category name = AutomotiveHome
01-04 21:26:01.535: I/CustomizationCIDLoader(24154): Parsing tag category name = AudioService
01-04 21:26:01.535: I/CustomizationCIDLoader(24154): Parsing tag category name = ACC
01-04 21:26:01.535: D/CustomizationManager(24154):  Read CID file spent 0,157 (s)
01-04 21:26:01.535: D/CustomizationManager(24154):  All configurations done spent 0,157 (s)
01-04 21:26:01.545: W/HtcNativeFlag(24154): Fail to get flag string for type 'customer', use default value
01-04 21:26:01.545: W/HtcNativeFlag(24154): Fail to get flag for type 'customer', use default value: -1
01-04 21:26:01.545: W/HtcNativeFlag(24154): Fail to get flag string for type 'language', use default value
01-04 21:26:01.545: W/HtcNativeFlag(24154): Fail to get flag for type 'language', use default value: -1
01-04 21:26:02.045: D/ContactMessageStore(1274): MSG_BIND_DIALER_SERVICE >>
01-04 21:26:02.045: E/ContactMessageStore(1274): bindDialerService
01-04 21:26:02.055: W/ContextImpl(1274): Implicit intents with startService are not safe: Intent { act=com.htc.dialer.DIALER_SERVICE } com.android.providers.telephony.ContactMessageStore.bindDialerService:2102 com.android.providers.telephony.ContactMessageStore$ContactWorkingHandler.handleMessage:1796 android.os.Handler.dispatchMessage:102 
01-04 21:26:02.065: E/ContactMessageStore(1274): bind DialerService fail !
01-04 21:26:02.065: D/ContactMessageStore(1274): MSG_BIND_DIALER_SERVICE <<
01-04 21:26:02.065: W/ActivityManager(937): Unable to start service Intent { act=com.htc.dialer.DIALER_SERVICE } U=0: not found
01-04 21:26:02.095: D/PMS(937): acquireWL(42f81fa8): PARTIAL_WAKE_LOCK  AlarmManager 0x1 937 1000 WorkSource{1000}
01-04 21:26:02.095: V/AlarmManager(937): sending alarm PendingIntent{43753f30: PendingIntentRecord{4341fcc8 android broadcastIntent}}, i=com.android.internal.wifi.data-stall, t=3, cnt=1, w=18045628, Int=0
01-04 21:26:02.135: D/WifiDataStallTracker(937): onReceive: action=com.android.internal.wifi.data-stall
01-04 21:26:02.135: D/WifiDataStallTracker(937): onActionIntentDataStallAlarm: action=com.android.internal.wifi.data-stall
01-04 21:26:02.145: D/WifiDataStallTracker(937): updateDataStallInfo: mDataStallTxRxSum={txSum=4761 rxSum=5077} preTxRxSum={txSum=4761 rxSum=5077}
01-04 21:26:02.145: D/WifiDataStallTracker(937): updateDataStallInfo: NONE
01-04 21:26:02.145: D/PMS(937): releaseWL(42f81fa8): PARTIAL_WAKE_LOCK  AlarmManager 0x1 WorkSource{1000}
01-04 21:26:02.155: D/WifiDataStallTracker(937): onDataStallAlarm: tag=16188 Sent 0 pkts since last received, < watchdogTrigger=5
01-04 21:26:02.155: D/WifiDataStallTracker(937): startDataStallAlarm: tag=16189 delay=5s
01-04 21:26:02.835: D/AutoSetting(4601): service - handleMessage() stop self
01-04 21:26:02.935: D/AutoSetting(4601): service - onDestroy() END
01-04 21:26:02.945: I/ActivityManager(937): Killing 3347:com.htc.cs.dm/u0a99 (adj 15): empty #17
01-04 21:26:02.945: D/Process(937): killProcessQuiet, pid=3347
01-04 21:26:02.945: D/Process(937): com.android.server.am.ActivityManagerService.killUnneededProcessLocked:7520 com.android.server.am.ActivityManagerService.updateOomAdjLocked:16983 com.android.server.am.ActivityManagerService.updateOomAdjLocked:16827 
01-04 21:26:02.995: D/AutoSetting(4601): service - handleMessage() quit looper
01-04 21:26:02.995: D/WifiNative-wlan0(937): doString: SIGNAL_POLL
01-04 21:26:02.995: I/ActivityManager(937): Recipient 3347
01-04 21:26:02.995: I/DisplayManagerService(937): stopWifiDisplayScanLocked(): mWifiDisplayScanRequested = false, mWifiDisplayScanRequestCount = 0
01-04 21:26:02.995: W/WifiHW(937): QCOM Debug wifi_send_command "IFNAME=wlan0 SIGNAL_POLL"
01-04 21:26:02.995: I/wpa_supplicant(19398): Recv Cmd 1: IFNAME=wlan0
01-04 21:26:03.005: E/wpa_supplicant(19398): send_and_recv error 0 - cmd 17
01-04 21:26:03.005: E/wpa_supplicant(19398): send_and_recv error 0 - cmd 5
01-04 21:26:03.005: D/wpa_supplicant(19398): nl80211: survey data missing!
01-04 21:26:03.005: E/wpa_supplicant(19398): send_and_recv error 0 - cmd 50
01-04 21:26:03.005: I/wpa_supplicant(19398): environment dirty rate=0 [1][0][0]
01-04 21:26:03.005: D/WifiStateMachine(937): fetchRssiAndLinkSpeedNative RSSI = -47 abnormalRssiCnt = 0 newLinkSpeed = 72
01-04 21:26:03.005: D/WifiStateMachine(937): fetchRssiAndLinkSpeedNative mLinkspeedCount = 3, mLinkspeedSum: 216
01-04 21:26:03.005: D/WifiNative-wlan0(937): doBoolean: SignalStrength 5
01-04 21:26:03.005: W/WifiHW(937): QCOM Debug wifi_send_command "IFNAME=wlan0 SignalStrength 5"
01-04 21:26:03.005: I/wpa_supplicant(19398): Recv Cmd 1: IFNAME=wlan0
01-04 21:26:03.005: D/wpa_supplicant(19398): WiFioffload: SignalStrength: =5
01-04 21:26:03.005: D/WifiNative-wlan0(937):    returned true
01-04 21:26:03.205: D/WIFI_ICON(1153): WifiActivity: 2
01-04 21:26:03.205: D/StatusBar.NetworkController(1153): dumpIcon[(gone) stat_sys_5signal_null|null stat_sys_wifi_signal_out_4 stat_sys_no_sim F]
01-04 21:26:03.235: D/CustomizationManager(24180): ====startRecUseTime====
01-04 21:26:03.235: D/htc.customization.log.level(24180):  is 
01-04 21:26:03.235: W/CustomizationLogLevel(24180): Level value is invalid, use default level 2
01-04 21:26:03.345: D/CustomizationManager(24180):  Read ACC file spent 0,073 (s)
01-04 21:26:03.345: V/CustomizationCIDLoader(24180): full path : /system/customize/CID/default.xml
01-04 21:26:03.345: I/CustomizationCIDLoader(24180): Parsing tag category name = system
01-04 21:26:03.355: I/CustomizationCIDLoader(24180): Parsing tag category name = application
01-04 21:26:03.355: I/CustomizationCIDLoader(24180): Parsing tag category name = SettingsProvider
01-04 21:26:03.355: I/CustomizationCIDLoader(24180): Parsing tag category name = Settings
01-04 21:26:03.355: I/CustomizationCIDLoader(24180): Parsing tag category name = AutomotiveHome
01-04 21:26:03.355: I/CustomizationCIDLoader(24180): Parsing tag category name = AudioService
01-04 21:26:03.355: I/CustomizationCIDLoader(24180): Parsing tag category name = ACC
01-04 21:26:03.355: D/CustomizationManager(24180):  Read CID file spent 0,118 (s)
01-04 21:26:03.355: D/CustomizationManager(24180):  All configurations done spent 0,118 (s)
01-04 21:26:03.355: W/HtcNativeFlag(24180): Fail to get flag string for type 'customer', use default value
01-04 21:26:03.355: W/HtcNativeFlag(24180): Fail to get flag for type 'customer', use default value: -1
01-04 21:26:03.355: W/HtcNativeFlag(24180): Fail to get flag string for type 'language', use default value
01-04 21:26:03.355: W/HtcNativeFlag(24180): Fail to get flag for type 'language', use default value: -1
01-04 21:26:03.415: D/PackageManager(937): installPackage , uri:file:, flags:64, installer:null, uid:2000, pid:24180, userId:UserHandle{-1}
01-04 21:26:03.425: I/ActivityManager(937): Start proc com.android.defcontainer for service com.android.defcontainer/.DefaultContainerService: pid=24215 uid=10019 gids={50019, 1028, 1015, 1023, 2001, 1035, 5001}
01-04 21:26:03.455: W/ActivityManager(937): No content provider found for permission revoke: file:
01-04 21:26:03.475: W/ActivityManager(937): No content provider found for permission revoke: file:
01-04 21:26:03.475: I/PackageManager(937): Copying native libraries to /data/app-lib/vmdl-1456635343
01-04 21:26:03.555: W/PackageManager(937): clear PackageParser.PARSE_CHATTY
01-04 21:26:03.585: I/PackageManager(937): Running dexopt on: com.rgaineswebdevelopment.cordovacontactstest
01-04 21:26:03.905: V/UPolicy(937): [Eng]canLogUserProfiling, TellHtc Ui Mode is: normal
01-04 21:26:03.925: I/HtcKeyguardAppUpdateMonitor(1153): ApplicationsIntentReceiver action:android.intent.action.PACKAGE_ADDED
01-04 21:26:03.925: I/HtcKeyguardAppUpdateMonitor(1153): ApplicationsIntentReceiver packageName:com.rgaineswebdevelopment.cordovacontactstest
01-04 21:26:03.925: I/HtcKeyguardAppUpdateMonitor(1153): ApplicationsIntentReceiver replacing:false
01-04 21:26:03.955: I/ActivityManager(937): Start proc com.google.android.partnersetup for broadcast com.google.android.partnersetup/.RlzPingBroadcastReceiver: pid=24229 uid=10032 gids={50032, 3003, 5012}
01-04 21:26:03.965: I/PackageManager(937):   Action: "android.intent.action.SENDTO"
01-04 21:26:03.965: I/PackageManager(937):   Category: "android.intent.category.DEFAULT"
01-04 21:26:03.965: I/PackageManager(937):   Scheme: "sms"
01-04 21:26:03.965: I/PackageManager(937): Adding preferred activity ComponentInfo{com.htc.sense.mms/com.htc.sense.mms.ui.PreHandleIntentActivity} for user 0, uid:1001, pid:1274 :
01-04 21:26:03.985: I/PackageManager(937):   Action: "android.intent.action.SENDTO"
01-04 21:26:03.985: I/PackageManager(937):   Category: "android.intent.category.DEFAULT"
01-04 21:26:03.985: I/PackageManager(937):   Scheme: "smsto"
01-04 21:26:03.985: I/PackageManager(937): Adding preferred activity ComponentInfo{com.htc.sense.mms/com.htc.sense.mms.ui.PreHandleIntentActivity} for user 0, uid:1001, pid:1274 :
01-04 21:26:04.015: I/PackageManager(937):   Action: "android.intent.action.SENDTO"
01-04 21:26:04.015: I/PackageManager(937):   Category: "android.intent.category.DEFAULT"
01-04 21:26:04.015: I/PackageManager(937):   Scheme: "mms"
01-04 21:26:04.015: I/Prism.ItemManager(1304): loadItemsIfNotLoaded() isDelayLoad: false, isLoaded: true, isToLoad: false
01-04 21:26:04.015: I/Prism.ItemManager(1304): loadItemsIfNotLoaded() isDelayLoad: true, isLoaded: false, isToLoad: false
01-04 21:26:04.015: I/PackageManager(937): Adding preferred activity ComponentInfo{com.htc.sense.mms/com.htc.sense.mms.ui.PreHandleIntentActivity} for user 0, uid:1001, pid:1274 :
01-04 21:26:04.025: I/Prism.ItemManager(23897): loadItemsIfNotLoaded() isDelayLoad: true, isLoaded: false, isToLoad: false
01-04 21:26:04.025: I/Prism.ItemManager(23897): loadItemsIfNotLoaded() isDelayLoad: true, isLoaded: false, isToLoad: false
01-04 21:26:04.025: I/InputMethodManagerService(937): [buildInputMethodListLocked] defaultImiId=com.htc.sense.ime/.HTCIMEService, resetDefaultEnabledIme=false
01-04 21:26:04.035: I/PackageManager(937):   Action: "android.intent.action.SENDTO"
01-04 21:26:04.035: I/PackageManager(937):   Category: "android.intent.category.DEFAULT"
01-04 21:26:04.035: I/PackageManager(937):   Scheme: "mmsto"
01-04 21:26:04.035: I/PackageManager(937): Adding preferred activity ComponentInfo{com.htc.sense.mms/com.htc.sense.mms.ui.PreHandleIntentActivity} for user 0, uid:1001, pid:1274 :
01-04 21:26:04.065: I/PackageManager(937):   Action: "android.intent.action.SENDTO"
01-04 21:26:04.065: I/PackageManager(937):   Category: "android.intent.category.DEFAULT"
01-04 21:26:04.065: I/PackageManager(937):   Scheme: "sms"
01-04 21:26:04.065: I/PackageManager(937): Adding preferred activity ComponentInfo{com.htc.sense.mms/com.htc.sense.mms.ui.PreHandleIntentActivity} for user 0, uid:1001, pid:1274 :
01-04 21:26:04.115: I/PackageManager(937):   Action: "android.intent.action.SENDTO"
01-04 21:26:04.115: I/PackageManager(937):   Category: "android.intent.category.DEFAULT"
01-04 21:26:04.115: I/PackageManager(937):   Scheme: "smsto"
01-04 21:26:04.115: I/PackageManager(937): Adding preferred activity ComponentInfo{com.htc.sense.mms/com.htc.sense.mms.ui.PreHandleIntentActivity} for user 0, uid:1001, pid:1274 :
01-04 21:26:04.135: I/PackageManager(937):   Action: "android.intent.action.SENDTO"
01-04 21:26:04.135: I/PackageManager(937):   Category: "android.intent.category.DEFAULT"
01-04 21:26:04.135: I/PackageManager(937):   Scheme: "mms"
01-04 21:26:04.135: I/PackageManager(937): Adding preferred activity ComponentInfo{com.htc.sense.mms/com.htc.sense.mms.ui.PreHandleIntentActivity} for user 0, uid:1001, pid:1274 :
01-04 21:26:04.155: I/PackageManager(937):   Action: "android.intent.action.SENDTO"
01-04 21:26:04.155: I/PackageManager(937):   Category: "android.intent.category.DEFAULT"
01-04 21:26:04.155: I/PackageManager(937):   Scheme: "mmsto"
01-04 21:26:04.155: I/PackageManager(937): Adding preferred activity ComponentInfo{com.htc.sense.mms/com.htc.sense.mms.ui.PreHandleIntentActivity} for user 0, uid:1001, pid:1274 :
01-04 21:26:04.165: D/PhoneApp(1274): -- PackageChangeBroadcastReceiver  action = android.intent.action.PACKAGE_ADDED
01-04 21:26:04.175: D/Process(937): killProcessQuiet, pid=23618
01-04 21:26:04.175: D/Process(937): com.android.server.am.ActivityManagerService.killUnneededProcessLocked:7520 com.android.server.am.ActivityManagerService.updateOomAdjLocked:16983 com.android.server.am.ActivityManagerService.updateOomAdjLocked:16827 
01-04 21:26:04.175: I/[PluginManager]RegisterService(1260): onHandleIntent, action: android.intent.action.PACKAGE_ADDED, data: package:com.rgaineswebdevelopment.cordovacontactstest
01-04 21:26:04.175: I/[PluginManager]RegisterService(1260): handle notify Blinkfeed plugin client changed
01-04 21:26:04.175: I/ActivityManager(937): Killing 23618:com.htc.android.mail/u0a63 (adj 15): empty #17
01-04 21:26:04.175: I/ActivityManager(937): Recipient 23618
01-04 21:26:04.175: I/DisplayManagerService(937): stopWifiDisplayScanLocked(): mWifiDisplayScanRequested = false, mWifiDisplayScanRequestCount = 0
01-04 21:26:04.195: I/ActivityManager(937): Start proc com.android.vending for broadcast com.android.vending/com.google.android.finsky.receivers.PackageMonitorReceiver$RegisteredReceiver: pid=24260 uid=10073 gids={50073, 3003, 5012, 1028, 1015}
01-04 21:26:04.245: I/PackageManager(937):  setEnabledSetting(), pkgName=com.android.vending, clsName=com.android.vending.AssetBrowserActivity, state=1, flag=1, pid=24260, uid=10073, userID:0
01-04 21:26:04.275: D/Finsky(24260): [1] FinskyApp.onCreate: Initializing network with DFE https://android.clients.google.com/fdfe/
01-04 21:26:04.275: D/ConnectivityService(937): getAllNetworkInfo called by com.android.vending (24260/10073)
01-04 21:26:04.285: D/ConnectivityService(937): getAllNetworkInfo called by com.android.vending (24260/10073)
01-04 21:26:04.315: D/RemoteDisplayProvider(937): Received package manager broadcast: Intent { act=android.intent.action.PACKAGE_ADDED dat=package: flg=0x4000010 (has extras) }
01-04 21:26:04.315: D/RemoteDisplayProvider(937): start
01-04 21:26:04.315: D/WIFI_ICON(1153): WifiActivity: 0
01-04 21:26:04.315: D/StatusBar.NetworkController(1153): dumpIcon[(gone) stat_sys_5signal_null|null stat_sys_wifi_signal_connected_4 stat_sys_no_sim F]
01-04 21:26:04.325: D/Finsky(24260): [1] DailyHygiene.goMakeHygieneIfDirty: No need to run daily hygiene.
01-04 21:26:04.325: W/Settings(24260): Setting download_manager_max_bytes_over_mobile has moved from android.provider.Settings.Secure to android.provider.Settings.Global.
01-04 21:26:04.325: W/Settings(24260): Setting download_manager_recommended_max_bytes_over_mobile has moved from android.provider.Settings.Secure to android.provider.Settings.Global.
01-04 21:26:04.335: W/Finsky(24260): [1] FinskyApp.getCurrentAccount: No account configured on this device.
01-04 21:26:04.335: W/Finsky(24260): [1] FinskyApp.getDfeApi: No account configured on this device.
01-04 21:26:04.335: I/PackageManager(937):  setEnabledSetting(), pkgName=com.android.vending, clsName=com.google.android.finsky.activities.DebugActivity, state=2, flag=1, pid=24260, uid=10073, userID:0
01-04 21:26:04.345: D/Process(937): killProcessQuiet, pid=23636
01-04 21:26:04.345: D/Process(937): com.android.server.am.ActivityManagerService.killUnneededProcessLocked:7520 com.android.server.am.ActivityManagerService.updateOomAdjLocked:16983 com.android.server.am.BroadcastQueue.processCurBroadcastLocked:231 
01-04 21:26:04.345: D/Prism.PackageStateRece_(1304): action: android.intent.action.PACKAGE_ADDED
01-04 21:26:04.345: I/ActivityManager(937): Killing 23636:com.htc.android.mail:sync/u0a63 (adj 15): empty #17
01-04 21:26:04.355: I/ActivityManager(937): Recipient 23636
01-04 21:26:04.355: I/InternalIcingCorporaPro(2177): Updating corpora: APPS=com.rgaineswebdevelopment.cordovacontactstest, CONTACTS=MAYBE
01-04 21:26:04.355: I/DisplayManagerService(937): stopWifiDisplayScanLocked(): mWifiDisplayScanRequested = false, mWifiDisplayScanRequestCount = 0
01-04 21:26:04.375: I/ActivityManager(937): Start proc com.htc.cs.dm for broadcast com.htc.cs.dm/.receiver.PackageUpdateReceiver: pid=24299 uid=10099 gids={50099, 3003, 5012}
01-04 21:26:04.385: D/Finsky(24260): [1] GmsCoreHelper.cleanupNlp: result=false type=4
01-04 21:26:04.395: D/Finsky(24260): [1] RestoreTracker.stopServiceIfDone: Restore complete with 0 success and 0 failed.
01-04 21:26:04.415: D/PMS(937): acquireWL(429109d0): PARTIAL_WAKE_LOCK  Icing 0x1 3841 10029 WorkSource{10084 com.google.android.googlequicksearchbox}
01-04 21:26:04.435: I/DeviceManagement(24299): DMApplication: !!! Hello, this is: [com.htc.cs.dm;2.1.784944;231300090] pid=24299 dbg=false s=true
01-04 21:26:04.435: I/DeviceManagement(24299): PackageUpdateReceiver: vvv Package added: [com.rgaineswebdevelopment.cordovacontactstest]
01-04 21:26:04.445: D/Process(937): killProcessQuiet, pid=23691
01-04 21:26:04.445: D/Process(937): com.android.server.am.ActivityManagerService.killUnneededProcessLocked:7520 com.android.server.am.ActivityManagerService.updateOomAdjLocked:16983 com.android.server.am.ActivityManagerService.trimApplications:17252 
01-04 21:26:04.445: I/ActivityManager(937): Start proc com.google.android.apps.docs for broadcast com.google.android.apps.docs/.receivers.AppPackageAddRemoveReceiver: pid=24314 uid=10101 gids={50101, 3003, 5012, 1028, 1015}
01-04 21:26:04.445: I/ActivityManager(937): Killing 23691:android.process.htcmessage/u0a112 (adj 15): empty #17
01-04 21:26:04.455: I/Icing(3841): Usage reports 0 indexed 0 rejected 0 imm upload true
01-04 21:26:04.465: I/InternalIcingCorporaPro(2177): UpdateCorporaTask done [took 103 ms] updated apps [took 103 ms] 
01-04 21:26:04.465: I/ActivityManager(937): Recipient 23691
01-04 21:26:04.465: I/DisplayManagerService(937): stopWifiDisplayScanLocked(): mWifiDisplayScanRequested = false, mWifiDisplayScanRequestCount = 0
01-04 21:26:04.685: D/CustomizationManager(24298): ====startRecUseTime====
01-04 21:26:04.685: D/htc.customization.log.level(24298):  is 
01-04 21:26:04.685: W/CustomizationLogLevel(24298): Level value is invalid, use default level 2
01-04 21:26:04.795: I/ActivityManager(937): Start proc com.htc.providers.settings:remote for broadcast com.htc.providers.settings/.HtcCupdReceiver: pid=24340 uid=10017 gids={50017, 3003, 5012, 1028, 1015, 1023, 5011}
01-04 21:26:04.795: D/ConnectivityService(937): getActiveNetworkInfo called by com.google.android.apps.docs (24314/10101)
01-04 21:26:04.805: W/GAV2(24314): Thread[main,5,main]: Need to call initialize() and be in fallback mode to start dispatch.
01-04 21:26:04.805: D/ConnectivityService(937): getActiveNetworkInfo called by com.google.android.apps.docs (24314/10101)
01-04 21:26:04.835: D/HtcCupdReceiver(Provider)(24340):  @@@@@ receive action=android.intent.action.PACKAGE_ADDED
01-04 21:26:04.835: I/ActivityManager(937): Delay finish: com.google.android.apps.plus/.service.PackagesMediaMonitor
01-04 21:26:04.835: D/PMS(937): acquireWL(42a89058): PARTIAL_WAKE_LOCK  AsyncService 0x1 2779 10166 null
01-04 21:26:04.835: D/PMS(937): releaseWL(42a89058): PARTIAL_WAKE_LOCK  AsyncService 0x1 null
01-04 21:26:04.835: I/ActivityManager(937): Resuming delayed broadcast
01-04 21:26:04.845: D/CustomizationManager(24298):  Read ACC file spent 0,114 (s)
01-04 21:26:04.845: V/CustomizationCIDLoader(24298): full path : /system/customize/CID/default.xml
01-04 21:26:04.855: I/CustomizationCIDLoader(24298): Parsing tag category name = system
01-04 21:26:04.855: I/CustomizationCIDLoader(24298): Parsing tag category name = application
01-04 21:26:04.855: I/CustomizationCIDLoader(24298): Parsing tag category name = SettingsProvider
01-04 21:26:04.855: I/CustomizationCIDLoader(24298): Parsing tag category name = Settings
01-04 21:26:04.855: I/CustomizationCIDLoader(24298): Parsing tag category name = AutomotiveHome
01-04 21:26:04.855: I/CustomizationCIDLoader(24298): Parsing tag category name = AudioService
01-04 21:26:04.855: I/CustomizationCIDLoader(24298): Parsing tag category name = ACC
01-04 21:26:04.855: D/CustomizationManager(24298):  Read CID file spent 0,171 (s)
01-04 21:26:04.855: D/CustomizationManager(24298):  All configurations done spent 0,171 (s)
01-04 21:26:04.855: W/HtcNativeFlag(24298): Fail to get flag string for type 'customer', use default value
01-04 21:26:04.855: W/HtcNativeFlag(24298): Fail to get flag for type 'customer', use default value: -1
01-04 21:26:04.855: W/HtcNativeFlag(24298): Fail to get flag string for type 'language', use default value
01-04 21:26:04.855: W/HtcNativeFlag(24298): Fail to get flag for type 'language', use default value: -1
01-04 21:26:04.865: D/Process(937): killProcessQuiet, pid=23730
01-04 21:26:04.865: D/Process(937): com.android.server.am.ActivityManagerService.killUnneededProcessLocked:7520 com.android.server.am.ActivityManagerService.updateOomAdjLocked:16983 com.android.server.am.BroadcastQueue.processCurBroadcastLocked:231 
01-04 21:26:04.865: I/ActivityManager(937): Killing 23730:com.htc.android.worldclock/u0a91 (adj 15): empty #17
01-04 21:26:04.875: I/ActivityManager(937): Delay finish: com.google.android.gms/.chimera.GmsIntentOperationService$PersistentTrustedReceiver
01-04 21:26:04.875: I/ActivityManager(937): Recipient 23730
01-04 21:26:04.875: I/DisplayManagerService(937): stopWifiDisplayScanLocked(): mWifiDisplayScanRequested = false, mWifiDisplayScanRequestCount = 0
01-04 21:26:04.915: I/PeopleContactsSync(3841): triggerPendingContactsCleanup: no accounts
01-04 21:26:04.915: I/PackageManager(937):  setEnabledSetting(), pkgName=com.google.android.gms, clsName=com.google.android.gms.people.pub.PeopleProfileActionGatewayActivity, state=2, flag=1, pid=3841, uid=10029, userID:0
01-04 21:26:04.935: I/Icing(3841): Usage reports 0 indexed 0 rejected 0 imm upload false
01-04 21:26:04.935: I/Icing(3841): Usage reports 0 indexed 0 rejected 0 imm upload false
01-04 21:26:05.555: I/Prism.ItemManager(1304): loadItemsIfNotLoaded() isDelayLoad: false, isLoaded: false, isToLoad: true
01-04 21:26:05.555: I/Prism.ItemManager(1304): loadItems() com.htc.launcher.pageview.WidgetManager@425a0ba0 +
01-04 21:26:05.555: I/Prism.WidgetManager(1304): onLoadItems() +
01-04 21:26:05.555: I/Prism.ItemManager(23897): loadItemsIfNotLoaded() isDelayLoad: false, isLoaded: false, isToLoad: true
01-04 21:26:05.555: I/Prism.ItemManager(23897): loadItems() com.htc.launcher.pageview.WidgetManager@42586e70 +
01-04 21:26:05.555: I/Prism.WidgetManager(23897): onLoadItems() +
01-04 21:26:05.555: I/Icing(3841): Indexing 0E05C75E62D3068E4FEF1D9CB3A4E2CE802F98CB from com.google.android.googlequicksearchbox
01-04 21:26:05.625: I/Icing(3841): Indexing done 0E05C75E62D3068E4FEF1D9CB3A4E2CE802F98CB
01-04 21:26:05.665: I/Prism.WidgetManager(1304): onLoadItems() -
01-04 21:26:05.665: I/Prism.ItemManager(1304): loadItems() com.htc.launcher.pageview.WidgetManager@425a0ba0 -
01-04 21:26:05.715: I/Prism.WidgetManager(23897): onLoadItems() -
01-04 21:26:05.715: I/Prism.ItemManager(23897): loadItems() com.htc.launcher.pageview.WidgetManager@42586e70 -
01-04 21:26:05.725: D/CustomizationManager(24391): ====startRecUseTime====
01-04 21:26:05.725: D/htc.customization.log.level(24391):  is 
01-04 21:26:05.725: W/CustomizationLogLevel(24391): Level value is invalid, use default level 2
01-04 21:26:05.825: D/CustomizationManager(24391):  Read ACC file spent 0,069 (s)
01-04 21:26:05.825: V/CustomizationCIDLoader(24391): full path : /system/customize/CID/default.xml
01-04 21:26:05.825: I/CustomizationCIDLoader(24391): Parsing tag category name = system
01-04 21:26:05.835: I/CustomizationCIDLoader(24391): Parsing tag category name = application
01-04 21:26:05.835: I/CustomizationCIDLoader(24391): Parsing tag category name = SettingsProvider
01-04 21:26:05.835: I/CustomizationCIDLoader(24391): Parsing tag category name = Settings
01-04 21:26:05.835: I/CustomizationCIDLoader(24391): Parsing tag category name = AutomotiveHome
01-04 21:26:05.835: I/CustomizationCIDLoader(24391): Parsing tag category name = AudioService
01-04 21:26:05.835: I/CustomizationCIDLoader(24391): Parsing tag category name = ACC
01-04 21:26:05.835: D/CustomizationManager(24391):  Read CID file spent 0,106 (s)
01-04 21:26:05.835: D/CustomizationManager(24391):  All configurations done spent 0,106 (s)
01-04 21:26:05.835: W/HtcNativeFlag(24391): Fail to get flag string for type 'customer', use default value
01-04 21:26:05.835: W/HtcNativeFlag(24391): Fail to get flag for type 'customer', use default value: -1
01-04 21:26:05.835: W/HtcNativeFlag(24391): Fail to get flag string for type 'language', use default value
01-04 21:26:05.835: W/HtcNativeFlag(24391): Fail to get flag for type 'language', use default value: -1
01-04 21:26:05.915: D/SystemBars.ServiceMonitor(1153): onChange selfChange=false uri=content://settings/secure
01-04 21:26:05.915: D/SystemBars.ServiceMonitor(1153): skipping no-op restart
01-04 21:26:05.915: D/HtcPowerSaver(937): Checking...
01-04 21:26:05.915: I/HtcPowerSaver(937): >> updateStatus
01-04 21:26:05.915: I/CertBlacklister(937): Certificate blacklist changed, updating...
01-04 21:26:05.925: I/CertBlacklister(937): Certificate blacklist changed, updating...
01-04 21:26:05.925: I/HtcPowerSaver(937): updateStatus (8000,100,-1,false,false,false,-1)
01-04 21:26:05.925: I/HtcPowerSaver(937): << updateStatus
01-04 21:26:05.925: D/HtcPowerSaver(937): Checking...
01-04 21:26:05.925: I/HtcPowerSaver(937): >> updateStatus
01-04 21:26:05.925: I/HtcPowerSaver(937): updateStatus (8000,100,-1,false,false,false,-1)
01-04 21:26:05.925: I/HtcPowerSaver(937): << updateStatus
01-04 21:26:05.925: D/HtcPowerSaver(937): Checking...
01-04 21:26:05.925: I/HtcPowerSaver(937): >> updateStatus
01-04 21:26:05.935: I/HtcPowerSaver(937): updateStatus (8000,100,-1,false,false,false,-1)
01-04 21:26:05.935: I/HtcPowerSaver(937): << updateStatus
01-04 21:26:05.935: I/CertBlacklister(937): Certificate blacklist updated
01-04 21:26:05.935: I/QuickSettingBrightness(1153): updateDemoFLOstate:false
01-04 21:26:05.935: I/QuickSettingAirplane(1153): updateDemoFLOstate:false
01-04 21:26:05.935: I/QuickSettingPowerSaver(1153): updateDemoFLOstate:false false
01-04 21:26:05.935: I/CertBlacklister(937): Certificate blacklist updated
01-04 21:26:05.945: I/QuickSettingPowerSaverEX(1153): updateDemoFLOstate:false false
01-04 21:26:05.945: W/InputMethodManagerService(937): Illegal subtype state: old subtype = null, new subtype = android.view.inputmethod.InputMethodSubtype@c506b221
01-04 21:26:05.945: W/AccessibilityManagerService(937): (content://settings/secure) - TouchExploration=false, DisplayMagnification=false
01-04 21:26:05.955: W/AccessibilityManagerService(937): (content://settings/secure) - TouchExploration=false, DisplayMagnification=false
01-04 21:26:05.955: W/AccessibilityManagerService(937): (content://settings/secure) - TouchExploration=false, DisplayMagnification=false
01-04 21:26:05.955: W/AccessibilityManagerService(937): (content://settings/secure) - TouchExploration=false, DisplayMagnification=false
01-04 21:26:05.955: W/AccessibilityManagerService(937): (content://settings/secure) - TouchExploration=false, DisplayMagnification=false
01-04 21:26:05.955: W/AccessibilityManagerService(937): (content://settings/secure) - TouchExploration=false, DisplayMagnification=false
01-04 21:26:05.955: D/PMS(937): acquireWL(42f99168): PARTIAL_WAKE_LOCK  Wakeful StateMachine: GeofencerStateMachine 0x1 3820 10029 WorkSource{10029 com.google.android.gms}
01-04 21:26:05.965: I/Icing(3841): Indexing 88831D3DD3CBE1F56466D15AA83C7D1CC4B9152B from com.google.android.gms
01-04 21:26:05.965: D/PMS(937): releaseWL(42f99168): PARTIAL_WAKE_LOCK  Wakeful StateMachine: GeofencerStateMachine 0x1 WorkSource{10029 com.google.android.gms}
01-04 21:26:05.995: D/LocationBlacklist(937): whitelist: []
01-04 21:26:05.995: D/LocationBlacklist(937): blacklist: []
01-04 21:26:06.015: D/WifiNative-wlan0(937): doString: SIGNAL_POLL
01-04 21:26:06.015: W/WifiHW(937): QCOM Debug wifi_send_command "IFNAME=wlan0 SIGNAL_POLL"
01-04 21:26:06.015: I/wpa_supplicant(19398): Recv Cmd 1: IFNAME=wlan0
01-04 21:26:06.025: E/wpa_supplicant(19398): send_and_recv error 0 - cmd 17
01-04 21:26:06.025: E/wpa_supplicant(19398): send_and_recv error 0 - cmd 5
01-04 21:26:06.025: D/wpa_supplicant(19398): nl80211: survey data missing!
01-04 21:26:06.025: E/wpa_supplicant(19398): send_and_recv error 0 - cmd 50
01-04 21:26:06.025: I/wpa_supplicant(19398): environment dirty rate=0 [0][0][0]
01-04 21:26:06.025: D/WifiStateMachine(937): fetchRssiAndLinkSpeedNative RSSI = -46 abnormalRssiCnt = 0 newLinkSpeed = 72
01-04 21:26:06.025: D/WifiStateMachine(937): fetchRssiAndLinkSpeedNative mLinkspeedCount = 4, mLinkspeedSum: 288
01-04 21:26:06.025: D/WifiNative-wlan0(937): doBoolean: SignalStrength 5
01-04 21:26:06.025: W/WifiHW(937): QCOM Debug wifi_send_command "IFNAME=wlan0 SignalStrength 5"
01-04 21:26:06.025: I/wpa_supplicant(19398): Recv Cmd 1: IFNAME=wlan0
01-04 21:26:06.025: D/wpa_supplicant(19398): WiFioffload: SignalStrength: =5
01-04 21:26:06.025: D/WifiNative-wlan0(937):    returned true
01-04 21:26:06.035: I/Icing(3841): Indexing done 88831D3DD3CBE1F56466D15AA83C7D1CC4B9152B
01-04 21:26:06.045: D/PMS(937): releaseWL(429109d0): PARTIAL_WAKE_LOCK  Icing 0x1 WorkSource{10029 com.google.android.gms}
01-04 21:26:06.045: I/ActivityManager(937): Resuming delayed broadcast
01-04 21:26:06.055: I/ActivityManager(937): Delay finish: com.google.android.gms/.gass.chimera.PackageChangeBroadcastReceiver
01-04 21:26:06.175: D/PhoneApp(1274): EVENT_QUERY_MO_PACKAGES
01-04 21:26:06.175: D/PhoneApp(1274): -- N1 =1
01-04 21:26:06.175: D/PhoneApp(1274): -- N2 =0
01-04 21:26:06.175: D/PhoneApp(1274): -- N3 =0
01-04 21:26:06.595: I/ActivityManager(937): Resuming delayed broadcast
01-04 21:26:06.615: I/ActivityManager(937): Delay finish: com.google.android.gms/.games.chimera.GamesSystemBroadcastReceiverProxy
01-04 21:26:07.145: I/ActivityManager(937): Resuming delayed broadcast
01-04 21:26:07.165: D/PMS(937): acquireWL(42ed9d78): PARTIAL_WAKE_LOCK  AlarmManager 0x1 937 1000 WorkSource{10053}
01-04 21:26:07.165: V/AlarmManager(937): sending alarm PendingIntent{42f94708: PendingIntentRecord{42da1fe8 com.google.android.gms broadcastIntent}}, i=com.google.android.location.ALARM_WAKEUP_LOCATOR, t=2, cnt=1, w=18050571, Int=0
01-04 21:26:07.165: V/AlarmManager(937): sending alarm PendingIntent{426cc658: PendingIntentRecord{4341fcc8 android broadcastIntent}}, i=com.android.internal.wifi.data-stall, t=3, cnt=1, w=18050694, Int=0
01-04 21:26:07.165: D/PMS(937): acquireWL(42ff1958): PARTIAL_WAKE_LOCK  NlpWakeLock 0x1 3820 10029 WorkSource{10053 com.htc.sense.hsp}
01-04 21:26:07.175: D/WifiStateMachine(937): startScan Pid: 3820 Uid 10029
01-04 21:26:07.175: D/WifiNative-wlan0(937): doBoolean: SCAN TYPE=ONLY
01-04 21:26:07.175: W/WifiHW(937): QCOM Debug wifi_send_command "IFNAME=wlan0 SCAN TYPE=ONLY"
01-04 21:26:07.175: I/wpa_supplicant(19398): Recv Cmd 1: IFNAME=wlan0
01-04 21:26:07.175: I/wpa_supplicant(19398): wpa_supplicant_scan enter
01-04 21:26:07.175: I/wpa_supplicant(19398): ap_scan=1 , scan_req =2
01-04 21:26:07.175: I/wpa_supplicant(19398): wpa_supplicant_trigger_scan +
01-04 21:26:07.175: E/wpa_supplicant(19398): send_and_recv error 0 - cmd 33
01-04 21:26:07.175: I/wpa_supplicant(19398): Scan req (ret=0) - timeout 30 secs
01-04 21:26:07.175: D/wpa_supplicant(19398): nl80211: Event message available
01-04 21:26:07.175: D/wpa_supplicant(19398): nl80211: Drv Event 33 (NL80211_CMD_TRIGGER_SCAN) received for wlan0
01-04 21:26:07.175: D/WifiNative-wlan0(937):    returned true
01-04 21:26:07.175: D/WifiDataStallTracker(937): onReceive: action=com.android.internal.wifi.data-stall
01-04 21:26:07.175: D/WifiDataStallTracker(937): onActionIntentDataStallAlarm: action=com.android.internal.wifi.data-stall
01-04 21:26:07.175: D/WifiDataStallTracker(937): updateDataStallInfo: mDataStallTxRxSum={txSum=4763 rxSum=5077} preTxRxSum={txSum=4761 rxSum=5077}
01-04 21:26:07.175: D/WifiDataStallTracker(937): updateDataStallInfo: OUT sent=2 mSentSinceLastRecv=2
01-04 21:26:07.175: D/WifiDataStallTracker(937): onDataStallAlarm: tag=16189 Sent 2 pkts since last received, < watchdogTrigger=5
01-04 21:26:07.175: D/WifiDataStallTracker(937): startDataStallAlarm: tag=16190 delay=5s
01-04 21:26:07.175: D/WifiService(937): acquireWifiLockLocked: WifiLock{NlpWifiLock type=2 binder=android.os.BinderProxy@431992e8}
01-04 21:26:07.175: D/BatSI(937): WIFI scan started for: 470a0220 uid:10053
01-04 21:26:07.175: D/PMS(937): releaseWL(42ed9d78): PARTIAL_WAKE_LOCK  AlarmManager 0x1 WorkSource{1000}
01-04 21:26:07.295: D/CustomizationManager(24455): ====startRecUseTime====
01-04 21:26:07.295: D/htc.customization.log.level(24455):  is 
01-04 21:26:07.295: W/CustomizationLogLevel(24455): Level value is invalid, use default level 2
01-04 21:26:07.415: D/CustomizationManager(24455):  Read ACC file spent 0,087 (s)
01-04 21:26:07.415: V/CustomizationCIDLoader(24455): full path : /system/customize/CID/default.xml
01-04 21:26:07.415: I/CustomizationCIDLoader(24455): Parsing tag category name = system
01-04 21:26:07.415: I/CustomizationCIDLoader(24455): Parsing tag category name = application
01-04 21:26:07.415: I/CustomizationCIDLoader(24455): Parsing tag category name = SettingsProvider
01-04 21:26:07.415: I/CustomizationCIDLoader(24455): Parsing tag category name = Settings
01-04 21:26:07.415: I/CustomizationCIDLoader(24455): Parsing tag category name = AutomotiveHome
01-04 21:26:07.415: I/CustomizationCIDLoader(24455): Parsing tag category name = AudioService
01-04 21:26:07.415: I/CustomizationCIDLoader(24455): Parsing tag category name = ACC
01-04 21:26:07.415: D/CustomizationManager(24455):  Read CID file spent 0,126 (s)
01-04 21:26:07.415: D/CustomizationManager(24455):  All configurations done spent 0,126 (s)
01-04 21:26:07.425: W/HtcNativeFlag(24455): Fail to get flag string for type 'customer', use default value
01-04 21:26:07.425: W/HtcNativeFlag(24455): Fail to get flag for type 'customer', use default value: -1
01-04 21:26:07.425: W/HtcNativeFlag(24455): Fail to get flag string for type 'language', use default value
01-04 21:26:07.425: W/HtcNativeFlag(24455): Fail to get flag for type 'language', use default value: -1
01-04 21:26:08.225: D/CustomizationManager(24481): ====startRecUseTime====
01-04 21:26:08.225: D/htc.customization.log.level(24481):  is 
01-04 21:26:08.225: W/CustomizationLogLevel(24481): Level value is invalid, use default level 2
01-04 21:26:08.355: D/CustomizationManager(24481):  Read ACC file spent 0,097 (s)
01-04 21:26:08.355: V/CustomizationCIDLoader(24481): full path : /system/customize/CID/default.xml
01-04 21:26:08.355: I/CustomizationCIDLoader(24481): Parsing tag category name = system
01-04 21:26:08.355: I/CustomizationCIDLoader(24481): Parsing tag category name = application
01-04 21:26:08.355: I/CustomizationCIDLoader(24481): Parsing tag category name = SettingsProvider
01-04 21:26:08.355: I/CustomizationCIDLoader(24481): Parsing tag category name = Settings
01-04 21:26:08.355: I/CustomizationCIDLoader(24481): Parsing tag category name = AutomotiveHome
01-04 21:26:08.355: I/CustomizationCIDLoader(24481): Parsing tag category name = AudioService
01-04 21:26:08.355: I/CustomizationCIDLoader(24481): Parsing tag category name = ACC
01-04 21:26:08.365: D/CustomizationManager(24481):  Read CID file spent 0,138 (s)
01-04 21:26:08.365: D/CustomizationManager(24481):  All configurations done spent 0,138 (s)
01-04 21:26:08.365: W/HtcNativeFlag(24481): Fail to get flag string for type 'customer', use default value
01-04 21:26:08.365: W/HtcNativeFlag(24481): Fail to get flag for type 'customer', use default value: -1
01-04 21:26:08.365: W/HtcNativeFlag(24481): Fail to get flag string for type 'language', use default value
01-04 21:26:08.365: W/HtcNativeFlag(24481): Fail to get flag for type 'language', use default value: -1
01-04 21:26:08.425: I/ActivityManager(937): Force stopping com.google.android.apps.mtaas.util appid=10009 user=0: start instr
01-04 21:26:08.435: I/ActivityManager(937): Start proc com.google.android.apps.mtaas.util for added application com.google.android.apps.mtaas.util: pid=24497 uid=10009 gids={50009, 1028, 1015, 3003, 5012}
01-04 21:26:08.465: D/DumpPackageStats(24497): Instrumentation completed successfully
01-04 21:26:08.695: D/Process(937): killProcessQuiet, pid=24497
01-04 21:26:08.695: D/Process(937): com.android.server.am.ActivityManagerService.killUnneededProcessLocked:7520 com.android.server.am.ActivityManagerService.removeProcessLocked:5292 com.android.server.am.ActivityManagerService.killPackageProcessesLocked:5100 
01-04 21:26:08.695: I/ActivityManager(937): Force stopping com.google.android.apps.mtaas.util appid=10009 user=0: finished inst
01-04 21:26:08.695: I/ActivityManager(937): Killing 24497:com.google.android.apps.mtaas.util/u0a9 (adj 0): stop com.google.android.apps.mtaas.util
01-04 21:26:08.705: I/DisplayManagerService(937): stopWifiDisplayScanLocked(): mWifiDisplayScanRequested = false, mWifiDisplayScanRequestCount = 0
01-04 21:26:08.775: W/GAV2(24314): Thread[main,5,main]: dispatch call queued.  Need to call GAServiceManager.getInstance().initialize().
01-04 21:26:08.775: D/Process(937): killProcessQuiet, pid=23744
01-04 21:26:08.775: D/Process(937): com.android.server.am.ActivityManagerService.killUnneededProcessLocked:7520 com.android.server.am.ActivityManagerService.updateOomAdjLocked:16983 com.android.server.am.ActivityManagerService.updateOomAdjLocked:16827 
01-04 21:26:08.775: I/ActivityManager(937): Killing 23744:com.google.android.gm/u0a106 (adj 15): empty #17
01-04 21:26:08.785: I/ActivityManager(937): Recipient 23744
01-04 21:26:08.785: I/DisplayManagerService(937): stopWifiDisplayScanLocked(): mWifiDisplayScanRequested = false, mWifiDisplayScanRequestCount = 0
01-04 21:26:09.025: D/WifiNative-wlan0(937): doString: SIGNAL_POLL
01-04 21:26:09.035: W/WifiHW(937): QCOM Debug wifi_send_command "IFNAME=wlan0 SIGNAL_POLL"
01-04 21:26:09.035: I/wpa_supplicant(19398): Recv Cmd 1: IFNAME=wlan0
01-04 21:26:09.315: E/wpa_supplicant(19398): send_and_recv error 0 - cmd 17
01-04 21:26:09.315: E/wpa_supplicant(19398): send_and_recv error 0 - cmd 5
01-04 21:26:09.315: D/wpa_supplicant(19398): nl80211: survey data missing!
01-04 21:26:09.315: E/wpa_supplicant(19398): send_and_recv error 0 - cmd 50
01-04 21:26:09.315: I/wpa_supplicant(19398): environment dirty rate=0 [0][0][0]
01-04 21:26:09.315: D/WifiStateMachine(937): fetchRssiAndLinkSpeedNative RSSI = -47 abnormalRssiCnt = 0 newLinkSpeed = 72
01-04 21:26:09.315: D/WifiStateMachine(937): fetchRssiAndLinkSpeedNative mLinkspeedCount = 5, mLinkspeedSum: 360
01-04 21:26:09.325: D/WifiNative-wlan0(937): doBoolean: SignalStrength 5
01-04 21:26:09.325: W/WifiHW(937): QCOM Debug wifi_send_command "IFNAME=wlan0 SignalStrength 5"
01-04 21:26:09.325: I/wpa_supplicant(19398): Recv Cmd 1: IFNAME=wlan0
01-04 21:26:09.325: D/wpa_supplicant(19398): WiFioffload: SignalStrength: =5
01-04 21:26:09.325: D/WifiNative-wlan0(937):    returned true
01-04 21:26:09.325: D/WifiStateMachine(937): [ScoreAP] + current TXpacket:1135, mTXpacketCount:1134, avgLinkspeed:72,mAvgTxRate72
01-04 21:26:09.325: D/WifiStateMachine(937): [ScoreAP] + TX packet didn't send enough number, don't update TX rate in DB
01-04 21:26:09.335: D/wpa_supplicant(19398): nl80211: Event message available
01-04 21:26:09.335: D/wpa_supplicant(19398): nl80211: Drv Event 34 (NL80211_CMD_NEW_SCAN_RESULTS) received for wlan0
01-04 21:26:09.335: I/wpa_supplicant(19398): Got an original EVENT_SCAN_RESULTS
01-04 21:26:09.335: D/wpa_supplicant(19398): nl80211: Associated on 5200 MHz
01-04 21:26:09.335: D/wpa_supplicant(19398): nl80211: Associated with e0:ac:f1:c4:a8:90
01-04 21:26:09.335: E/wpa_supplicant(19398): send_and_recv error 0 - cmd 32
01-04 21:26:09.335: D/wpa_supplicant(19398): nl80211: Received scan results (104 BSSes)
01-04 21:26:09.335: D/wpa_supplicant(19398): nl80211: Survey data missing
01-04 21:26:09.335: E/wpa_supplicant(19398): send_and_recv error 0 - cmd 50
01-04 21:26:09.335: D/wpa_supplicant(19398): nl80211: Scan results indicate BSS status with e0:ac:f1:c4:a8:90 as associated
01-04 21:26:09.345: D/wpa_supplicant(19398): Sorted scan results
01-04 21:26:09.345: I/wpa_supplicant(19398): [NULL] e0:ac:f1:c4:8d:d0 freq=5785 level=-21
01-04 21:26:09.345: I/wpa_supplicant(19398): [NULL] e0:ac:f1:c4:b1:10 freq=5805 level=-33
01-04 21:26:09.345: I/wpa_supplicant(19398): [NULL] e0:ac:f1:c4:a8:90 freq=5200 level=-47
01-04 21:26:09.345: I/wpa_supplicant(19398): [NULL] e0:ac:f1:c4:ac:b0 freq=5220 level=-48
01-04 21:26:09.345: I/wpa_supplicant(19398): [NULL] e0:ac:f1:c4:ab:70 freq=5180 level=-48
01-04 21:26:09.345: I/wpa_supplicant(19398): [NULL] e0:ac:f1:c3:28:71 freq=5785 level=-49
01-04 21:26:09.345: I/wpa_supplicant(19398): [NULL] e0:ac:f1:c3:28:70 freq=5785 level=-49
01-04 21:26:09.345: I/wpa_supplicant(19398): [NULL] e0:ac:f1:c4:d8:d0 freq=5825 level=-51
01-04 21:26:09.345: I/wpa_supplicant(19398): [NULL] e0:ac:f1:c4:88:30 freq=5805 level=-51
01-04 21:26:09.345: I/wpa_supplicant(19398): [NULL] e0:ac:f1:c4:88:31 freq=5805 level=-52
01-04 21:26:09.345: I/wpa_supplicant(19398): [NULL] e0:ac:f1:c4:e5:50 freq=5745 level=-52
01-04 21:26:09.345: I/wpa_supplicant(19398): [NULL] 94:b4:0f:fc:eb:50 freq=5825 level=-55
01-04 21:26:09.345: I/wpa_supplicant(19398): [NULL] e0:ac:f1:c4:89:d0 freq=5825 level=-55
01-04 21:26:09.345: I/wpa_supplicant(19398): [NULL] e0:ac:f1:c2:fc:d0 freq=5765 level=-57
01-04 21:26:09.345: I/wpa_supplicant(19398): [NULL] e0:ac:f1:c4:d5:30 freq=5180 level=-57
01-04 21:26:09.345: I/wpa_supplicant(19398): [NULL] e0:ac:f1:c4:a9:90 freq=5765 level=-57
01-04 21:26:09.345: I/wpa_supplicant(19398): [NULL] e0:ac:f1:c4:ab:b0 freq=5745 level=-58
01-04 21:26:09.345: I/wpa_supplicant(19398): [NULL] e0:ac:f1:c4:ac:31 freq=5765 level=-58
01-04 21:26:09.345: I/wpa_supplicant(19398): [NULL] 94:b4:0f:fc:e9:90 freq=5785 level=-58
01-04 21:26:09.345: I/wpa_supplicant(19398): [NULL] e0:ac:f1:c4:ac:30 freq=5765 level=-58
01-04 21:26:09.345: I/wpa_supplicant(19398): [NULL] e0:ac:f1:c4:d2:b0 freq=5200 level=-60
01-04 21:26:09.345: I/wpa_supplicant(19398): [NULL] e0:ac:f1:c4:e2:90 freq=5180 level=-62
01-04 21:26:09.345: I/wpa_supplicant(19398): [NULL] e0:ac:f1:c4:d9:b1 freq=5785 level=-63
01-04 21:26:09.345: I/wpa_supplicant(19398): [NULL] e0:ac:f1:c4:d9:b0 freq=5785 level=-63
01-04 21:26:09.345: I/wpa_supplicant(19398): [NULL] e0:ac:f1:c4:ae:90 freq=5200 level=-65
01-04 21:26:09.345: I/wpa_supplicant(19398): [NULL] e0:ac:f1:c2:e2:d0 freq=5765 level=-65
01-04 21:26:09.345: I/wpa_supplicant(19398): [NULL] e0:ac:f1:c3:29:70 freq=5805 level=-66
01-04 21:26:09.345: I/wpa_supplicant(19398): [NULL] e0:ac:f1:c2:e4:10 freq=5785 level=-66
01-04 21:26:09.345: I/wpa_supplicant(19398): [NULL] e0:ac:f1:c4:d7:b0 freq=5240 level=-66
01-04 21:26:09.345: I/wpa_supplicant(19398): [NULL] e0:ac:f1:c4:aa:90 freq=5220 level=-66
01-04 21:26:09.345: I/wpa_supplicant(19398): [NULL] e0:ac:f1:c4:b0:d0 freq=5220 level=-66
01-04 21:26:09.345: I/wpa_supplicant(19398): [NULL] e0:ac:f1:c4:ac:a0 freq=2462 level=-42
01-04 21:26:09.345: I/wpa_supplicant(19398): [NULL] e0:ac:f1:c4:a6:80 freq=2427 level=-45
01-04 21:26:09.345: I/wpa_supplicant(19398): [NULL] e0:ac:f1:c4:ab:60 freq=2437 level=-48
01-04 21:26:09.345: I/wpa_supplicant(19398): [NULL] e0:ac:f1:c4:d5:20 freq=2452 level=-52
01-04 21:26:09.345: I/wpa_supplicant(19398): [NULL] e0:ac:f1:c4:aa:80 freq=2462 level=-55
01-04 21:26:09.345: I/wpa_supplicant(19398): [NULL] e0:ac:f1:c4:89:60 freq=2422 level=-56
01-04 21:26:09.345: I/wpa_supplicant(19398): [NULL] e0:ac:f1:c3:33:e0 freq=2412 level=-57
01-04 21:26:09.345: I/wpa_supplicant(19398): [NULL] e0:ac:f1:c4:e7:c0 freq=2432 level=-59
01-04 21:26:09.345: I/wpa_supplicant(19398): [NULL] e0:ac:f1:c3:0a:40 freq=2462 level=-64
01-04 21:26:09.345: I/wpa_supplicant(19398): [NULL] e0:ac:f1:c4:e7:d1 freq=5180 level=-68
01-04 21:26:09.345: I/wpa_supplicant(19398): [NULL] e0:ac:f1:c2:e4:30 freq=5825 level=-68
01-04 21:26:09.345: I/wpa_supplicant(19398): [NULL] e0:ac:f1:c4:e7:d0 freq=5180 level=-68
01-04 21:26:09.345: I/wpa_supplicant(19398): [NULL] e0:ac:f1:c3:0f:f0 freq=5805 level=-68
01-04 21:26:09.345: I/wpa_supplicant(19398): [NULL] e0:ac:f1:c2:fa:d1 freq=5200 level=-69
01-04 21:26:09.345: I/wpa_supplicant(19398): [NULL] e0:ac:f1:c3:05:d0 freq=5180 level=-69
01-04 21:26:09.345: I/wpa_supplicant(19398): [NULL] e0:ac:f1:c4:ad:f1 freq=5220 level=-69
01-04 21:26:09.345: I/wpa_supplicant(19398): [NULL] e0:ac:f1:c3:2a:90 freq=5745 level=-69
01-04 21:26:09.345: I/wpa_supplicant(19398): [NULL] e0:ac:f1:c4:ad:f0 freq=5220 level=-69
01-04 21:26:09.345: I/wpa_supplicant(19398): [NULL] e0:ac:f1:c3:05:d1 freq=5180 level=-69
01-04 21:26:09.345: I/wpa_supplicant(19398): [NULL] e0:ac:f1:c3:2a:91 freq=5745 level=-69
01-04 21:26:09.345: I/wpa_supplicant(19398): [NULL] e0:ac:f1:c2:fa:d0 freq=5200 level=-70
01-04 21:26:09.345: I/wpa_supplicant(19398): [NULL] 18:9c:5d:3b:38:f0 freq=5240 level=-70
01-04 21:26:09.345: I/wpa_supplicant(19398): [NULL] 88:90:8d:3d:db:a0 freq=5825 level=-70
01-04 21:26:09.345: I/wpa_supplicant(19398): [NULL] e0:ac:f1:c2:e2:90 freq=5825 level=-70
01-04 21:26:09.345: I/wpa_supplicant(19398): [NULL] 70:3a:0e:34:fa:70 freq=5825 level=-70
01-04 21:26:09.345: I/wpa_supplicant(19398): [NULL] e0:ac:f1:c2:e4:f0 freq=5805 level=-70
01-04 21:26:09.345: I/wpa_supplicant(19398): [NULL] e0:ac:f1:c3:32:10 freq=5200 level=-70
01-04 21:26:09.345: I/wpa_supplicant(19398): [NULL] e0:ac:f1:c2:e2:91 freq=5825 level=-70
01-04 21:26:09.345: I/wpa_supplicant(19398): [NULL] e0:ac:f1:c3:09:f1 freq=5785 level=-71
